homogeneous_background       ok      0.0s
tensor_S_on_homogeneous      ok      0.2s
tidal_chi5_identity          ok      0.1s
stability_and_uniqueness     ok      0.1s
ellipticity                  ok      0.0s
wavelength_limits            ok     21.2s
anisotropy_and_axis          ok      0.6s
geometry                     ok      0.2s
attractor                    ok      0.1s
tidal_gate_history           ok      0.3s
depth_gate_cosmological      ok      0.1s
tensor_second_order          ok      1.5s
growth_table                 ok      4.5s
momentum_in_box              ok    600.8s
S_formfactor_measured        ok      1.3s
integrator_validation        ok      0.0s
anisotropy_numerical         ok      9.1s
gate_derivative              ok      0.0s
responsiveness               ok      1.8s
wrote formation_results.json 641.7 s
