  loaded 1671 radial points, 240 galaxies
  median projection factor sigma_LOS/sigma_z = 1.0838  (range 1.000-1.125)

  T1_all_above_70:  42 galaxies, 235 radial points, median 6 per galaxy
    log10 Sigma_b range     1.74 to 3.60   sd 0.343 dex
    d log sigma_z,0/d log Sigma_b = +0.0162   (Newton + fixed Upsilon + Bershady needs +0.4311)
    d log R_d       /d log Sigma_b = -0.3212  -> d log h_z/d log Sigma_b = -0.2066
    => d log10 B_z / d log10 Sigma_b = -0.8299   bootstrap 68% [-1.035,-0.685]   P(>=0) = 0.0000
       DiskMass, same statistic:  -0.346, P(>=0) = 0.0095
    median sigma_LOS in this tier = 101.4 km/s   (MaNGA instrumental floor ~70; DiskMass sample median 24-45)
    WITHIN-galaxy: h_sigma/R_d = 2.810   68% [1.750,6.210]   n = 40
       naive Newton (h_z const, Sigma ~ exp(-R/R_d)) = 2.000.
       NOT like-for-like: the DiskMass forward chain, on ITS
       galaxies, gives 2.499 (Newton) and 2.896 (RAR) because of
       the gas layer, the thickness factor and the leakage term.
       MaNGA has no matched chain and, with a 68% range this wide,
       no power to separate 2.50 from 2.90 in any case.
    shared-denominator bound: e(logM*)=0.10, e(logR_d)=0.043 -> var(eps_x)=0.0174, bias = -0.1475
    shared-denominator bound: e(logM*)=0.20, e(logR_d)=0.087 -> var(eps_x)=0.0703, bias = -0.5959

  T2_points_above_70:  74 galaxies, 385 radial points, median 5 per galaxy
    log10 Sigma_b range     1.74 to 3.60   sd 0.335 dex
    d log sigma_z,0/d log Sigma_b = +0.0707   (Newton + fixed Upsilon + Bershady needs +0.4206)
    d log R_d       /d log Sigma_b = -0.3702  -> d log h_z/d log Sigma_b = -0.2381
    => d log10 B_z / d log10 Sigma_b = -0.6999   bootstrap 68% [-0.806,-0.604]   P(>=0) = 0.0000
       DiskMass, same statistic:  -0.346, P(>=0) = 0.0095
    median sigma_LOS in this tier = 95.9 km/s   (MaNGA instrumental floor ~70; DiskMass sample median 24-45)
    WITHIN-galaxy: h_sigma/R_d = 2.785   68% [1.778,5.622]   n = 70
       naive Newton (h_z const, Sigma ~ exp(-R/R_d)) = 2.000.
       NOT like-for-like: the DiskMass forward chain, on ITS
       galaxies, gives 2.499 (Newton) and 2.896 (RAR) because of
       the gas layer, the thickness factor and the leakage term.
       MaNGA has no matched chain and, with a 68% range this wide,
       no power to separate 2.50 from 2.90 in any case.
    shared-denominator bound: e(logM*)=0.10, e(logR_d)=0.043 -> var(eps_x)=0.0174, bias = -0.1546
    shared-denominator bound: e(logM*)=0.20, e(logR_d)=0.087 -> var(eps_x)=0.0703, bias = -0.6244

  T3_all_above_50:  139 galaxies, 791 radial points, median 6 per galaxy
    log10 Sigma_b range     1.74 to 3.60   sd 0.293 dex
    d log sigma_z,0/d log Sigma_b = +0.0545   (Newton + fixed Upsilon + Bershady needs +0.4138)
    d log R_d       /d log Sigma_b = -0.4023  -> d log h_z/d log Sigma_b = -0.2587
    => d log10 B_z / d log10 Sigma_b = -0.7186   bootstrap 68% [-0.806,-0.632]   P(>=0) = 0.0000
       DiskMass, same statistic:  -0.346, P(>=0) = 0.0095
    median sigma_LOS in this tier = 77.2 km/s   (MaNGA instrumental floor ~70; DiskMass sample median 24-45)
    WITHIN-galaxy: h_sigma/R_d = 2.805   68% [1.502,6.289]   n = 133
       naive Newton (h_z const, Sigma ~ exp(-R/R_d)) = 2.000.
       NOT like-for-like: the DiskMass forward chain, on ITS
       galaxies, gives 2.499 (Newton) and 2.896 (RAR) because of
       the gas layer, the thickness factor and the leakage term.
       MaNGA has no matched chain and, with a 68% range this wide,
       no power to separate 2.50 from 2.90 in any case.
    shared-denominator bound: e(logM*)=0.10, e(logR_d)=0.043 -> var(eps_x)=0.0174, bias = -0.2023
    shared-denominator bound: e(logM*)=0.20, e(logR_d)=0.087 -> var(eps_x)=0.0703, bias = -0.8170

  T4_all_above_90:  14 galaxies, 78 radial points, median 6 per galaxy
    log10 Sigma_b range     2.14 to 3.40   sd 0.331 dex
    d log sigma_z,0/d log Sigma_b = +0.0374   (Newton + fixed Upsilon + Bershady needs +0.4159)
    d log R_d       /d log Sigma_b = -0.3922  -> d log h_z/d log Sigma_b = -0.2522
    => d log10 B_z / d log10 Sigma_b = -0.7570   bootstrap 68% [-0.878,-0.647]   P(>=0) = 0.0000
       DiskMass, same statistic:  -0.346, P(>=0) = 0.0095
    median sigma_LOS in this tier = 141.4 km/s   (MaNGA instrumental floor ~70; DiskMass sample median 24-45)
    WITHIN-galaxy: h_sigma/R_d = 3.973   68% [2.641,6.046]   n = 14
       naive Newton (h_z const, Sigma ~ exp(-R/R_d)) = 2.000.
       NOT like-for-like: the DiskMass forward chain, on ITS
       galaxies, gives 2.499 (Newton) and 2.896 (RAR) because of
       the gas layer, the thickness factor and the leakage term.
       MaNGA has no matched chain and, with a 68% range this wide,
       no power to separate 2.50 from 2.90 in any case.
    shared-denominator bound: e(logM*)=0.10, e(logR_d)=0.043 -> var(eps_x)=0.0174, bias = -0.1591
    shared-denominator bound: e(logM*)=0.20, e(logR_d)=0.087 -> var(eps_x)=0.0703, bias = -0.6429

  T5_all_above_110:  8 galaxies, 41 radial points, median 5 per galaxy
    log10 Sigma_b range     2.14 to 3.34   sd 0.339 dex
    d log sigma_z,0/d log Sigma_b = +0.0556   (Newton + fixed Upsilon + Bershady needs +0.3990)
    d log R_d       /d log Sigma_b = -0.4710  -> d log h_z/d log Sigma_b = -0.3028
    => d log10 B_z / d log10 Sigma_b = -0.6869   bootstrap 68% [-1.143,-0.564]   P(>=0) = 0.0003
       DiskMass, same statistic:  -0.346, P(>=0) = 0.0095
    median sigma_LOS in this tier = 153.9 km/s   (MaNGA instrumental floor ~70; DiskMass sample median 24-45)
    WITHIN-galaxy: h_sigma/R_d = 5.701   68% [3.022,6.939]   n = 8
       naive Newton (h_z const, Sigma ~ exp(-R/R_d)) = 2.000.
       NOT like-for-like: the DiskMass forward chain, on ITS
       galaxies, gives 2.499 (Newton) and 2.896 (RAR) because of
       the gas layer, the thickness factor and the leakage term.
       MaNGA has no matched chain and, with a 68% range this wide,
       no power to separate 2.50 from 2.90 in any case.
    shared-denominator bound: e(logM*)=0.10, e(logR_d)=0.043 -> var(eps_x)=0.0174, bias = -0.1515
    shared-denominator bound: e(logM*)=0.20, e(logR_d)=0.087 -> var(eps_x)=0.0703, bias = -0.6121

  wrote manga_check.json
