
==============================================================================
c71 derangement p-values, recomputed under each mode
==============================================================================
   clamp       within 0.1689 (p 0.7083)   median-ratio 0.0683 (p 0.0643)
   drop        within 0.1327 (p 0.7340)   median-ratio 0.0504 (p 0.0717)
   loglinear   within 0.1599 (p 0.7243)   median-ratio 0.0692 (p 0.0487)

==============================================================================
c70 shuffled-temperature null, recomputed under each mode
==============================================================================
   clamp       within-rho median +0.6426   null fraction >= observed 0.3565
   drop        within-rho median +0.5533   null fraction >= observed 0.5610
   loglinear   within-rho median +0.6477   null fraction >= observed 0.3190

==============================================================================
Honest reach: R200 and the a0 crossing
==============================================================================
   clamp       within-cluster slope (measured-T points only) -0.3755 +- 0.1535
               excess at the last MEASURED T radius 1.493
               extrapolated to R200 = 1.52 R500 1.216 [0.926, 1.542]  (0.220 dex beyond the data); 3/12 below 1.0
               excess reaches 1.0 at r/R500 = 2.49 [1.36, 6.89]  (0.44 dex beyond measured T)
               g_bar = a0 directly measured in 0/12 clusters
   drop        within-cluster slope (measured-T points only) -0.3755 +- 0.1535
               excess at the last MEASURED T radius 1.493
               extrapolated to R200 = 1.52 R500 1.216 [0.926, 1.542]  (0.220 dex beyond the data); 3/12 below 1.0
               excess reaches 1.0 at r/R500 = 2.49 [1.36, 6.89]  (0.44 dex beyond measured T)
               g_bar = a0 directly measured in 0/12 clusters
   loglinear   within-cluster slope (measured-T points only) -0.3730 +- 0.1541
               excess at the last MEASURED T radius 1.497
               extrapolated to R200 = 1.52 R500 1.223 [0.928, 1.553]  (0.220 dex beyond the data); 3/12 below 1.0
               excess reaches 1.0 at r/R500 = 2.52 [1.36, 7.20]  (0.45 dex beyond measured T)
               g_bar = a0 directly measured in 0/12 clusters

==============================================================================
VERDICT TABLE -- does the conclusion change, not just the digit?
==============================================================================
   quantity                                         clamp        drop   verdict changes
   ------------------------------------------------------------------------------------
   rho_T = Spearman(kT, excess), n=12              0.6154      0.3287               YES
   p_T (permutation)                              0.03744       0.297               YES
   c70 d ln(excess)/d ln(kT)                       0.5165      0.2923                no
   c70 within-cluster rho median (= power A)       0.6426      0.5533                no
   c71 within-cluster scatter (= power B)          0.1689      0.1327                no
   c71 median-ratio scatter (= power C)           0.06825     0.05044                no
   kappa (pressure amplitude)                   1.563e+05   1.892e+05               YES
   within-cluster radial slope                    -0.4817     -0.4499                no
   Spearman(r/R500, RAR residual)                 -0.7871      -0.731                no
   ------------------------------------------------------------------------------------
   3 of 9 recorded verdicts change when the clamped 15.8% is dropped

==============================================================================
The bench's own baseline score, by extrapolation policy
==============================================================================
   clamp       clash=0.5004  solar=0.0000  sparc=0.0937  xcop=0.3894   (n_xcop=588)
   drop        clash=0.5004  solar=0.0000  sparc=0.0937  xcop=0.4219   (n_xcop=495)
   loglinear   clash=0.5004  solar=0.0000  sparc=0.0937  xcop=0.3859   (n_xcop=588)

   results.json updated
