dictionary: 451 positive-mass components in 88s
incl0|between|any_orientation                 mimic: positive 0.343  any-sign 0.999  (added halo mass 3.44e+16 Msun, perp frac 0.53, offset frac 0.46); Q target -4.02e-03 mimic -2.09e-03; DQ -4.02e-03 / +9.56e-03; budget: 0.03:0.01 0.1:0.02 0.3:0.04 1.0:0.10 3.0:0.20 10.0:0.29 100.0:0.34
incl0|between|cdm_prior_aligned               mimic: positive 0.077  any-sign 0.998  (added halo mass 8.49e+14 Msun, perp frac 0.00, offset frac 0.86); Q target -4.02e-03 mimic -3.15e-04; DQ -4.02e-03 / -1.83e-03; budget: 0.03:0.01 0.1:0.01 0.3:0.04 1.0:0.07 3.0:0.08 10.0:0.08 100.0:0.08
incl0|between+behind|any_orientation          mimic: positive 0.296  any-sign 0.997  (added halo mass 1.31e+16 Msun, perp frac 0.43, offset frac 0.64); Q target -4.02e-03 mimic -1.92e-03; DQ -4.02e-03 / -1.97e-03; budget: 0.03:0.01 0.1:0.02 0.3:0.04 1.0:0.08 3.0:0.15 10.0:0.26 100.0:0.30
incl0|between+behind|cdm_prior_aligned        mimic: positive 0.024  any-sign 0.995  (added halo mass 1.89e+14 Msun, perp frac 0.00, offset frac 0.49); Q target -4.02e-03 mimic +1.51e-04; DQ -4.02e-03 / +1.27e-04; budget: 0.03:0.01 0.1:0.02 0.3:0.02 1.0:0.02 3.0:0.02 10.0:0.02 100.0:0.02
incl0|wide|any_orientation                    mimic: positive 0.283  any-sign 0.997  (added halo mass 9.70e+15 Msun, perp frac 0.45, offset frac 0.60); Q target -4.02e-03 mimic -1.88e-03; DQ -4.02e-03 / -1.90e-03; budget: 0.03:0.01 0.1:0.02 0.3:0.04 1.0:0.08 3.0:0.18 10.0:0.27 100.0:0.28
incl0|wide|cdm_prior_aligned                  mimic: positive 0.023  any-sign 0.994  (added halo mass 1.82e+14 Msun, perp frac 0.00, offset frac 0.47); Q target -4.02e-03 mimic +1.42e-04; DQ -4.02e-03 / +1.22e-04; budget: 0.03:0.01 0.1:0.02 0.3:0.02 1.0:0.02 3.0:0.02 10.0:0.02 100.0:0.02
incl30|between|any_orientation                mimic: positive 0.451  any-sign 1.000  (added halo mass 4.38e+16 Msun, perp frac 0.51, offset frac 0.73); Q target -4.92e-03 mimic -3.16e-03; DQ -4.86e-03 / +9.67e-03; budget: 0.03:0.01 0.1:0.03 0.3:0.07 1.0:0.12 3.0:0.25 10.0:0.40 100.0:0.45
incl30|between|cdm_prior_aligned              mimic: positive 0.109  any-sign 0.998  (added halo mass 1.04e+15 Msun, perp frac 0.00, offset frac 0.72); Q target -4.92e-03 mimic -6.15e-04; DQ -4.86e-03 / -3.21e-03; budget: 0.03:0.01 0.1:0.02 0.3:0.04 1.0:0.10 3.0:0.11 10.0:0.11 100.0:0.11
incl30|between+behind|any_orientation         mimic: positive 0.408  any-sign 0.998  (added halo mass 1.61e+16 Msun, perp frac 0.47, offset frac 0.78); Q target -4.92e-03 mimic -2.93e-03; DQ -4.86e-03 / -2.91e-03; budget: 0.03:0.01 0.1:0.02 0.3:0.06 1.0:0.12 3.0:0.22 10.0:0.38 100.0:0.41
incl30|between+behind|cdm_prior_aligned       mimic: positive 0.038  any-sign 0.996  (added halo mass 2.77e+14 Msun, perp frac 0.00, offset frac 0.34); Q target -4.92e-03 mimic -1.55e-06; DQ -4.86e-03 / +7.27e-05; budget: 0.03:0.01 0.1:0.02 0.3:0.03 1.0:0.04 3.0:0.04 10.0:0.04 100.0:0.04
incl30|wide|any_orientation                   mimic: positive 0.396  any-sign 0.998  (added halo mass 1.20e+16 Msun, perp frac 0.46, offset frac 0.72); Q target -4.92e-03 mimic -2.90e-03; DQ -4.86e-03 / -2.87e-03; budget: 0.03:0.01 0.1:0.02 0.3:0.06 1.0:0.12 3.0:0.22 10.0:0.37 100.0:0.40
incl30|wide|cdm_prior_aligned                 mimic: positive 0.037  any-sign 0.996  (added halo mass 2.73e+14 Msun, perp frac 0.00, offset frac 0.34); Q target -4.92e-03 mimic -6.34e-06; DQ -4.86e-03 / +7.02e-05; budget: 0.03:0.01 0.1:0.02 0.3:0.03 1.0:0.04 3.0:0.04 10.0:0.04 100.0:0.04
incl60|between|any_orientation                mimic: positive 0.874  any-sign 1.000  (added halo mass 6.20e+16 Msun, perp frac 0.16, offset frac 0.90); Q target -1.19e-02 mimic -1.13e-02; DQ -1.18e-02 / +3.46e-02; budget: 0.03:0.02 0.1:0.07 0.3:0.18 1.0:0.36 3.0:0.62 10.0:0.82 100.0:0.87
incl60|between|cdm_prior_aligned              mimic: positive 0.530  any-sign 1.000  (added halo mass 5.01e+15 Msun, perp frac 0.00, offset frac 0.82); Q target -1.19e-02 mimic -6.81e-03; DQ -1.18e-02 / -2.65e-02; budget: 0.03:0.02 0.1:0.05 0.3:0.13 1.0:0.27 3.0:0.43 10.0:0.53 100.0:0.53
incl60|between+behind|any_orientation         mimic: positive 0.788  any-sign 1.000  (added halo mass 3.59e+16 Msun, perp frac 0.17, offset frac 0.88); Q target -1.19e-02 mimic -1.03e-02; DQ -1.18e-02 / -1.01e-02; budget: 0.03:0.03 0.1:0.08 0.3:0.15 1.0:0.38 3.0:0.57 10.0:0.72 100.0:0.78
incl60|between+behind|cdm_prior_aligned       mimic: positive 0.172  any-sign 1.000  (added halo mass 5.62e+14 Msun, perp frac 0.00, offset frac 0.16); Q target -1.19e-02 mimic -2.22e-03; DQ -1.18e-02 / -2.10e-03; budget: 0.03:0.02 0.1:0.04 0.3:0.08 1.0:0.17 3.0:0.17 10.0:0.17 100.0:0.17
incl60|wide|any_orientation                   mimic: positive 0.771  any-sign 1.000  (added halo mass 2.77e+16 Msun, perp frac 0.19, offset frac 0.84); Q target -1.19e-02 mimic -1.02e-02; DQ -1.18e-02 / -9.94e-03; budget: 0.03:0.03 0.1:0.08 0.3:0.15 1.0:0.38 3.0:0.57 10.0:0.71 100.0:0.77
incl60|wide|cdm_prior_aligned                 mimic: positive 0.171  any-sign 1.000  (added halo mass 5.58e+14 Msun, perp frac 0.00, offset frac 0.16); Q target -1.19e-02 mimic -2.22e-03; DQ -1.18e-02 / -2.09e-03; budget: 0.03:0.02 0.1:0.04 0.3:0.08 1.0:0.17 3.0:0.17 10.0:0.17 100.0:0.17
wrote cdm_attack.json in 740s
