linearity |stats(s+n) - stats(n) - stats(s)| / |stats(s)|: 1.211783626535892e-12
null: 600 draws in 149s
  S_core     cal sd 1.504e-02  untouched sd 1.437e-02 mean -1.47e-03  FPR two-sided 0.060 one-sided 0.057
  S_wing     cal sd 6.321e-03  untouched sd 6.880e-03 mean -4.11e-04  FPR two-sided 0.067 one-sided 0.070
  S_bcore    cal sd 1.047e-02  untouched sd 1.039e-02 mean -2.27e-04  FPR two-sided 0.060 one-sided 0.053
  S_bwing    cal sd 3.531e-03  untouched sd 3.282e-03 mean -4.94e-04  FPR two-sided 0.057 one-sided 0.047
  Q          cal sd 1.467e-02  untouched sd 1.513e-02 mean -1.06e-03  FPR two-sided 0.057 one-sided 0.073
  N_kappa_m2 cal sd 9.709e+43  untouched sd 9.679e+43 mean -6.44e+42  FPR two-sided 0.073 one-sided 0.063
  DQ         cal sd 1.839e-02  untouched sd 1.801e-02 mean -1.32e-03  FPR two-sided 0.067 one-sided 0.033
  A_mf       cal sd 2.591e+00  untouched sd 2.687e+00 mean -6.63e-02  FPR two-sided 0.063 one-sided 0.050
window rho_*=1e-24: eps_safe(5%) = 2.40e-03; A_mf: eps_3sigma(100 pairs) = 2.42e-02, N to open at 5% = 10153
window rho_*=rho_mean: eps_safe(5%) = 3.52e-01; A_mf: eps_3sigma(100 pairs) = 3.94e-02, N to open at 5% = 1
  n =   10/arcmin2: sd(A_mf) 3.837e+00, eps_3sigma(A_mf, 100 pairs) 3.45e-02
  n =   20/arcmin2: sd(A_mf) 2.714e+00, eps_3sigma(A_mf, 100 pairs) 2.44e-02
  n =   40/arcmin2: sd(A_mf) 1.919e+00, eps_3sigma(A_mf, 100 pairs) 1.73e-02
  n =   80/arcmin2: sd(A_mf) 1.357e+00, eps_3sigma(A_mf, 100 pairs) 1.22e-02
  D = 2 Mpc: Sigma_axis -1.091e-01, Q -3.59e-03 +- 2.96e-02 per pair; eps_3sigma(A_mf,100) 3.34e-02
  D = 3 Mpc: Sigma_axis -9.465e-02, Q -4.85e-03 +- 1.99e-02 per pair; eps_3sigma(A_mf,100) 2.22e-02
  D = 4 Mpc: Sigma_axis -6.084e-02, Q -3.94e-03 +- 1.40e-02 per pair; eps_3sigma(A_mf,100) 2.38e-02
  D = 6 Mpc: Sigma_axis -2.837e-02, Q -2.22e-03 +- 1.12e-02 per pair; eps_3sigma(A_mf,100) 3.44e-02
wrote detect.json in 633s
