P rho_*=1e-24    eps=0.3    Sigma_axis -6.0841e-01 (+-8.8e-03) wing +1.712e-01 at 320 kpc, y0 200 kpc; net/abs 3D -4.07e-03; Q -3.927e-02 DQ -3.904e-02 A_mf +10.000 N -4.32e+12 Msun  [13s]
P rho_*=1e-24    eps=0.03   Sigma_axis -6.0841e-02 (+-8.8e-04) wing +1.712e-02 at 320 kpc, y0 200 kpc; net/abs 3D -4.07e-03; Q -3.940e-03 DQ -3.910e-03 A_mf +1.000 N -4.39e+11 Msun  [12s]
P rho_*=1e-24    eps=0.003  Sigma_axis -6.0841e-03 (+-8.8e-05) wing +1.712e-03 at 320 kpc, y0 200 kpc; net/abs 3D -4.07e-03; Q -4.066e-04 DQ -3.974e-04 A_mf +0.100 N -5.04e+10 Msun  [12s]
P rho_*=rho_mean eps=0.3    Sigma_axis -1.3164e+00 (+-1.5e-02) wing +4.685e-02 at 400 kpc, y0 320 kpc; net/abs 3D -1.49e-01; Q -2.160e-02 DQ -2.162e-02 A_mf +6.135 N +2.50e+13 Msun  [39s]
P rho_*=rho_mean eps=0.03   Sigma_axis -1.3164e-01 (+-1.5e-03) wing +4.685e-03 at 400 kpc, y0 320 kpc; net/abs 3D -1.49e-01; Q -2.173e-03 DQ -2.168e-03 A_mf +0.614 N +2.49e+12 Msun  [13s]
P rho_*=rho_mean eps=0.003  Sigma_axis -1.3164e-02 (+-1.5e-04) wing +4.685e-04 at 400 kpc, y0 320 kpc; net/abs 3D -1.49e-01; Q -2.299e-04 DQ -2.232e-04 A_mf +0.061 N +2.43e+11 Msun  [12s]
mass ladder rho_*=1e-24: Sigma_axis slope in M_A 0.966 +- 0.004; both 1.932 +- 0.008; A_mf: 0.900, 1.799
mass ladder rho_*=rho_mean: Sigma_axis slope in M_A 0.068 +- 0.109; both 0.159 +- 0.017; A_mf: 0.049, 0.104
filament ladder rho_*=1e-24: Sigma_axis(spec) at rho_f=0 -6.084e-02; slopes path [-0.01, -0.03, -0.08, -0.28, -1.17, 0.54, 0.3] vs newton [1.0, 1.0, 1.0, 1.0, 1.0, 1.0, 1.0]
filament ladder rho_*=rho_mean: Sigma_axis(spec) at rho_f=0 -1.316e-01; slopes path [-0.13, -0.41, -1.26, -1.06, -1.04, -0.96, -0.68] vs newton [1.0, 1.0, 1.0, 1.0, 1.0, 1.0, 1.0]
newton                           Q -1.398e-05 DQ -7.134e-06 N -7.298e+09 A_mf +0.000 S_core -1.467e-05 S_wing -6.911e-07 S_bcore -7.383e-06 [4s]
qumond                           Q +1.006e-03 DQ +1.158e-03 N -1.897e+14 A_mf -0.138 S_core -2.508e-03 S_wing -3.514e-03 S_bcore +1.824e-03 [4s]
tensor|fE=0.3                    Q +5.297e-03 DQ +3.314e-03 N -1.918e+14 A_mf -0.293 S_core +3.277e-03 S_wing -2.020e-03 S_bcore +5.186e-03 [5s]
tensor|fE=1                      Q +1.531e-02 DQ +8.340e-03 N -1.986e+14 A_mf -0.653 S_core +1.673e-02 S_wing +1.424e-03 S_bcore +1.305e-02 [4s]
tensor|fE=-0.5                   Q -6.143e-03 DQ -2.429e-03 N -1.840e+14 A_mf +0.119 S_core -1.210e-02 S_wing -5.956e-03 S_bcore -3.801e-03 [5s]
cdm|rho_f_dm=1e-27               Q -1.252e-05 DQ -5.651e-06 N -2.449e+08 A_mf -0.000 S_core -1.319e-05 S_wing -6.710e-07 S_bcore -7.452e-06 [3s]
cdm|rho_f_dm=1e-26               Q +6.479e-07 DQ +7.694e-06 N +6.323e+10 A_mf -0.002 S_core +1.583e-07 S_wing -4.896e-07 S_bcore -8.073e-06 [4s]
cdm|rho_f_dm=1e-25               Q +1.323e-04 DQ +1.411e-04 N +6.980e+11 A_mf -0.018 S_core +1.336e-04 S_wing +1.324e-06 S_bcore -1.428e-05 [4s]
P|eps=0.003,rho_star=1e-24       Q -4.066e-04 DQ -3.974e-04 N -5.045e+10 A_mf +0.100 S_core -3.603e-04 S_wing +4.626e-05 S_bcore -1.015e-05 [6s]
P|eps=0.03,rho_star=1e-24        Q -3.940e-03 DQ -3.910e-03 N -4.388e+11 A_mf +1.000 S_core -3.471e-03 S_wing +4.688e-04 S_bcore -3.501e-05 [6s]
P|eps=0.003,rho_star=2.89926e-27 Q -2.299e-04 DQ -2.232e-04 N +2.428e+11 A_mf +0.061 S_core -1.990e-04 S_wing +3.089e-05 S_bcore -8.939e-06 [6s]
P|eps=0.3,rho_star=2.89926e-27   Q -2.160e-02 DQ -2.162e-02 N +2.500e+13 A_mf +6.135 S_core -1.845e-02 S_wing +3.158e-03 S_bcore -1.630e-04 [6s]
inclination  0 deg: D_proj 4.00 Mpc, Sigma_axis -6.084e-02, Q -3.940e-03 A_mf +1.000
inclination 30 deg: D_proj 3.46 Mpc, Sigma_axis -7.083e-02, Q -4.929e-03 A_mf +1.059
inclination 45 deg: D_proj 2.83 Mpc, Sigma_axis -8.810e-02, Q -6.816e-03 A_mf +1.166
inclination 60 deg: D_proj 2.00 Mpc, Sigma_axis -1.314e-01, Q -1.181e-02 A_mf +1.751
inclination 75 deg: D_proj 1.04 Mpc, Sigma_axis -2.638e-01
wrote bridge.json in 1123s; provenance: No path outside the lane root was read; no sealed token matched; no real-observation token matched.
