   429, sleeping 12s
   429, sleeping 24s
   429, sleeping 36s
   429, sleeping 48s
   429, sleeping 60s
   429, sleeping 72s
FAILED Jin2016_MaNGA_misalign
   429, sleeping 12s
   429, sleeping 24s
   429, sleeping 36s
   429, sleeping 48s
   429, sleeping 60s
   429, sleeping 72s
FAILED Bryant2019_SAMI_misalign
   429, sleeping 12s
   429, sleeping 24s

=== Chen2016_misaligned  (6 hits) ===
  2303.00384v2 2023-03-01 -                              Yuren Zhou         Misaligned gas acquisition as a formation pathway of S0 galaxies
  1611.00528v1 2016-11-02 2016MNRAS.463..913J            Yifei Jin          SDSS-IV MaNGA: Properties of galaxies with kinematically decoupled stellar and g
  1909.01658v1 2019-09-04 published in MNRAS, 2019       Yan-Mei Chen       Post-Starburst Galaxies in SDSS-IV MaNGA
  2202.04937v1 2022-02-10 -                              Haitong Xu         SDSS-IV MaNGA : spatial resolved properties of kinematically misaligned galaxies
  2011.01949v2 2020-11-03 -                              Shengdong Lu       Hot and counter-rotating star-forming disk galaxies in IllustrisTNG and their re
  2503.02219v1 2025-03-04 -                              Min Bao            The large-scale structure supplies the formation of gas-star misaligned galaxies

=== BarreraBallesteros_CALIFA  (25 hits) ===
  1210.8150v2  2012-10-30 -                               CALIFA collaborat CALIFA, the Calar Alto Legacy Integral Field Area survey. II. First public data 
  1609.06446v2 2016-09-21 A&A 597, A48 (2017)            J. Falcón-Barroso  Stellar kinematics across the Hubble sequence in the CALIFA survey: General prop
  1605.07632v1 2016-05-24 A&A 593, A114 (2016)           S. Bekeraitė       The space density distribution of galaxies in the absolute magnitude - rotation 
  1505.03153v1 2015-05-12 -                              J. K. Barrera-Ball Central star formation and metallicity in CALIFA interacting galaxies
  1408.5765v1  2014-08-25 A&A 573, A59 (2015)            B. Garcia-Lorenzo  Ionized gas kinematics of galaxies in the CALIFA survey I: Velocity fields, kine
  1605.03991v1 2016-05-12 -                              D. Miralles-Caball First survey of Wolf-Rayet star populations over the full extension of nearby ga
  1311.7052v1  2013-11-27 -                              S. F. Sanchez      A characteristic oxygen abundance gradient in galaxy disks unveiled with CALIFA
  1405.5222v1  2014-05-20 A&A 568, A70 (2014)            J. K. Barrera-Ball Kinematic alignment of non-interacting CALIFA galaxies: Quantifying the impact o
  1409.1623v2  2014-09-04 A&A 572, A38 (2014)            L. Galbany         Nearby supernova host galaxies from the CALIFA Survey: I. Sample, data analysis,
  1409.8302v1  2014-09-29 A&A 576, A135 (2015)           R. García-Benito   CALIFA, the Calar Alto Legacy Integral Field Area survey. III. Second public dat
  1602.01830v1 2016-02-03 -                              S. F. Sánchez      Pipe3D, a pipeline to analyse integral field spectroscopy data: II. Analysis seq
  1506.01378v1 2015-06-03 -                              L. Holmes          The incidence of bar-like kinematic flows in CALIFA galaxies
  1604.02289v2 2016-04-08 A&A 594, A36 (2016)            S. F. Sánchez      CALIFA, the Calar Alto Legacy Integral Field Area survey: IV. Third Public data 
  2401.13181v1 2024-01-24 -                              Tony Wong          The EDGE-CALIFA Survey: An Extragalactic Database for Galaxy Evolution Studies

=== Xu_MaNGA_counterrot  (19 hits) ===
  2603.04044v1 2026-03-04 -                              Min Bao            Properties of Galaxies with Counter-rotating Stellar Disks in the MaNGA Survey
  2603.01925v2 2026-03-02 -                              Maxwell Piper      A New Identification Method and Sample of Counter-Rotating Disk Galaxies in SDSS
  2305.13387v1 2023-05-22 A&A 674, L7 (2023)             I. A. Zinchenko    Gas and stellar kinematic misalignment in MaNGA galaxies: what is the origin of 
  2206.00682v1 2022-06-01 -                              Minje Beom         SDSS IV MaNGA: Characteristics of Edge-on Galaxies with a Counter-rotating Gaseo
  1912.04522v4 2019-12-10 -                              Song-lin Li        The Impact of Merging on The Origin of Kinematically Misaligned and Counter-rota
  2107.09528v2 2021-07-20 MNRAS 511, 139 (2022)          Davide Bevacqua    SDSS-IV MaNGA: Integral-field kinematics and stellar population of a sample of g
  2209.11240v2 2022-09-22 -                              Damir Gasymov      Detailed study of galaxies with the stellar counter-rotation phenomenon
  2202.03848v1 2022-02-08 -                              Min Bao            Different Formation Scenarios of Counter-rotating Stellar Disks in Nearby Galaxi
  2008.11336v1 2020-08-26 -                              Xiaoling Yu        Host Galaxy Properties of Changing-look AGN Revealed in the MaNGA Survey
  2305.01719v2 2023-05-02 -                              Ivan Katkov        Probing the History of the Galaxy Assembly of the Counter-rotating Disk Galaxy P
  2011.01949v2 2020-11-03 -                              Shengdong Lu       Hot and counter-rotating star-forming disk galaxies in IllustrisTNG and their re
  2309.04854v2 2023-09-09 -                              Anubhav Sharma     HI Rich but Low Star Formation galaxies in MaNGA: Physical Properties and Compar
  2410.06256v1 2024-10-08 -                              Minje Beom         SDSS IV MaNGA: The impact of the acquisition of gas with opposite angular moment
  2106.07060v2 2021-06-13 A&A 653, A47 (2021)            Barbara Mazzilli C Two interacting galaxies hiding as one, revealed by MaNGA

=== Bao_MaNGA_counterrot  (0 hits) ===

=== Zhou_MaNGA_counterrot  (0 hits) ===

=== Duckworth_misalign  (0 hits) ===

=== Moiseev_polarring  (13 hits) ===
  1311.4138v1  2013-11-17 Astrophys.Bull.68:371,2013     K. I. Smirnova     Are polar rings indeed polar?
  0808.1696v1  2008-08-12 Astrophys.Bull.63:201-215,2008 A. V. Moiseev      Warped polar ring in the Arp 212 galaxy
  1712.00956v1 2017-12-04 -                              K. I. Smirnova     Star-forming complexes in the polar ring galaxy NGC660
  1404.1247v1  2014-04-04 -                              S. A. Khoperskov   To be or not to be oblate: the shape of the dark matter halo in the polar ring g
  1410.3607v1  2014-10-14 -                              A. Moiseev         Structure and kinematics of the polar ring galaxies: new observations and estima
  1211.1307v1  2012-11-06 -                              S. A. Khoperskov   Polar rings dynamics in the triaxial dark matter halo
  0312564v1    2003-12-20 Astron.Lett. 30 (2004) 1-13    L. V. Shalyapina   The phenomenon of the galaxy NGC 6286: a forming polar ring or a superwind?
  0206397v1    2002-06-23 Astron.Lett. 28 (2002) 443-453 L. V. Shalyapina   A Spectroscopic Study of the Peculiar Galaxy UGC 5600
  1401.2562v1  2014-01-11 -                              S. A. Khoperskov   The shape of dark matter halo in PRG NGC 4262
  1204.4437v1  2012-04-19 -                              A. V. Moiseev      Inner Polar Rings and Disks: Observed Properties
  1808.08525v1 2018-08-26 Astrophysical Bulletin, 2018,  D. V. Oparin       Diagnostics of ionized gas in galaxies with the "BPT--radial velocity dispersion
  0411457v1    2004-11-16 Astron.Astrophys. 30 (2004) 58 L. V. Shalyapina   NGC 7468: a galaxy with an inner polar disk
  0908.0603v1  2009-08-05 -                              A. V. Moiseev      3D spectroscopic study of galactic rings: formation and kinematics

=== polarring_catalogue  (9 hits) ===
  1107.1966v1  2011-07-11 -                              Alexei Moiseev     A new catalogue of polar-ring galaxies selected from the SDSS
  0206055v1    2002-06-04 -                              E. Iodice          Near-Infrared photometry in the J, H and Kn bands for Polar Ring Galaxies: I. Da
  1904.02513v2 2019-04-04 -                              Oleg V. Egorov     Metallicity and ionization state of the gas in polar-ring galaxies
  0304054v2    2003-04-02 Astron.Astrophys. 405 (2003) 5 D. Bettoni         A new catalogue of ISM content of normal galaxies
  1211.1307v1  2012-11-06 -                              S. A. Khoperskov   Polar rings dynamics in the triaxial dark matter halo
  2310.18597v1 2023-10-28 -                              Daniil V. Smirnov  Polar-ring galaxies in the Illustris TNG50 simulation
  1707.06589v1 2017-07-20 -                              R. J. Buta         Galactic Rings Revisited. I. CVRHS Classifications of 3962 Ringed Galaxies from 
  1408.2602v2  2014-08-12 -                              Seppo Laine        IRAC Near-Infrared Features in the Outer Parts of S4G Galaxies
  2604.24471v1 2026-04-27 -                              Dobrycheva D. V.   Machine learning technique for morphological classification of galaxies from SDS

=== SAMI_misalignment  (5 hits) ===
  1509.02641v1 2015-09-09 -                              L. M. R. Fogarty   The SAMI Pilot Survey: Stellar Kinematics of Galaxies in Abell 85, 168 and 2399
  2210.01147v1 2022-10-03 -                              A. Ristea          The SAMI Galaxy Survey: Physical drivers of stellar-gas kinematic misalignments 
  1709.03585v2 2017-09-11 -                              C. Foster          The SAMI Galaxy Survey: the intrinsic shape of kinematically selected galaxies
  2502.08715v1 2025-02-12 -                              Martyna W. Winiars Investigating the effects of fresh gas on the Active Galactic Nuclei luminosity 
  2110.00408v2 2021-10-01 -                              Catalina I. Casanu The origin of star-gas misalignments in simulated galaxies

WROTE crot_arxiv_search.json
