==============================================================================
QUERY ssls_all                  all:"Stellar Stream Legacy Survey"   -> 5 hits
   2104.06071v2   2021-04-13  | Hidden depths in the local Universe: The Stellar Stream Legacy Survey
   2605.07809v1   2026-05-08  | Potamides: Mapping Dark Matter Halo Shapes from Stellar Stream Tracks in the Local Universe
   2511.23314v2   2025-11-28  | Stellar streams around dwarf galaxies in the Local Universe
   2407.20483v1   2024-07-30  | Extragalactic Stellar Tidal Streams in the Dark Energy Survey
   2409.03585v2   2024-09-05  | Extragalactic Stellar Tidal Streams: Observations meet Simulation
==============================================================================
QUERY miro_carretero            au:"Miro-Carretero"   -> 13 hits
   2209.08636v1   2022-09-18  | A search for stellar tidal streams around Milky Way analogues from the SAGA sample
   2409.03585v2   2024-09-05  | Extragalactic Stellar Tidal Streams: Observations meet Simulation
   2407.20483v1   2024-07-30  | Extragalactic Stellar Tidal Streams in the Dark Energy Survey
   2209.01583v1   2022-09-04  | A giant umbrella-like stellar stream around the tidal ring galaxy NGC 922
   2112.07029v3   2021-12-13  | Once in a blue stream: Detection of recent star formation in the NGC 7241 stellar stream with MEGARA
   2509.14038v1   2025-09-17  | A Pearl in the Shell: an ultra-compact dwarf within the tidal debris surrounding spiral galaxy NGC 7531
   2603.22166v1   2026-03-23  | J-PAS: unprecedented precision in stellar populations of diffuse tidal features
   2104.06071v2   2021-04-13  | Hidden depths in the local Universe: The Stellar Stream Legacy Survey
   2605.07809v1   2026-05-08  | Potamides: Mapping Dark Matter Halo Shapes from Stellar Stream Tracks in the Local Universe
   2504.02071v1   2025-04-02  | Stellar tidal streams around nearby spiral galaxies with deep imaging from amateur telescopes
   2507.05217v3   2025-07-07  | Quantitative Morphology of Galactic Cirrus in Deep Optical Imaging
   2510.24836v2   2025-10-28  | A stellar stream around the spiral galaxy Messier 61 in Rubin First Look imaging
==============================================================================
QUERY md_streams_2010           au:"Martinez-Delgado" AND abs:"tidal stream"   -> 31 hits
   0506012v1      2005-06-01  | The Canis Major dwarf galaxy as the progenitor of the Monoceros tidal stream
   1406.6368v1    2014-06-24  | The Complex Structure of Stars in the Outer Galactic Disk as revealed by Pan-STARRS1
   0805.1137v2    2008-05-08  | The ghost of a dwarf galaxy: fossils of the hierarchical formation of the nearby spiral galaxy NGC 5907
   1811.12286v2   2018-11-29  | The Stellar Tidal Stream Survey
   1812.04897v1   2018-12-12  | LSST Cadence Optimization White Paper in Support of Observations of Unresolved Tidal Stellar Streams in Galaxi
   1410.6368v1    2014-10-23  | Discovery of a stellar tidal stream around the Whale galaxy, NGC 4631
   0812.3219v1    2008-12-17  | A pilot survey of stellar tidal streams in nearby spiral galaxies
   1409.7390v1    2014-09-25  | A search for stellar tidal debris of defunct dwarf galaxies around globular clusters in the inner Galactic hal
   0609104v2      2006-09-05  | The Virgo stellar over-density: Mapping the infall of the Sagittarius tidal stream onto the Milky Way disk
   2106.04548v1   2021-06-08  | A feather on the hat: Tracing the giant stellar stream around the Sombrero galaxy
   2504.02071v1   2025-04-02  | Stellar tidal streams around nearby spiral galaxies with deep imaging from amateur telescopes
   0308009v1      2003-08-01  | Tracing out the Northern Tidal Stream of the Sagittarius Dwarf Spheoridal Galaxy
==============================================================================
QUERY md_ngc5907                au:"Martinez-Delgado" AND all:"NGC 5907"   -> 2 hits
   0805.1137v2    2008-05-08  | The ghost of a dwarf galaxy: fossils of the hierarchical formation of the nearby spiral galaxy NGC 5907
   1607.03554v1   2016-07-13  | Metallicity and Age of the Stellar Stream Around the Disk Galaxy NGC 5907
==============================================================================
QUERY dragonfly_5907            all:"NGC 5907" AND au:"van Dokkum"   -> 0 hits
==============================================================================
QUERY m31_gss_gilbert           au:"Gilbert" AND all:"giant southern stream"   -> 10 hits
   0512161v1      2005-12-06  | Kinematics and Metallicity of M31 Red Giants: The Giant Southern Stream and Discovery of a Second Cold Compone
   0703029v3      2007-03-01  | Stellar Kinematics in the Complicated Inner Spheroid of M31: Discovery of Substructure Along the Southeastern 
   0909.4540v1    2009-09-25  | The SPLASH Survey: A Spectroscopic Portrait of Andromeda's Giant Southern Stream
   1810.01525v1   2018-10-02  | Project AMIGA: Distance and Metallicity Gradients Along Andromeda's Giant Southern Stream from the Red Clump
   1307.3219v1    2013-07-11  | Inferring the Andromeda Galaxy's mass from its giant southern stream with Bayesian simulation sampling
   0803.3476v2    2008-03-24  | Was the Andromeda Stream Produced by a Disk Galaxy?
   0406145v1      2004-06-07  | Dynamics and Stellar Content of the Giant Southern Stream in M31. I. Keck Spectroscopy of Red Giant Stars
   1206.2619v1    2012-06-12  | A spectroscopic survey of Andromeda's Western Shelf
   2401.00668v2   2024-01-01  | The structure of the stellar halo of the Andromeda galaxy explored with the NB515 for Subaru/HSC. I.: New Insi
   1204.4455v1    2012-04-19  | The SPLASH Survey: Kinematics of Andromeda's Inner Spheroid
==============================================================================
QUERY m31_gss_kinematics        all:"M31" AND all:"giant stellar stream" AND all:"kinematics"   -> 17 hits
   1908.04429v1   2019-08-12  | Elemental Abundances in M31: First Alpha and Iron Abundance Measurements in M31's Giant Stellar Stream
   1909.00006v2   2019-08-30  | Elemental Abundances in M31: A Comparative Analysis of Iron and Alpha Element Abundances in the Outer Disk, Gi
   2203.16675v1   2022-03-30  | Kinematics and Metallicity of Red Giant Branch Stars in the Northeast Shelf of M31
   0403068v1      2004-03-02  | Taking measure of the Andromeda halo: a kinematic analysis of the giant stream surrounding M31
   2104.13067v1   2021-04-27  | The nature of the Eastern Extent in the outer halo of M31
   1912.02186v1   2019-12-04  | Elemental Abundances in M31: The Kinematics and Chemical Evolution of Dwarf Spheroidal Satellite Galaxies
   0503246v1      2005-03-10  | Westerbork HI observations of high-velocity clouds near M31 and M33
   1211.4059v1    2012-11-16  | PAndAS in the mist: The stellar and gaseous mass within the halos of M31 and M33
   2009.00529v1   2020-09-01  | Elemental Abundances in M31: Properties of the Inner Stellar Halo
   1608.00012v1   2016-07-29  | Chemical Abundances of Seven Outer Halo M31 Globular Clusters from the Pan-Andromeda Archaeological Survey
   0609050v1      2006-09-04  | Investigating the Andromeda Stream: III. A Young Shell System in M31
   2502.00886v2   2025-02-02  | The survey of planetary nebulae in Andromeda (M31) VII. Predictions of a major merger simulation model compare
==============================================================================
QUERY kalirai_m31               au:"Kalirai" AND all:"M31" AND all:"stream"   -> 11 hits
   1908.04429v1   2019-08-12  | Elemental Abundances in M31: First Alpha and Iron Abundance Measurements in M31's Giant Stellar Stream
   0512161v1      2005-12-06  | Kinematics and Metallicity of M31 Red Giants: The Giant Southern Stream and Discovery of a Second Cold Compone
   0703029v3      2007-03-01  | Stellar Kinematics in the Complicated Inner Spheroid of M31: Discovery of Substructure Along the Southeastern 
   1712.03654v1   2017-12-11  | Stellar Stream and Halo Structure in the Andromeda Galaxy From a Subaru/Hyper Suprime-Cam Survey
   1103.1400v1    2011-03-07  | HST/ACS Observations of RR Lyrae Stars in Six Ultra-deep Fields of M31
   2203.16675v1   2022-03-30  | Kinematics and Metallicity of Red Giant Branch Stars in the Northeast Shelf of M31
   0909.4540v1    2009-09-25  | The SPLASH Survey: A Spectroscopic Portrait of Andromeda's Giant Southern Stream
   1810.01525v1   2018-10-02  | Project AMIGA: Distance and Metallicity Gradients Along Andromeda's Giant Southern Stream from the Red Clump
   2401.00668v2   2024-01-01  | The structure of the stellar halo of the Andromeda galaxy explored with the NB515 for Subaru/HSC. I.: New Insi
   1204.4455v1    2012-04-19  | The SPLASH Survey: Kinematics of Andromeda's Inner Spheroid
   1206.2619v1    2012-06-12  | A spectroscopic survey of Andromeda's Western Shelf
==============================================================================
QUERY escala_m31                au:"Escala" AND all:"M31"   -> 22 hits
   2504.02805v1   2025-04-03  | The M31-M33 Interaction: Impact on M31's Center of Mass Motion and Satellite Orbits
QUERY escala_m31 FAILED: 'charmap' codec can't encode character '\u03b1' in position 110: character maps to <undefined>
==============================================================================
QUERY cunningham_m31            au:"Cunningham" AND all:"M31" AND all:"halo"   -> 7 hits
   2009.00529v1   2020-09-01  | Elemental Abundances in M31: Properties of the Inner Stellar Halo
   1909.00006v2   2019-08-30  | Elemental Abundances in M31: A Comparative Analysis of Iron and Alpha Element Abundances in the Outer Disk, Gi
   1811.09279v2   2018-11-22  | Elemental Abundances in M31: Alpha and Iron Element Abundances from Low-Resolution Resolved Stellar Spectrosco
   2110.02957v1   2021-10-06  | Reading the CARDs: the Imprint of Accretion History in the Chemical Abundances of the Milky Way's Stellar Halo
   1602.03180v1   2016-02-09  | Isotropic at the Break? 3D Kinematics of Milky Way Halo Stars in the Foreground of M31
   2204.07173v2   2022-04-14  | Implications of the Milky Way travel velocity for dynamical mass estimates of the Local Group
   2505.14792v2   2025-05-20  | Dancing Streams In Merging Halos: Stellar Streams in a MW--LMC-like merger
