========================================================================
J/A+A/671/A141 http 200 bytes 468054 ntitles 20
   SUSPECT: generic multi-catalogue response (probably bad encoding)
    #Title: Catalog of 3356 Faint Stars, 1950 (Larink+ 1955)
========================================================================
J/A+A/669/A103 http 200 bytes 468054 ntitles 20
   SUSPECT: generic multi-catalogue response (probably bad encoding)
    #Title: Catalog of 3356 Faint Stars, 1950 (Larink+ 1955)
========================================================================
J/A+A/682/A22 http 200 bytes 468053 ntitles 20
   SUSPECT: generic multi-catalogue response (probably bad encoding)
    #Title: Catalog of 3356 Faint Stars, 1950 (Larink+ 1955)
========================================================================
J/A+A/677/A80 http 200 bytes 468053 ntitles 20
   SUSPECT: generic multi-catalogue response (probably bad encoding)
    #Title: Catalog of 3356 Faint Stars, 1950 (Larink+ 1955)
========================================================================
J/A+A/691/A73 http 200 bytes 468053 ntitles 20
   SUSPECT: generic multi-catalogue response (probably bad encoding)
    #Title: Catalog of 3356 Faint Stars, 1950 (Larink+ 1955)
========================================================================
J/AJ/140/962 http 200 bytes 687 ntitles 0
   NOT FOUND: #INFO	Error=Table or Catalog not found: J/AJ/140/962
========================================================================
J/ApJ/689/184 http 200 bytes 689 ntitles 0
   NOT FOUND: #INFO	Error=Table or Catalog not found: J/ApJ/689/184
========================================================================
J/ApJ/883/L32 http 200 bytes 689 ntitles 0
   NOT FOUND: #INFO	Error=Table or Catalog not found: J/ApJ/883/L32
========================================================================
J/ApJ/705/1275 http 200 bytes 691 ntitles 0
   NOT FOUND: #INFO	Error=Table or Catalog not found: J/ApJ/705/1275
========================================================================
J/ApJ/648/389 http 200 bytes 689 ntitles 0
   NOT FOUND: #INFO	Error=Table or Catalog not found: J/ApJ/648/389
========================================================================
J/ApJ/634/287 http 200 bytes 689 ntitles 0
   NOT FOUND: #INFO	Error=Table or Catalog not found: J/ApJ/634/287
========================================================================
J/MNRAS/351/117 http 200 bytes 693 ntitles 0
   NOT FOUND: #INFO	Error=Table or Catalog not found: J/MNRAS/351/117
========================================================================
J/AJ/127/2723 http 200 bytes 842 ntitles 1
    #Title:
========================================================================
J/AJ/139/1871 http 200 bytes 1701 ntitles 1
    #Title: Kinematics of globulars in NGC 5128 (Woodley+, 2010)
========================================================================
J/A+A/558/A42 http 200 bytes 468053 ntitles 20
   SUSPECT: generic multi-catalogue response (probably bad encoding)
    #Title: Catalog of 3356 Faint Stars, 1950 (Larink+ 1955)

wrote extstream_vizier_http_probe2.json
