==============================================================================
QUERY md2010_pilot_AJ140        au:"Martinez-Delgado" AND all:"pilot survey" AND all:"Local Volume"   -> 2 hits
   1003.4860v2    2010-03-25 | Stellar Tidal Streams in Spiral Galaxies of the Local Volume: A Pilot Survey with Modest Aperture Telesco
   0812.3219v1    2008-12-17 | A pilot survey of stellar tidal streams in nearby spiral galaxies
==============================================================================
QUERY md2010_alt                au:"Martinez-Delgado" AND ti:"Stellar tidal streams in spiral galaxies"   -> 1 hits
   1003.4860v2    2010-03-25 | Stellar Tidal Streams in Spiral Galaxies of the Local Volume: A Pilot Survey with Modest Aperture Telesco
==============================================================================
QUERY dragonfly_ngc5907_2019    all:"NGC 5907" AND all:"Dragonfly"   -> 0 hits
==============================================================================
QUERY vandokkum_5907            au:"van Dokkum" AND all:"5907"   -> 0 hits
==============================================================================
QUERY merritt_dragonfly         au:"Merritt" AND all:"Dragonfly" AND all:"stream"   -> 1 hits
   1906.11260v3   2019-06-26 | Dragonfly imaging of the galaxy NGC5907: a revised view of the iconic stellar stream
==============================================================================
QUERY ngc4651_umbrella          all:"NGC 4651" AND all:"stream"   -> 1 hits
   1406.5511v2    2014-06-20 | Kinematics and simulations of the stellar stream in the halo of the Umbrella Galaxy
==============================================================================
QUERY foster_umbrella           au:"Foster" AND all:"umbrella"   -> 3 hits
   1406.5511v2    2014-06-20 | Kinematics and simulations of the stellar stream in the halo of the Umbrella Galaxy
   1401.7673v1    2014-01-29 | Kinematic transitions and streams in galaxy halos
   2602.16634v2   2026-02-18 | Enhanced Diffusion Sampling: Efficient Rare Event Sampling and Free Energy Calculation with Diffusion Mod
==============================================================================
QUERY sombrero_stream           all:"Sombrero" AND all:"stream"   -> 2 hits
   2106.04548v1   2021-06-08 | A feather on the hat: Tracing the giant stellar stream around the Sombrero galaxy
   2209.14677v1   2022-09-29 | Tracing the Giant Outer Halo of the Mysterious Massive Disk Galaxy M104 I. Photometry of the Extended Glo
==============================================================================
QUERY cena_pne_peng             au:"Peng" AND all:"NGC 5128" AND all:"planetary nebulae"   -> 7 hits
   0412449v1      2004-12-17 | Planetary Nebulae in NGC 5128 (Centaurus A)
   0704.1189v2    2007-04-10 | The Kinematics and Dynamics of the Globular Clusters and the Planetary Nebulae of NGC 5128
   0311236v1      2003-11-10 | The Planetary Nebula System and Dynamics in the Outer Halo of NGC 5128
   0311265v1      2003-11-11 | The Globular Cluster System of NGC 5128 II. Ages, Metallicities, Kinematics, and Formation
   0311264v1      2003-11-11 | The Globular Cluster System of NGC 5128 I. Survey and Catalogs
   0111035v1      2001-11-02 | Extragalactic Planetary Nebulae
   0606546v1      2006-06-22 | Stellar halos and elliptical galaxy formation: Origin of dynamical properties of the planetary nebular sy
==============================================================================
QUERY cena_woodley              au:"Woodley" AND all:"NGC 5128"   -> 14 hits
   0608497v1      2006-08-23 | The Centaurus Group and the Outer Halo of NGC 5128: Are they Dynamically Connected?
   0704.1189v2    2007-04-10 | The Kinematics and Dynamics of the Globular Clusters and the Planetary Nebulae of NGC 5128
   0911.2552v2    2009-11-13 | The Globular Cluster System of NGC 5128: Ages, Metallicities, Kinematics, and Structural Parameters
   1002.3142v1    2010-02-16 | The Kinematics of the Globular Cluster System of NGC 5128 with a New, Large Sample of Radial Velocity Mea
   0503158v1      2005-03-07 | Radial Velocities of Newly Discovered Globular Clusters in NGC 5128
   0911.0955v1    2009-11-05 | The Ages, Metallicities and Alpha Element Enhancements of Globular Clusters in the Elliptical NGC 5128: A
   1605.03191v1   2016-05-10 | Globular Cluster Scale Sizes in Giant Galaxies: Orbital Anisotropy and Tidally Under-filling Clusters in 
   1009.3432v2    2010-09-17 | New g'r'i'z' Photometry of the NGC 5128 Globular Cluster System
   1011.3558v1    2010-11-16 | Possible Subgroups of Globular Clusters and Planetary Nebulae in NGC 5128
   0510544v1      2005-10-19 | Structural Parameters from Ground-based Observations of Newly Discovered Globular Clusters in NGC 5128
==============================================================================
QUERY cena_halo_stream          all:"Centaurus A" AND all:"stellar stream"   -> 3 hits
   2205.12277v2   2022-05-24 | Mapping Dark Matter with Extragalactic Stellar Streams: the Case of Centaurus A
   2504.20765v1   2025-04-29 | MUSE observations of dwarf galaxies and a stellar stream in the M83 group
   0208422v1      2002-08-22 | A Young Blue Tidal Stream in NGC 5128
==============================================================================
QUERY ngc7241_megara            all:"NGC 7241" AND all:"stream"   -> 1 hits
   2112.07029v3   2021-12-13 | Once in a blue stream: Detection of recent star formation in the NGC 7241 stellar stream with MEGARA
==============================================================================
QUERY escala_m31_abund          au:"Escala" AND all:"Giant Stellar Stream"   -> 7 hits
   1908.04429v1   2019-08-12 | Elemental Abundances in M31: First Alpha and Iron Abundance Measurements in M31's Giant Stellar Stream
   2105.02339v1   2021-05-05 | Elemental Abundances in M31: Gradients in the Giant Stellar Stream
   1909.00006v2   2019-08-30 | Elemental Abundances in M31: A Comparative Analysis of Iron and Alpha Element Abundances in the Outer Dis
   2203.16675v1   2022-03-30 | Kinematics and Metallicity of Red Giant Branch Stars in the Northeast Shelf of M31
   1912.02186v1   2019-12-04 | Elemental Abundances in M31: The Kinematics and Chemical Evolution of Dwarf Spheroidal Satellite Galaxies
   2209.07962v2   2022-09-16 | Resolved SPLASH Chemodynamics in Andromeda's PHAT Stellar Halo and Disk: On the Nature of the Inner Halo 
   2009.00529v1   2020-09-01 | Elemental Abundances in M31: Properties of the Inner Stellar Halo
==============================================================================
QUERY ibata_2001_andromeda      au:"Ibata" AND all:"giant stream" AND all:"Andromeda"   -> 5 hits
   0107090v2      2001-07-05 | A giant stream of metal-rich stars in the halo of the galaxy M31
   0403068v1      2004-03-02 | Taking measure of the Andromeda halo: a kinematic analysis of the giant stream surrounding M31
   1801.04279v1   2018-01-12 | A 2-3 billion year old major merger paradigm for the Andromeda galaxy and its outskirts
   1506.00635v1   2015-06-01 | A Detection of Gas Associated with the M 31 Stellar Stream
   1307.3219v1    2013-07-11 | Inferring the Andromeda Galaxy's mass from its giant southern stream with Bayesian simulation sampling
==============================================================================
QUERY extgal_stream_spectroscopy  all:"tidal stream" AND all:"external galaxies" AND all:"spectroscopy"   -> 0 hits
==============================================================================
QUERY gss_pn_kinematics         all:"Andromeda" AND all:"planetary nebulae" AND all:"stream"   -> 12 hits
   0403068v1      2004-03-02 | Taking measure of the Andromeda halo: a kinematic analysis of the giant stream surrounding M31
   2101.11860v1   2021-01-28 | The survey of planetary nebulae in Andromeda (M31) III. Constraints from deep planetary nebula luminosity
   1307.4287v1    2013-07-16 | Spectroscopic Observations of Planetary Nebulae in the Northern Spur of M31
   1511.02788v1   2015-11-09 | Chemical Abundances of Planetary Nebulae in the Substructures of M31
   2607.27052v1   2026-07-29 | J-ATLAS: Javalambre Andromeda and Triangulum Legacy Astrophysical Survey
   0407331v1      2004-07-16 | Mapping the Stellar Dynamics of M31
   1712.04645v1   2017-12-13 | Chemical Abundances of Planetary Nebulae in the Substructures of M31 -- II. The Extended Sample and A Com
   0612228v3      2006-12-08 | A Revised LCDM Mass Model For The Andromeda Galaxy
   0501241v2      2005-01-13 | Investigating the Andromeda Stream: II. Orbital Fits and Properties of the Progenitor
   2304.14151v3   2023-04-27 | The survey of planetary nebulae in Andromeda (M31) VI. Kinematics of M31 inner-halo substructures and com
==============================================================================
QUERY m31_rotation_curve        all:"M31" AND all:"rotation curve" AND all:"HI"   -> 12 hits
   2412.02737v5   2024-12-03 | Dark matter fraction derived from the M31 rotation curve
   0702609v1      2007-02-22 | Extended HI Rotation Curve of M31 using deep DRAO observations
   0603143v1      2006-03-06 | Extended HI Rotation Curve and Mass Distribution of M31
   0806.3610v1    2008-06-23 | The Flattened Dark Matter Halo of M31 as Deduced from the Observed HI Scale Heights
   0503206v1      2005-03-09 | The outermost cluster of M31
   0909.3846v1    2009-09-21 | HI kinematics and dynamics of Messier 31
   0912.4133v1    2009-12-21 | A wide-field HI mosaic of Messier 31. II.The disk warp, rotation and the dark matter halo
   1108.2121v1    2011-08-10 | Spectroscopic Study of Globular Clusters in the Halo of M31 with Xinglong 2.16m Telescope
   1808.07494v1   2018-08-22 | Sculpting Andromeda -- made-to-measure models for M31's bar and composite bulge: dynamics, stellar and da
   0407331v1      2004-07-16 | Mapping the Stellar Dynamics of M31
==============================================================================
QUERY ssls_ii_iii_iv            au:"Miro-Carretero" AND abs:"Stellar Stream Legacy Survey"   -> 4 hits
   2407.20483v1   2024-07-30 | Extragalactic Stellar Tidal Streams in the Dark Energy Survey
   2409.03585v2   2024-09-05 | Extragalactic Stellar Tidal Streams: Observations meet Simulation
   2605.07809v1   2026-05-08 | Potamides: Mapping Dark Matter Halo Shapes from Stellar Stream Tracks in the Local Universe
   2104.06071v2   2021-04-13 | Hidden depths in the local Universe: The Stellar Stream Legacy Survey
==============================================================================
QUERY stsurvey_2018             au:"Martinez-Delgado" AND ti:"Stellar Tidal Stream Survey"   -> 1 hits
   1811.12286v2   2018-11-29 | The Stellar Tidal Stream Survey

wrote extstream_arxiv_search2.json
