building fitters (one Sigma grid per cluster redshift) ...
  20 grids in 5s

calibrating the Sigma noise against Umetsu's quoted e_M500/M500 ...
  coh 0.10 tilt 0.00 -> e_M500/M500 = 0.151 (target 0.241), e_c200/c200 = 0.049 (target 0.301)
  coh 0.10 tilt 0.05 -> e_M500/M500 = 0.153 (target 0.241), e_c200/c200 = 0.148 (target 0.301)
  coh 0.10 tilt 0.10 -> e_M500/M500 = 0.161 (target 0.241), e_c200/c200 = 0.284 (target 0.301)
  coh 0.10 tilt 0.15 -> e_M500/M500 = 0.171 (target 0.241), e_c200/c200 = 0.430 (target 0.301)
  coh 0.15 tilt 0.00 -> e_M500/M500 = 0.227 (target 0.241), e_c200/c200 = 0.072 (target 0.301)
  coh 0.15 tilt 0.05 -> e_M500/M500 = 0.228 (target 0.241), e_c200/c200 = 0.159 (target 0.301)
  coh 0.15 tilt 0.10 -> e_M500/M500 = 0.232 (target 0.241), e_c200/c200 = 0.291 (target 0.301)
  coh 0.15 tilt 0.15 -> e_M500/M500 = 0.240 (target 0.241), e_c200/c200 = 0.435 (target 0.301)
  coh 0.20 tilt 0.00 -> e_M500/M500 = 0.300 (target 0.241), e_c200/c200 = 0.096 (target 0.301)
  coh 0.20 tilt 0.05 -> e_M500/M500 = 0.300 (target 0.241), e_c200/c200 = 0.171 (target 0.301)
  coh 0.20 tilt 0.10 -> e_M500/M500 = 0.303 (target 0.241), e_c200/c200 = 0.298 (target 0.301)
  coh 0.20 tilt 0.15 -> e_M500/M500 = 0.309 (target 0.241), e_c200/c200 = 0.440 (target 0.301)
  -> using coherent 0.15, independent 0.03, tilt 0.10

=== template bias: a FLAT truth through the pipeline, NO noise ===
  NFW-template misfit log10(g_published / g_true), by radius level:
         BCG  -0.0991 dex
      100kpc  +0.0369 dex
      200kpc  +0.0466 dex
      400kpc  +0.0008 dex
      600kpc  -0.0528 dex
  y/all_84               S1 slope +0.0465  S2 spearman +0.0472  S3 FE slope +0.0594  S4 between +0.3016  S6_600 +0.6060  S7_600 -0.1607
  y/cluster_scale_64     S1 slope -0.1440  S2 spearman -0.4050  S3 FE slope -0.1023  S4 between +0.3045  S6_600 +0.6060  S7_600 -0.1607
  a0/all_84              S1 slope -0.0237  S2 spearman -0.1800  S3 FE slope +0.0017  S4 between +0.2838  S6_600 +0.6885  S7_600 -0.0488
  a0/cluster_scale_64    S1 slope -0.3913  S2 spearman -0.5578  S3 FE slope -0.3095  S4 between +0.3141  S6_600 +0.6885  S7_600 -0.0488

=== forward null: 1200 realisations, flat truth + noise ===
  300/1200  (58s)
  600/1200  (76s)
  900/1200  (94s)
  1200/1200  (112s)

=== observed against the forward null ===
  y/all_84               S1                     obs +0.0196  null +0.0321 +- 0.0146  z =  -0.86  pct  19.2
                         S3                     obs +0.0222  null +0.0560 +- 0.0113  z =  -3.00  pct   0.2
                         S4                     obs +0.0654  null +0.4644 +- 0.1544  z =  -2.58  pct   1.5
                         S6_600                 obs +0.7142  null +0.6542 +- 0.1413  z =  +0.42  pct  61.8
                         S7_600                 obs -0.1597  null -0.1060 +- 0.2355  z =  -0.23  pct  41.8
                         S8_slope_vs_xray_R500  obs +0.0193  null +0.0441 +- 0.0137  z =  -1.81  pct   4.0
  y/cluster_scale_64     S1                     obs -0.1744  null -0.1823 +- 0.0348  z =  +0.23  pct  58.1
                         S3                     obs -0.1604  null -0.1064 +- 0.0206  z =  -2.61  pct   0.6
                         S4                     obs +0.1399  null +0.4781 +- 0.1454  z =  -2.33  pct   2.4
                         S6_600                 obs +0.7142  null +0.6542 +- 0.1413  z =  +0.42  pct  61.8
                         S7_600                 obs -0.1597  null -0.1060 +- 0.2355  z =  -0.23  pct  41.8
                         S8_slope_vs_xray_R500  obs -0.1394  null -0.1126 +- 0.0319  z =  -0.84  pct  19.4
  a0/all_84              S1                     obs -0.0792  null -0.0519 +- 0.0288  z =  -0.95  pct  16.4
                         S3                     obs -0.0728  null -0.0051 +- 0.0226  z =  -3.00  pct   0.2
                         S4                     obs +0.0599  null +0.4566 +- 0.1559  z =  -2.54  pct   1.5
                         S6_600                 obs +0.7749  null +0.7054 +- 0.1273  z =  +0.55  pct  67.2
                         S7_600                 obs -0.0681  null -0.0303 +- 0.2368  z =  -0.16  pct  44.1
                         S8_slope_vs_xray_R500  obs -0.0747  null -0.0252 +- 0.0274  z =  -1.81  pct   4.0
  a0/cluster_scale_64    S1                     obs -0.4592  null -0.4661 +- 0.0683  z =  +0.10  pct  52.8
                         S3                     obs -0.4273  null -0.3179 +- 0.0413  z =  -2.65  pct   0.5
                         S4                     obs +0.1595  null +0.4836 +- 0.1450  z =  -2.23  pct   2.7
                         S6_600                 obs +0.7749  null +0.7054 +- 0.1273  z =  +0.55  pct  67.2
                         S7_600                 obs -0.0681  null -0.0303 +- 0.2368  z =  -0.16  pct  44.1
                         S8_slope_vs_xray_R500  obs -0.3870  null -0.3317 +- 0.0638  z =  -0.87  pct  18.5

=== responsiveness d(measured)/d(injected) ===
  injected +0.00  ->  y/S1 -0.1835   y/S3 -0.1089   a0/S1 -0.4683   a0/S3 -0.3229
  injected -0.10  ->  y/S1 -0.2017   y/S3 -0.1295   a0/S1 -0.5045   a0/S3 -0.3639
  injected -0.20  ->  y/S1 -0.2210   y/S3 -0.1508   a0/S1 -0.5429   a0/S3 -0.4067
  injected -0.40  ->  y/S1 -0.2618   y/S3 -0.1947   a0/S1 -0.6239   a0/S3 -0.4943
  injected -0.60  ->  y/S1 -0.3023   y/S3 -0.2361   a0/S1 -0.7045   a0/S3 -0.5772
  d(y/S1)/d(injected) = 0.199
  d(y/S3)/d(injected) = 0.213
  d(a0/S1)/d(injected) = 0.396
  d(a0/S3)/d(injected) = 0.426

=== FPR calibration: size the tests against the FLAT truth ===
  R500-label permutation test : FPR = 0.855 (nominal 0.05, n=200)   [Run AT X-COP: 0.53-0.70]
  naive OLS t-test on S1      : FPR = 0.970 (nominal 0.05)

=== sensitivity to the truth's outer break radius ===
  r_break 0.6 Mpc -> noise-free S1 = -0.1440, S4 = +0.3045
  r_break 1.0 Mpc -> noise-free S1 = -0.1043, S4 = +0.4600
  r_break 1.5 Mpc -> noise-free S1 = -0.0620, S4 = +0.5733

wrote null_results.json  (149s)
