PREPARE DDO154
FIT DDO154 [('rotation', 88.101, True), ('warp', 94.372, True), ('stream', 10.728, True), ('asymmetric', 91.715, True), ('full', 23.08, True)]
PREPARE IC2574
FIT IC2574 [('rotation', 24.641, True), ('warp', 25.104, True), ('stream', 6.677, True), ('asymmetric', 24.499, True), ('full', 11.138, True)]
PREPARE NGC2841
FIT NGC2841 [('rotation', 2.384, True), ('warp', 4.098, True), ('stream', 2.655, True), ('asymmetric', 2.385, True), ('full', 2.711, True)]
PREPARE NGC2903
FIT NGC2903 [('rotation', 3.486, True), ('warp', 3.416, True), ('stream', 3.027, True), ('asymmetric', 2.99, True), ('full', 2.992, True)]
PREPARE NGC2976
FIT NGC2976 [('rotation', 2.083, True), ('warp', 2.09, True), ('stream', 2.454, True), ('asymmetric', 2.098, True), ('full', 2.263, False)]
PREPARE NGC3198
FIT NGC3198 [('rotation', 49.562, True), ('warp', 50.618, True), ('stream', 50.05, True), ('asymmetric', 35.828, True), ('full', 18.85, True)]
PREPARE NGC3521
FIT NGC3521 [('rotation', 39.094, True), ('warp', 38.145, True), ('stream', 29.229, True), ('asymmetric', 39.15, True), ('full', 27.586, True)]
PREPARE NGC4214
FIT NGC4214 [('rotation', 12.412, True), ('warp', 12.225, True), ('stream', 10.16, True), ('asymmetric', 12.412, True), ('full', 9.884, True)]
PREPARE NGC5055
FIT NGC5055 [('rotation', 2.204, True), ('warp', 3.112, True), ('stream', 2.324, True), ('asymmetric', 2.268, True), ('full', 3.03, True)]
PREPARE NGC6946
FIT NGC6946 [('rotation', 1.194, True), ('warp', 1.196, True), ('stream', 1.984, True), ('asymmetric', 1.189, False), ('full', 1.818, True)]
PREPARE NGC7331
FIT NGC7331 [('rotation', 4.74, True), ('warp', 4.769, True), ('stream', 4.768, True), ('asymmetric', 4.74, True), ('full', 4.962, True)]
PREPARE UGC04305
FIT UGC04305 [('rotation', 3.536, True), ('warp', 3.536, False), ('stream', 3.191, True), ('asymmetric', 3.619, True), ('full', 3.272, True)]
DONE 12 fits 0 failures 9 gas tests
