head-to-head at matched gates
   sat m=2 Phi0=1e+12: 20 rows  6s
   sat m=4 Phi0=1e+12: 40 rows  10s
   sat m=2 Phi0=3e+12: 60 rows  15s
   pow m=2 Phi0=3e+12: 80 rows  19s
   pow m=1 Phi0=1e+12: 100 rows  23s
boundary-rule sensitivity
momentum vs resolution
   scalar_a0  n=28 excess 0.8012
   scalar_a0  n=36 excess 0.6670
   scalar_a0  n=44 excess 0.5905
   iso_K      n=28 excess 16.5260
   iso_K      n=36 excess 15.5739
   iso_K      n=44 excess 14.9260
   tensor_d   n=28 excess 1.6991
   tensor_d   n=36 excess 1.7563
   tensor_d   n=44 excess 1.6937
   tensor_T   n=28 excess 0.8724
   tensor_T   n=36 excess 0.6159
   tensor_T   n=44 excess 0.5814
member screen vs member realisation
   scalar_a0  member 0.4188 +- 0.0115
   tensor_S   member 1.2855 +- 1.7247
   tensor_S   member 0.7697 +- 0.6340
cluster grid resolution
   n=48  B=[1.902 2.396 2.725 2.889]  member=0.0071
   n=64  B=[1.916 2.383 2.736 2.903]  member=0.0071
   n=96  B=[1.864 2.36  2.712 2.875]  member=0.0070
wrote focus.json in 181s
