    newton          AAU-ATLAS          6d       argmin L=0.884  dchi2(range)=    315.0
    newton          AAU-AliqaUma       6d       argmin L=0.697  dchi2(range)=    446.1
    newton          Aquarius           6d       argmin L=0.550  dchi2(range)=  10876.5
    newton          C-5                6d       argmin L=1.599  dchi2(range)=   6690.6
    newton          C-7                6d       argmin L=1.599  dchi2(range)=   9046.1
    newton          Fimbulthul         6d       argmin L=1.599  dchi2(range)=   5829.5
    newton          GD-1               6d       argmin L=1.420  dchi2(range)=    151.4
    newton          Gaia-1             6d       argmin L=0.619  dchi2(range)=   1108.1
    newton          Gaia-9             6d       argmin L=1.599  dchi2(range)=  19540.9
    newton          Gunnthra           6d       argmin L=1.800  dchi2(range)=  29385.8
    newton          Hrid               6d       argmin L=0.619  dchi2(range)=  27182.8
    newton          Jhelum             6d       argmin L=1.120  dchi2(range)=   1738.5
    newton          Kshir              6d       argmin L=0.550  dchi2(range)=    841.1
    newton          LMS-1              6d       argmin L=1.120  dchi2(range)=   2816.8
    newton          Leiptr             6d       argmin L=1.800  dchi2(range)=    226.7
    newton          M3-Svol            6d       argmin L=0.619  dchi2(range)=   3186.2
    newton          M68                6d       argmin L=1.420  dchi2(range)=  13717.2
    newton          M92                6d       argmin L=0.619  dchi2(range)=   8553.3
    newton          NGC3201-Gjoll      6d       argmin L=0.995  dchi2(range)=   2314.6
    newton          NGC6397            6d       argmin L=1.800  dchi2(range)=  46087.2
    newton          Orphan-Chenab      6d       argmin L=0.697  dchi2(range)=     43.3
    newton          Pal5               6d       argmin L=0.785  dchi2(range)=    876.1
    newton          Phlegethon         6d       argmin L=0.619  dchi2(range)=  41834.7
    newton          Slidr              6d       argmin L=1.261  dchi2(range)=  15260.2
    newton          Svol               6d       argmin L=0.550  dchi2(range)=   1714.1
    newton          Ylgr               6d       argmin L=0.619  dchi2(range)=    890.8
    newton          Cetus              3d_only  argmin L=0.550  dchi2(range)=    638.7
    newton          Cetus-New          3d_only  argmin L=0.785  dchi2(range)=  14611.6
    newton          Cetus-Palca        3d_only  argmin L=1.120  dchi2(range)=   1631.9
    newton          Gaia-2             3d_only  argmin L=1.420  dchi2(range)=  11216.2
    newton          Gaia-6             3d_only  argmin L=1.261  dchi2(range)=  13553.4
    newton          Jet                3d_only  argmin L=0.550  dchi2(range)=    169.2
    newton          M5                 3d_only  argmin L=0.995  dchi2(range)=   3608.2
    newton          M68-Fjorm          3d_only  argmin L=0.995  dchi2(range)=  20885.6
    newton          NGC1261            3d_only  argmin L=1.261  dchi2(range)=   3190.4
    newton          NGC288             3d_only  argmin L=0.550  dchi2(range)=   8020.6
    newton          NGC5466            3d_only  argmin L=0.619  dchi2(range)=   5215.8
    newton          Sagittarius        3d_only  argmin L=1.120  dchi2(range)=   5395.2
  newton: chi2(Lambda) = [402442.7, 374309.5, 405710.1, 420559.6, 448216.7, 449824.2, 471782.0, 428651.8, 401894.5, 349126.2, 353531.7]
    rar             AAU-ATLAS          6d       argmin L=1.800  dchi2(range)=    379.1
    rar             AAU-AliqaUma       6d       argmin L=1.120  dchi2(range)=    202.3
    rar             Aquarius           6d       argmin L=1.599  dchi2(range)=  24122.6
    rar             C-5                6d       argmin L=1.261  dchi2(range)=   7042.6
    rar             C-7                6d       argmin L=1.800  dchi2(range)=   7277.1
    rar             Fimbulthul         6d       argmin L=1.800  dchi2(range)=   8889.0
    rar             GD-1               6d       argmin L=1.120  dchi2(range)=    392.1
    rar             Gaia-1             6d       argmin L=0.550  dchi2(range)=   1416.6
    rar             Gaia-9             6d       argmin L=1.800  dchi2(range)=  23460.1
    rar             Gunnthra           6d       argmin L=1.599  dchi2(range)=  42946.5
    rar             Hrid               6d       argmin L=1.800  dchi2(range)=  34120.3
    rar             Jhelum             6d       argmin L=0.619  dchi2(range)=   2053.6
    rar             Kshir              6d       argmin L=0.995  dchi2(range)=    299.3
    rar             LMS-1              6d       argmin L=0.995  dchi2(range)=   5289.9
    rar             Leiptr             6d       argmin L=0.995  dchi2(range)=    439.4
    rar             M3-Svol            6d       argmin L=0.884  dchi2(range)=   4301.1
    rar             M68                6d       argmin L=1.420  dchi2(range)=  14380.3
    rar             M92                6d       argmin L=1.800  dchi2(range)=  12889.9
    rar             NGC3201-Gjoll      6d       argmin L=1.800  dchi2(range)=  11326.6
    rar             NGC6397            6d       argmin L=1.800  dchi2(range)=  64556.4
    rar             Orphan-Chenab      6d       argmin L=0.785  dchi2(range)=     24.3
    rar             Pal5               6d       argmin L=1.261  dchi2(range)=    425.3
    rar             Phlegethon         6d       argmin L=1.420  dchi2(range)=  22212.7
    rar             Slidr              6d       argmin L=1.420  dchi2(range)=  31635.9
    rar             Svol               6d       argmin L=0.785  dchi2(range)=   1189.0
    rar             Ylgr               6d       argmin L=1.261  dchi2(range)=    455.4
    rar             Cetus              3d_only  argmin L=1.120  dchi2(range)=   1136.6
    rar             Cetus-New          3d_only  argmin L=1.420  dchi2(range)=  10932.7
    rar             Cetus-Palca        3d_only  argmin L=1.599  dchi2(range)=    749.8
    rar             Gaia-2             3d_only  argmin L=0.619  dchi2(range)=  20191.3
    rar             Gaia-6             3d_only  argmin L=0.884  dchi2(range)=  19550.5
    rar             Jet                3d_only  argmin L=1.420  dchi2(range)=    376.0
    rar             M5                 3d_only  argmin L=0.619  dchi2(range)=   2865.6
    rar             M68-Fjorm          3d_only  argmin L=1.261  dchi2(range)=  75747.6
    rar             NGC1261            3d_only  argmin L=0.697  dchi2(range)=   1073.1
    rar             NGC288             3d_only  argmin L=0.619  dchi2(range)=   9340.4
    rar             NGC5466            3d_only  argmin L=0.619  dchi2(range)=   5051.3
    rar             Sagittarius        3d_only  argmin L=0.995  dchi2(range)=   4224.5
  rar: chi2(Lambda) = [492281.6, 470383.7, 468438.1, 448445.9, 435093.9, 429751.5, 412280.2, 359939.1, 346349.6, 324841.0, 255620.0]
    aqual           AAU-ATLAS          6d       argmin L=0.785  dchi2(range)=    501.8
    aqual           AAU-AliqaUma       6d       argmin L=1.120  dchi2(range)=    294.8
    aqual           Aquarius           6d       argmin L=1.599  dchi2(range)=  51418.5
    aqual           C-5                6d       argmin L=1.420  dchi2(range)=   4695.8
    aqual           C-7                6d       argmin L=1.800  dchi2(range)=   5466.4
    aqual           Fimbulthul         6d       argmin L=1.599  dchi2(range)=   6899.8
    aqual           GD-1               6d       argmin L=1.120  dchi2(range)=    365.5
    aqual           Gaia-1             6d       argmin L=0.550  dchi2(range)=   2455.0
    aqual           Gaia-9             6d       argmin L=1.800  dchi2(range)=  21486.2
    aqual           Gunnthra           6d       argmin L=1.800  dchi2(range)=  38494.1
    aqual           Hrid               6d       argmin L=1.800  dchi2(range)=  29733.6
    aqual           Jhelum             6d       argmin L=1.420  dchi2(range)=    818.6
    aqual           Kshir              6d       argmin L=0.697  dchi2(range)=    246.1
    aqual           LMS-1              6d       argmin L=0.995  dchi2(range)=    594.8
    aqual           Leiptr             6d       argmin L=0.995  dchi2(range)=    672.3
    aqual           M3-Svol            6d       argmin L=0.884  dchi2(range)=   4577.1
    aqual           M68                6d       argmin L=1.800  dchi2(range)=  13040.6
    aqual           M92                6d       argmin L=1.800  dchi2(range)=  13544.0
    aqual           NGC3201-Gjoll      6d       argmin L=1.599  dchi2(range)=  12029.7
    aqual           NGC6397            6d       argmin L=1.800  dchi2(range)=  72817.2
    aqual           Orphan-Chenab      6d       argmin L=0.697  dchi2(range)=     97.2
    aqual           Pal5               6d       argmin L=1.261  dchi2(range)=    470.5
    aqual           Phlegethon         6d       argmin L=0.884  dchi2(range)=  52328.0
    aqual           Slidr              6d       argmin L=1.261  dchi2(range)=  21520.4
    aqual           Svol               6d       argmin L=0.995  dchi2(range)=   1212.3
    aqual           Ylgr               6d       argmin L=1.120  dchi2(range)=    779.6
    aqual           Cetus              3d_only  argmin L=1.120  dchi2(range)=    529.6
    aqual           Cetus-New          3d_only  argmin L=0.619  dchi2(range)=   7600.4
    aqual           Cetus-Palca        3d_only  argmin L=0.550  dchi2(range)=    681.9
    aqual           Gaia-2             3d_only  argmin L=1.261  dchi2(range)=  12572.2
    aqual           Gaia-6             3d_only  argmin L=0.785  dchi2(range)=  21353.1
    aqual           Jet                3d_only  argmin L=1.120  dchi2(range)=    396.0
    aqual           M5                 3d_only  argmin L=1.599  dchi2(range)=   3929.3
    aqual           M68-Fjorm          3d_only  argmin L=1.800  dchi2(range)=  55702.2
    aqual           NGC1261            3d_only  argmin L=1.599  dchi2(range)=   1278.7
    aqual           NGC288             3d_only  argmin L=1.420  dchi2(range)=  12255.8
    aqual           NGC5466            3d_only  argmin L=0.619  dchi2(range)=   4439.3
    aqual           Sagittarius        3d_only  argmin L=0.995  dchi2(range)=   4953.3
  aqual: chi2(Lambda) = [474502.8, 490889.5, 465456.6, 416004.3, 423973.6, 480852.5, 418526.1, 421030.9, 393663.4, 334732.6, 243119.1]
    tidal_scalar    AAU-ATLAS          6d       argmin L=0.785  dchi2(range)=    135.2
    tidal_scalar    AAU-AliqaUma       6d       argmin L=0.550  dchi2(range)=    209.8
    tidal_scalar    Aquarius           6d       argmin L=0.619  dchi2(range)=  16783.1
    tidal_scalar    C-5                6d       argmin L=1.120  dchi2(range)=   5402.6
    tidal_scalar    C-7                6d       argmin L=1.261  dchi2(range)=   6206.0
    tidal_scalar    Fimbulthul         6d       argmin L=1.800  dchi2(range)=  11879.9
    tidal_scalar    GD-1               6d       argmin L=1.120  dchi2(range)=    284.7
    tidal_scalar    Gaia-1             6d       argmin L=1.599  dchi2(range)=    954.9
    tidal_scalar    Gaia-9             6d       argmin L=1.800  dchi2(range)=  23020.1
    tidal_scalar    Gunnthra           6d       argmin L=1.800  dchi2(range)=  38371.6
    tidal_scalar    Hrid               6d       argmin L=1.800  dchi2(range)=  30216.1
    tidal_scalar    Jhelum             6d       argmin L=0.550  dchi2(range)=   2523.1
    tidal_scalar    Kshir              6d       argmin L=1.120  dchi2(range)=    300.9
    tidal_scalar    LMS-1              6d       argmin L=0.995  dchi2(range)=   2113.2
    tidal_scalar    Leiptr             6d       argmin L=1.800  dchi2(range)=    308.1
    tidal_scalar    M3-Svol            6d       argmin L=0.884  dchi2(range)=   2397.9
    tidal_scalar    M68                6d       argmin L=1.800  dchi2(range)=  13942.1
    tidal_scalar    M92                6d       argmin L=1.800  dchi2(range)=  12989.6
    tidal_scalar    NGC3201-Gjoll      6d       argmin L=1.800  dchi2(range)=   6968.0
    tidal_scalar    NGC6397            6d       argmin L=1.800  dchi2(range)=  55971.8
    tidal_scalar    Orphan-Chenab      6d       argmin L=0.697  dchi2(range)=     44.4
    tidal_scalar    Pal5               6d       argmin L=1.120  dchi2(range)=    526.3
    tidal_scalar    Phlegethon         6d       argmin L=1.420  dchi2(range)=  47475.6
    tidal_scalar    Slidr              6d       argmin L=1.420  dchi2(range)=  39290.5
    tidal_scalar    Svol               6d       argmin L=0.884  dchi2(range)=    873.4
    tidal_scalar    Ylgr               6d       argmin L=1.420  dchi2(range)=    806.2
    tidal_scalar    Cetus              3d_only  argmin L=1.120  dchi2(range)=    397.4
    tidal_scalar    Cetus-New          3d_only  argmin L=1.599  dchi2(range)=  11722.7
    tidal_scalar    Cetus-Palca        3d_only  argmin L=1.800  dchi2(range)=    643.8
    tidal_scalar    Gaia-2             3d_only  argmin L=0.884  dchi2(range)=  23973.5
    tidal_scalar    Gaia-6             3d_only  argmin L=0.785  dchi2(range)=  21140.1
    tidal_scalar    Jet                3d_only  argmin L=1.599  dchi2(range)=    432.7
    tidal_scalar    M5                 3d_only  argmin L=1.261  dchi2(range)=   2414.7
    tidal_scalar    M68-Fjorm          3d_only  argmin L=1.261  dchi2(range)=  66169.8
    tidal_scalar    NGC1261            3d_only  argmin L=0.550  dchi2(range)=   1007.4
    tidal_scalar    NGC288             3d_only  argmin L=1.120  dchi2(range)=  14109.7
    tidal_scalar    NGC5466            3d_only  argmin L=0.619  dchi2(range)=   5662.5
    tidal_scalar    Sagittarius        3d_only  argmin L=0.995  dchi2(range)=   2054.7
  tidal_scalar: chi2(Lambda) = [469070.1, 437492.1, 395502.2, 399499.9, 403378.4, 409571.4, 455325.6, 389555.4, 343728.6, 300981.4, 263898.5]
    wellnet_tensor  AAU-ATLAS          6d       argmin L=0.995  dchi2(range)=    367.6
    wellnet_tensor  AAU-AliqaUma       6d       argmin L=1.261  dchi2(range)=    332.0
    wellnet_tensor  Aquarius           6d       argmin L=1.599  dchi2(range)=  43969.9
    wellnet_tensor  C-5                6d       argmin L=1.420  dchi2(range)=   6522.3
    wellnet_tensor  C-7                6d       argmin L=1.800  dchi2(range)=   6769.1
    wellnet_tensor  Fimbulthul         6d       argmin L=1.261  dchi2(range)=  10174.0
    wellnet_tensor  GD-1               6d       argmin L=1.120  dchi2(range)=    575.4
    wellnet_tensor  Gaia-1             6d       argmin L=0.550  dchi2(range)=   2264.0
    wellnet_tensor  Gaia-9             6d       argmin L=1.800  dchi2(range)=  21570.6
    wellnet_tensor  Gunnthra           6d       argmin L=1.800  dchi2(range)=  43337.7
    wellnet_tensor  Hrid               6d       argmin L=1.800  dchi2(range)=  31904.6
    wellnet_tensor  Jhelum             6d       argmin L=0.995  dchi2(range)=   2027.7
    wellnet_tensor  Kshir              6d       argmin L=0.619  dchi2(range)=    275.9
    wellnet_tensor  LMS-1              6d       argmin L=0.995  dchi2(range)=   1313.8
    wellnet_tensor  Leiptr             6d       argmin L=1.800  dchi2(range)=    548.7
    wellnet_tensor  M3-Svol            6d       argmin L=0.785  dchi2(range)=   2598.8
    wellnet_tensor  M68                6d       argmin L=1.800  dchi2(range)=   7482.2
    wellnet_tensor  M92                6d       argmin L=1.800  dchi2(range)=  64761.1
    wellnet_tensor  NGC3201-Gjoll      6d       argmin L=1.800  dchi2(range)=  14691.8
    wellnet_tensor  NGC6397            6d       argmin L=1.800  dchi2(range)=  61362.8
    wellnet_tensor  Orphan-Chenab      6d       argmin L=0.697  dchi2(range)=     83.5
    wellnet_tensor  Pal5               6d       argmin L=1.420  dchi2(range)=    433.8
    wellnet_tensor  Phlegethon         6d       argmin L=1.420  dchi2(range)=  45701.8
    wellnet_tensor  Slidr              6d       argmin L=1.261  dchi2(range)=  35035.2
    wellnet_tensor  Svol               6d       argmin L=1.120  dchi2(range)=   1256.1
    wellnet_tensor  Ylgr               6d       argmin L=1.599  dchi2(range)=    505.6
    wellnet_tensor  Cetus              3d_only  argmin L=1.800  dchi2(range)=    837.7
    wellnet_tensor  Cetus-New          3d_only  argmin L=0.995  dchi2(range)=  12579.8
    wellnet_tensor  Cetus-Palca        3d_only  argmin L=0.550  dchi2(range)=    746.4
    wellnet_tensor  Gaia-2             3d_only  argmin L=0.619  dchi2(range)=  14690.4
    wellnet_tensor  Gaia-6             3d_only  argmin L=0.785  dchi2(range)=  23415.7
    wellnet_tensor  Jet                3d_only  argmin L=1.261  dchi2(range)=    329.1
    wellnet_tensor  M5                 3d_only  argmin L=1.120  dchi2(range)=   2629.9
    wellnet_tensor  M68-Fjorm          3d_only  argmin L=0.785  dchi2(range)=  47419.4
    wellnet_tensor  NGC1261            3d_only  argmin L=1.599  dchi2(range)=   1951.9
    wellnet_tensor  NGC288             3d_only  argmin L=1.420  dchi2(range)=  14712.3
    wellnet_tensor  NGC5466            3d_only  argmin L=0.619  dchi2(range)=   3985.6
    wellnet_tensor  Sagittarius        3d_only  argmin L=0.619  dchi2(range)=   3632.4
  wellnet_tensor: chi2(Lambda) = [526047.2, 515449.8, 530368.4, 437146.0, 398232.3, 419927.8, 433032.3, 374919.6, 320520.6, 312573.6, 272848.4]
MEASURE DONE
