
== MEASURE ==
    newton          AAU-ATLAS          6d       argmin L=0.884  dchi2(range)=    302.5
    newton          AAU-AliqaUma       6d       argmin L=0.619  dchi2(range)=    541.3
    newton          Aquarius           6d       argmin L=0.550  dchi2(range)=  11244.1
    newton          C-5                6d       argmin L=1.800  dchi2(range)=   6830.1
    newton          C-7                6d       argmin L=1.599  dchi2(range)=  11284.1
    newton          Fimbulthul         6d       argmin L=1.420  dchi2(range)=  10478.6
    newton          GD-1               6d       argmin L=1.420  dchi2(range)=    214.8
    newton          Gaia-1             6d       argmin L=0.550  dchi2(range)=   1024.7
    newton          Gaia-9             6d       argmin L=1.599  dchi2(range)=  19895.8
    newton          Gunnthra           6d       argmin L=1.800  dchi2(range)=  33840.4
    newton          Hrid               6d       argmin L=0.619  dchi2(range)=  26378.0
    newton          Jhelum             6d       argmin L=1.120  dchi2(range)=   1586.7
    newton          Kshir              6d       argmin L=0.697  dchi2(range)=    746.5
    newton          LMS-1              6d       argmin L=1.120  dchi2(range)=   3104.3
    newton          Leiptr             6d       argmin L=1.599  dchi2(range)=    225.6
    newton          M3-Svol            6d       argmin L=0.619  dchi2(range)=   3420.0
    newton          M68                6d       argmin L=1.420  dchi2(range)=  13076.1
    newton          M92                6d       argmin L=0.619  dchi2(range)=   9177.8
    newton          NGC3201-Gjoll      6d       argmin L=0.619  dchi2(range)=   1652.1
    newton          NGC6397            6d       argmin L=1.261  dchi2(range)=  40656.9
    newton          Orphan-Chenab      6d       argmin L=0.697  dchi2(range)=     24.9
    newton          Pal5               6d       argmin L=0.785  dchi2(range)=    792.1
    newton          Phlegethon         6d       argmin L=0.619  dchi2(range)=  38822.6
    newton          Slidr              6d       argmin L=1.261  dchi2(range)=  26624.9
    newton          Svol               6d       argmin L=0.550  dchi2(range)=   1848.4
    newton          Ylgr               6d       argmin L=0.697  dchi2(range)=   1065.1
    newton          300S               3d_only  argmin L=0.550  dchi2(range)=   2470.5
    newton          Alpheus            3d_only  argmin L=0.697  dchi2(range)=  11770.1
    newton          C-4                3d_only  argmin L=1.120  dchi2(range)=  13554.4
    newton          C-8                3d_only  argmin L=1.800  dchi2(range)= 112877.1
    newton          Cetus              3d_only  argmin L=1.599  dchi2(range)=    748.8
    newton          Cetus-New          3d_only  argmin L=0.785  dchi2(range)=  13341.3
    newton          Cetus-Palca        3d_only  argmin L=1.261  dchi2(range)=   1597.5
    newton          Gaia-10            3d_only  argmin L=1.599  dchi2(range)=   2211.7
    newton          Gaia-11            3d_only  argmin L=1.120  dchi2(range)=   5407.4
    newton          Gaia-12            3d_only  argmin L=1.800  dchi2(range)=   9129.6
    newton          Gaia-2             3d_only  argmin L=1.261  dchi2(range)=   8244.3
    newton          Gaia-6             3d_only  argmin L=1.261  dchi2(range)=  14423.3
    newton          Gaia-7             3d_only  argmin L=0.785  dchi2(range)=  12061.3
    newton          Gaia-8             3d_only  argmin L=0.550  dchi2(range)=  11374.0
    newton          Hermus             3d_only  argmin L=0.619  dchi2(range)=   1953.0
    newton          Hyllus             3d_only  argmin L=0.619  dchi2(range)=    594.2
    newton          Jet                3d_only  argmin L=0.550  dchi2(range)=    185.1
    newton          Kwando             3d_only  argmin L=1.420  dchi2(range)=   8669.6
    newton          M2                 3d_only  argmin L=0.995  dchi2(range)=   2375.1
    newton          M5                 3d_only  argmin L=0.995  dchi2(range)=   4744.2
    newton          M68-Fjorm          3d_only  argmin L=1.599  dchi2(range)=  21300.2
    newton          NGC1261            3d_only  argmin L=1.261  dchi2(range)=   2880.2
    newton          NGC1851            3d_only  argmin L=1.261  dchi2(range)=  14474.0
    newton          NGC2298            3d_only  argmin L=1.120  dchi2(range)=   5625.8
    newton          NGC2808            3d_only  argmin L=1.261  dchi2(range)=   4214.1
    newton          NGC288             3d_only  argmin L=0.550  dchi2(range)=   8273.2
    newton          NGC3201            3d_only  argmin L=0.995  dchi2(range)=   3576.5
    newton          NGC5466            3d_only  argmin L=0.550  dchi2(range)=   4355.0
    newton          NGC6101            3d_only  argmin L=0.884  dchi2(range)=   9331.7
    newton          OmegaCen-Fimbulthul 3d_only  argmin L=1.800  dchi2(range)=  20501.3
    newton          Parallel           3d_only  argmin L=0.550  dchi2(range)=   4377.9
    newton          Perpendicular      3d_only  argmin L=0.550  dchi2(range)=   1651.4
    newton          Sagittarius        3d_only  argmin L=1.120  dchi2(range)=   5528.7
    newton          Sylgr              3d_only  argmin L=0.619  dchi2(range)=   5103.6
  newton: chi2(Lambda) = [659662.9, 553559.4, 627164.5, 601727.4, 630457.4, 675841.5, 591605.8, 556114.4, 584342.8, 561253.5, 523597.4]
    rar             AAU-ATLAS          6d       argmin L=1.420  dchi2(range)=    342.4
    rar             AAU-AliqaUma       6d       argmin L=1.120  dchi2(range)=    283.0
    rar             Aquarius           6d       argmin L=1.599  dchi2(range)=  30288.3
    rar             C-5                6d       argmin L=1.120  dchi2(range)=   8178.1
    rar             C-7                6d       argmin L=1.800  dchi2(range)=   6344.6
