-- SHARED-QUANTITY null: RC frozen, only stream noise varies
      sim  0  lam_true=1.000 -> lam_hat=0.9871
      sim  1  lam_true=1.000 -> lam_hat=0.9843
      sim  2  lam_true=1.000 -> lam_hat=0.9971
      sim  3  lam_true=1.000 -> lam_hat=1.0144
      sim  4  lam_true=1.000 -> lam_hat=0.9997
      sim  5  lam_true=1.000 -> lam_hat=1.0000
      sim  6  lam_true=1.000 -> lam_hat=1.0116
      sim  7  lam_true=1.000 -> lam_hat=1.0155
      sim  8  lam_true=1.000 -> lam_hat=1.0139
      sim  9  lam_true=1.000 -> lam_hat=1.0526
      sim 10  lam_true=1.000 -> lam_hat=1.0159
      sim 11  lam_true=1.000 -> lam_hat=1.0136
-- n-scaling: 12 streams, full refit
      sim  0  lam_true=1.000 -> lam_hat=1.0038
      sim  1  lam_true=1.000 -> lam_hat=0.8876
      sim  2  lam_true=1.000 -> lam_hat=1.0067
      sim  3  lam_true=1.000 -> lam_hat=0.9146
      sim  4  lam_true=1.000 -> lam_hat=1.0706
      sim  5  lam_true=1.000 -> lam_hat=0.8745
      sim  6  lam_true=1.000 -> lam_hat=0.9829
      sim  7  lam_true=1.000 -> lam_hat=1.0473
      sim  8  lam_true=1.000 -> lam_hat=0.9049
      sim  9  lam_true=1.000 -> lam_hat=0.9807
no_refit_6 mean 1.0088 sd 0.0178
refit_12 mean 0.9674 sd 0.0683
NULL2 DONE
