    NGC4651 newton          dchi2 range   18.83  Lambda = 0.672 [0.623, 0.752]
    NGC4651 rar             dchi2 range   14.27  Lambda = 0.869 [0.762, 0.978]
    NGC4651 aqual           dchi2 range   39.63  Lambda = 1.451 [1.281, 1.620]
    NGC4651 tidal_scalar    dchi2 range   16.50  Lambda = 1.548 [1.445, 1.651]
    NGC4651 wellnet_tensor  dchi2 range   18.31  Lambda = 1.023 [0.901, 1.146]
  -- CAL set (sets the critical value)
      sim  0  lam_true=1.000 -> lam_hat=0.9654
      sim  1  lam_true=1.000 -> lam_hat=0.9887
      sim  2  lam_true=1.000 -> lam_hat=0.9977
      sim  3  lam_true=1.000 -> lam_hat=1.0270
      sim  4  lam_true=1.000 -> lam_hat=1.0207
      sim  5  lam_true=1.000 -> lam_hat=0.9294
      sim  6  lam_true=1.000 -> lam_hat=0.9431
      sim  7  lam_true=1.000 -> lam_hat=1.0207
      sim  8  lam_true=1.000 -> lam_hat=0.9543
      sim  9  lam_true=1.000 -> lam_hat=1.0309
      sim 10  lam_true=1.000 -> lam_hat=1.0011
      sim 11  lam_true=1.000 -> lam_hat=1.0064
  -- AUDIT set (untouched; verifies the false-positive rate)
      sim  0  lam_true=1.000 -> lam_hat=0.9281
      sim  1  lam_true=1.000 -> lam_hat=1.0377
      sim  2  lam_true=1.000 -> lam_hat=1.0201
      sim  3  lam_true=1.000 -> lam_hat=1.0634
      sim  4  lam_true=1.000 -> lam_hat=1.0433
      sim  5  lam_true=1.000 -> lam_hat=1.0619
      sim  6  lam_true=1.000 -> lam_hat=1.0385
      sim  7  lam_true=1.000 -> lam_hat=0.9286
      sim  8  lam_true=1.000 -> lam_hat=1.0232
      sim  9  lam_true=1.000 -> lam_hat=0.9983
      sim 10  lam_true=1.000 -> lam_hat=0.9946
      sim 11  lam_true=1.000 -> lam_hat=0.9870
  -- INJECTION Lambda_true = 0.75
      sim  0  lam_true=0.750 -> lam_hat=0.6000
      sim  1  lam_true=0.750 -> lam_hat=0.8911
      sim  2  lam_true=0.750 -> lam_hat=0.8944
      sim  3  lam_true=0.750 -> lam_hat=0.8877
      sim  4  lam_true=0.750 -> lam_hat=0.9179
      sim  5  lam_true=0.750 -> lam_hat=0.6000
  -- INJECTION Lambda_true = 0.9
      sim  0  lam_true=0.900 -> lam_hat=0.9326
      sim  1  lam_true=0.900 -> lam_hat=0.9220
      sim  2  lam_true=0.900 -> lam_hat=0.9276
      sim  3  lam_true=0.900 -> lam_hat=0.9257
      sim  4  lam_true=0.900 -> lam_hat=0.9188
      sim  5  lam_true=0.900 -> lam_hat=0.9192
  -- INJECTION Lambda_true = 1.15
      sim  0  lam_true=1.150 -> lam_hat=1.0677
      sim  1  lam_true=1.150 -> lam_hat=1.1504
      sim  2  lam_true=1.150 -> lam_hat=1.2004
      sim  3  lam_true=1.150 -> lam_hat=1.1317
      sim  4  lam_true=1.150 -> lam_hat=1.0879
      sim  5  lam_true=1.150 -> lam_hat=1.0736
  -- INJECTION Lambda_true = 1.4
      sim  0  lam_true=1.400 -> lam_hat=1.2356
      sim  1  lam_true=1.400 -> lam_hat=1.2451
      sim  2  lam_true=1.400 -> lam_hat=1.2811
      sim  3  lam_true=1.400 -> lam_hat=1.3174
      sim  4  lam_true=1.400 -> lam_hat=1.2159
      sim  5  lam_true=1.400 -> lam_hat=1.2610
SIDE DONE
