    warp newton   N3726    flat= 7 warped= 5  Sigma0=3.98e+08 Rd=6.30 chi2=3.6
    warp newton   N3769    flat= 6 warped= 6  Sigma0=4.83e+08 Rd=3.34 chi2=5.3
    warp newton   N3893    flat= 4 warped= 7  Sigma0=1.51e+09 Rd=2.52 chi2=1.7
    warp newton   N3917    flat= 9 warped= 8  Sigma0=3e+08 Rd=8.09 chi2=7.9
    warp newton   N3949    flat= 5 warped= 3  Sigma0=1.04e+09 Rd=2.50 chi2=3.4
    warp newton   N4013    flat=13 warped=23  Sigma0=1e+09 Rd=3.96 chi2=1.6
    warp newton   N4088    flat=11 warped= 2  Sigma0=6.51e+08 Rd=4.97 chi2=2.9
    warp newton   N4100    flat=16 warped= 9  Sigma0=6.85e+08 Rd=5.36 chi2=33.6
    warp newton   N4183    flat=22 warped= 1  Sigma0=2.68e+08 Rd=5.06 chi2=26.3
    warp newton   U6446    flat=11 warped= 6  Sigma0=1.68e+08 Rd=3.65 chi2=8.5
    warp newton   U6917    flat=10 warped= 1  Sigma0=2.55e+08 Rd=4.23 chi2=1.1
    warp newton   U6923    flat= 3 warped= 3  Sigma0=2.26e+08 Rd=2.71 chi2=1.8
    warp newton   U6973    flat= 3 warped= 6  Sigma0=2.92e+09 Rd=1.13 chi2=0.1
  newton: c(Lambda=1) = +1.0181 +- 0.2182, best Lambda = 1.260, dchi2 range 4.50
    warp rar      N3726    flat= 7 warped= 5  Sigma0=1.96e+08 Rd=5.07 chi2=4.5
    warp rar      N3769    flat= 6 warped= 6  Sigma0=2.87e+08 Rd=2.31 chi2=2.1
    warp rar      N3893    flat= 4 warped= 7  Sigma0=1.27e+09 Rd=2.08 chi2=0.9
    warp rar      N3917    flat= 9 warped= 8  Sigma0=1.28e+08 Rd=13.75 chi2=12.5
    warp rar      N3949    flat= 5 warped= 3  Sigma0=7.23e+08 Rd=2.38 chi2=5.4
    warp rar      N4013    flat=13 warped=23  Sigma0=1.08e+09 Rd=2.46 chi2=0.2
    warp rar      N4088    flat=11 warped= 2  Sigma0=4.18e+08 Rd=3.58 chi2=11.1
    warp rar      N4100    flat=16 warped= 9  Sigma0=4.32e+08 Rd=4.33 chi2=51.3
    warp rar      N4183    flat=22 warped= 1  Sigma0=1.26e+08 Rd=3.04 chi2=5.0
    warp rar      U6446    flat=11 warped= 6  Sigma0=4.99e+07 Rd=2.54 chi2=4.2
    warp rar      U6917    flat=10 warped= 1  Sigma0=9.77e+07 Rd=3.21 chi2=1.1
    warp rar      U6923    flat= 3 warped= 3  Sigma0=7.03e+07 Rd=3.08 chi2=1.3
    warp rar      U6973    flat= 3 warped= 6  Sigma0=2.98e+09 Rd=0.93 chi2=0.0
  rar: c(Lambda=1) = +0.8390 +- 0.2182, best Lambda = 2.000, dchi2 range 0.67
    warp aqual    N3726    flat= 7 warped= 5  Sigma0=1.92e+08 Rd=5.10 chi2=4.5
    warp aqual    N3769    flat= 6 warped= 6  Sigma0=2.79e+08 Rd=2.33 chi2=2.1
    warp aqual    N3893    flat= 4 warped= 7  Sigma0=1.21e+09 Rd=2.10 chi2=1.0
    warp aqual    N3917    flat= 9 warped= 8  Sigma0=1.26e+08 Rd=13.32 chi2=12.5
    warp aqual    N3949    flat= 5 warped= 3  Sigma0=6.97e+08 Rd=2.39 chi2=5.3
    warp aqual    N4013    flat=13 warped=23  Sigma0=1.02e+09 Rd=2.52 chi2=0.2
    warp aqual    N4088    flat=11 warped= 2  Sigma0=4.05e+08 Rd=3.62 chi2=10.9
    warp aqual    N4100    flat=16 warped= 9  Sigma0=4.19e+08 Rd=4.37 chi2=50.7
    warp aqual    N4183    flat=22 warped= 1  Sigma0=1.24e+08 Rd=3.05 chi2=5.1
    warp aqual    U6446    flat=11 warped= 6  Sigma0=4.96e+07 Rd=2.54 chi2=4.2
    warp aqual    U6917    flat=10 warped= 1  Sigma0=9.66e+07 Rd=3.22 chi2=1.1
    warp aqual    U6923    flat= 3 warped= 3  Sigma0=6.97e+07 Rd=3.07 chi2=1.4
    warp aqual    U6973    flat= 3 warped= 6  Sigma0=2.81e+09 Rd=0.94 chi2=0.0
  aqual: c(Lambda=1) = +0.8364 +- 0.2182, best Lambda = 2.000, dchi2 range 0.31
{
 "n_galaxies": 15,
 "warp_min_deg": 2.0,
 "soft_hz_kpc": 0.2,
 "freeman_gate": {
  "R_kpc": [
   2.0,
   5.0,
   10.0,
   20.0
  ],
  "v_wire": [
   64.5820958741449,
   85.88619266790134,
   76.60404053476485,
   52.59813606060552
  ],
  "v_freeman": [
   68.05156250456652,
   88.42923758780726,
   77.62480365701097,
   52.77503999047826
  ],
  "max_frac_err": 0.05098290917550652,
  "gz_midplane_max": 0.0,
  "soft_hz_kpc": 0.2
 },
 "lam_grid": [
  0.5,
  0.5612,
  0.63,
  0.7071,
  0.7937,
  0.8909,
  1.0,
  1.1225,
  1.2599,
  1.4142,
  1.5874,
  1.7818,
  2.0
 ],
 "results": {
  "newton": {
   "chi2": {
    "0.5": 95.11196938878476,
    "0.5612": 93.52195445450081,
    "0.63": 92.42600597768843,
    "0.7071": 91.68566986933156,
    "0.7937": 91.1983753652754,
    "0.8909": 90.89293361803385,
    "1.0": 90.7174448988541,
    "1.1225": 90.63418735290608,
    "1.2599": 90.61569150183355,
    "1.4142": 90.6417955480508,
    "1.5874": 90.69780883207648,
    "1.7818": 90.77299144290176,
    "2.0": 90.8595515814235
   },
   "lam_best": 1.2599,
   "lam_at_grid_edge": false,
   "dchi2_range": 4.496277886951205,
   "c_at_lam1": 1.0181003884591742,
   "c_err_at_lam1": 0.21816212798106133,
   "b_lnR_at_lam1": 0.34146766092745384,
   "dchi2_adding_psi": 21.778225184257096,
   "chi2_dof_A": 1.3745067408917286,
   "n_points": 80,
   "n_galaxies": 13
  },
  "rar": {
   "chi2": {
    "0.5": 75.67373716987828,
    "0.5612": 75.54317245616905,
    "0.63": 75.43722943458472,
    "0.7071": 75.3508769786931,
    "0.7937": 75.27982991994331,
    "0.8909": 75.22105295380442,
    "1.0": 75.17214034302457,
    "1.1225": 75.13120265367814,
    "1.2599": 75.09680079727663,
    "1.4142": 75.06771861500673,
    "1.5874": 75.04303834780498,
    "1.7818": 75.02200921997007,
    "2.0": 75.00402189462321
   },
   "lam_best": 2.0,
   "lam_at_grid_edge": true,
   "dchi2_range": 0.6697152752550721,
   "c_at_lam1": 0.8389537615694265,
   "c_err_at_lam1": 0.21816212798106133,
   "b_lnR_at_lam1": -0.06019479763467752,
   "dchi2_adding_psi": 14.78826856260794,
   "chi2_dof_A": 1.1389718233791601,
   "n_points": 80,
   "n_galaxies": 13
  },
  "aqual": {
   "chi2": {
    "0.5": 74.96070374851729,
    "0.5612": 74.88712334415617,
    "0.63": 74.8306693066486,
    "0.7071": 74.78733030159708,
    "0.7937": 74.7538801208677,
    "0.8909": 74.72802735881255,
    "1.0": 74.70801319258106,
    "1.1225": 74.69249713649042,
    "1.2599": 74.6804723764249,
    "1.4142": 74.67113959913496,
    "1.5874": 74.66390171259086,
    "1.7818": 74.65829248710241,
    "2.0": 74.6539499933064
   },
   "lam_best": 2.0,
   "lam_at_grid_edge": true,
   "dchi2_range": 0.30675375521089165,
   "c_at_lam1": 0.8364221186571151,
   "c_err_at_lam1": 0.21816212798106133,
   "b_lnR_at_lam1": -0.0560373812578884,
   "dchi2_adding_psi": 14.699152500990863,
   "chi2_dof_A": 1.1319395938269858,
   "n_points": 80,
   "n_galaxies": 13
  }
 },
 "degeneracy": {
  "spearman_R_psi_within_galaxy": [
   0.8787878787878788,
   0
