   ok  decade_results.json
   ok  hsc_stack_results.json
   ok  gates.json
   MISSING calib_check.json

   wrote efeds_hsc_results.json
{
 "raw_shear_obtainable": true,
 "raw_shear_source": "DECADE metacalibration catalogue, delve_dr3.decade_shear, NOIRLab Astro Data Lab TAP, unauthenticated",
 "hsc_per_source_shear_obtainable": false,
 "hsc_block": "HTTP 401 on every hsc-release archive route",
 "n_systems_measured": 248,
 "tangential_signal_sigma": 9.582180248450394,
 "cross_signal_sigma": -0.28938497867574897,
 "beta_potential_depth_raw": 0.0,
 "beta_null_calibrated": 0.07186193494725987,
 "beta_sigma": 0.08359773540381968,
 "beta_sigma_from_zero": 0.8596158089705431,
 "beta_sigma_from_RunR": 1.1964207471602177,
 "random_point_null_sigma": -1.5040675207875351,
 "responsiveness_slope": 0.9984000000000001,
 "dchi2_vs_class_step": 0.0,
 "best_model_on_BIC": "M3  + gamma log r (competitor)",
 "hsc_within_class_leverage_dex": 0.22029556222718308,
 "R2_of_xPhi_on_gbar_and_r": 0.9660860976337501
}
