==============================================================================
H0' NULL -- ln S = one constant per survey, no M/r/g dependence
==============================================================================
   H0' amplitudes from H_P: LoCuSS S = 1.689, SL S = 4.062
   frozen scatters 0.2565 / 0.2004 / 0.1937

   linearised estimator on the REAL data:  c = +0.3384  alpha = -0.0080  beta = -0.0971

   scale 0.25:  kept 200, rejected 0 (0.0%), 139s
      E[c    |H0] median +0.40369  MAD 0.04379   mean +0.40004  sd 0.04094
      E[alpha|H0] median +0.05788  MAD 0.03714   mean +0.05722  sd 0.03696
      E[beta |H0] median -0.06567  MAD 0.07819   mean -0.06580  sd 0.07705

   scale 0.50:  kept 200, rejected 0 (0.0%), 138s
      E[c    |H0] median +0.37924  MAD 0.03842   mean +0.37882  sd 0.03732
      E[alpha|H0] median +0.04634  MAD 0.03436   mean +0.04546  sd 0.03496
      E[beta |H0] median -0.06311  MAD 0.06236   mean -0.06325  sd 0.06532

   scale 1.00:  kept 200, rejected 350 (63.6%), 125s
      E[c    |H0] median +0.34259  MAD 0.03229   mean +0.35487  sd 0.20517
      E[alpha|H0] median +0.00803  MAD 0.02391   mean -0.03586  sd 0.65696
      E[beta |H0] median -0.06286  MAD 0.05192   mean -0.05974  sd 0.05297

   FISHER sigma against the NULL MAD -- never quote the first
   alone for a regressor built from someone else's fit:
      c      Fisher 0.09713   null MAD 0.03229   ratio  3.008
      alpha  Fisher 0.04125   null MAD 0.02391   ratio  1.725
      beta   Fisher 0.04907   null MAD 0.05192   ratio  0.945

   The measurement against its OWN null:
      alpha  = -0.0080;  null median brackets [+0.0080, +0.0579] over the three error scalings;
             -2.75 to -0.67 sigma from its own null
      beta   = -0.0971;  null median brackets [-0.0657, -0.0629] over the three error scalings;
             -0.66 to -0.60 sigma from its own null

   wrote null_results.json
