==============================================================================
PART 8.  SENSITIVITY OF THE VERDICT
==============================================================================

   PRIMARY   (R500 = external catalogue, M = M_gas(<R500), stars x1)
      n = 3365 + 27 + 4;  best on BIC = H_R
      model      dBIC  key parameter
      H0        25.28  
      H_P       18.60  
      H_M       28.37  alpha=+0.020
      H_R        0.00  beta=-0.350
      H_G       22.10  gamma=+0.100
      H_MR       6.00  alpha=-0.063 beta=-0.400
      held-out locuss  pull in sigma  H0:+8.4  H_M:+4.1  H_R:+3.7  H_G:+0.5  H_MR:+4.9
      held-out sl      pull in sigma  H0:+13.0  H_M:+10.7  H_R:+1.9  H_G:+9.1  H_MR:+1.9

   R500_dyn   (declared alternative: R500 from the frozen law and the baryons alone; adds A370 to the SL sample; LoCuSS radius axis is CIRCULAR here and the result must be read with that in mind)
      n = 3365 + 27 + 5;  best on BIC = H_R
      model      dBIC  key parameter
      H0        18.41  
      H_P       12.65  
      H_M       20.95  alpha=+0.032
      H_R        0.00  beta=-0.300
      H_G       15.26  gamma=+0.100
      H_MR       5.20  alpha=-0.066 beta=-0.350
      held-out locuss  pull in sigma  H0:+8.4  H_M:+2.4  H_R:+2.3  H_G:+0.5  H_MR:+2.9
      held-out sl      pull in sigma  H0:+14.0  H_M:+11.1  H_R:+3.7  H_G:+9.7  H_MR:+2.8

   M -> kT   (declared alternative mass axis: core-excised X-ray temperature, which breaks the shared path with the density fit)
      n = 3365 + 27 + 4;  best on BIC = H_R
      model      dBIC  key parameter
      H0        25.28  
      H_P       18.60  
      H_M       20.07  alpha=+0.036
      H_R        0.00  beta=-0.350
      H_G       22.10  gamma=+0.100
      H_MR       7.71  alpha=+0.008 beta=-0.350
      held-out locuss  pull in sigma  H0:+8.4  H_M:+8.0  H_R:+3.7  H_G:+0.5  H_MR:+4.6
      held-out sl      pull in sigma  H0:+13.0  H_M:+20.9  H_R:+1.9  H_G:+9.1  H_MR:+27.8

   stars x0.5   (strong-lens stellar template halved)
      n = 3365 + 27 + 4;  best on BIC = H_R
      model      dBIC  key parameter
      H0        25.55  
      H_P       18.61  
      H_M       28.58  alpha=+0.020
      H_R        0.00  beta=-0.350
      H_G       22.44  gamma=+0.100
      H_MR       5.98  alpha=-0.063 beta=-0.400
      held-out locuss  pull in sigma  H0:+8.4  H_M:+4.1  H_R:+3.7  H_G:+0.4  H_MR:+4.8
      held-out sl      pull in sigma  H0:+13.1  H_M:+10.8  H_R:+2.0  H_G:+9.3  H_MR:+2.0

   stars x2   (strong-lens stellar template doubled)
      n = 3365 + 27 + 4;  best on BIC = H_R
      model      dBIC  key parameter
      H0        24.77  
      H_P       18.58  
      H_M       27.97  alpha=+0.019
      H_R        0.00  beta=-0.350
      H_G       21.52  gamma=+0.100
      H_MR       6.04  alpha=-0.063 beta=-0.400
      held-out locuss  pull in sigma  H0:+8.4  H_M:+4.2  H_R:+3.8  H_G:+0.6  H_MR:+4.9
      held-out sl      pull in sigma  H0:+12.9  H_M:+10.6  H_R:+1.7  H_G:+8.9  H_MR:+1.7

   SL theta < 100"   (strong-lens image systems restricted to mean radius < 100 arcsec, roughly twice the largest cluster Einstein radius known, so that only cluster-scale critical-curve tracers are kept.  This removes the eFEDS/SL overlap in r/R500 almost entirely)
      n = 3365 + 27 + 4;  best on BIC = H_R
      model      dBIC  key parameter
      H0        25.38  
      H_P       18.88  
      H_M       28.49  alpha=+0.019
      H_R        0.00  beta=-0.350
      H_G       22.38  gamma=+0.100
      H_MR       6.04  alpha=-0.063 beta=-0.400
      held-out locuss  pull in sigma  H0:+8.4  H_M:+4.1  H_R:+3.8  H_G:+0.5  H_MR:+4.9
      held-out sl      pull in sigma  H0:+13.9  H_M:+11.3  H_R:+1.6  H_G:+9.7  H_MR:+1.7

   SL theta < 60"   (tighter still: only systems inside the largest observed cluster Einstein radii)
      n = 3365 + 27 + 4;  best on BIC = H_R
      model      dBIC  key parameter
      H0        28.44  
      H_P       22.48  
      H_M       31.67  alpha=+0.016
      H_R        0.00  beta=-0.350
      H_G       26.90  gamma=+0.100
      H_MR       5.27  alpha=-0.066 beta=-0.400
      held-out locuss  pull in sigma  H0:+8.4  H_M:+4.3  H_R:+3.9  H_G:+0.5  H_MR:+5.5
      held-out sl      pull in sigma  H0:+17.3  H_M:+14.1  H_R:+1.0  H_G:+11.9  H_MR:+1.0

   LoCuSS prior 0.10 dex   (widened because M_WL is an NFW-FITTED mass, not raw shear -- the profile-shape systematic is not in Okabe's quoted calibration budget)
      n = 3365 + 27 + 4;  best on BIC = H_R
      model      dBIC  key parameter
      H0        14.92  
      H_P       19.59  
      H_M       27.02  alpha=-0.001
      H_R        0.00  beta=-0.350
      H_G       22.39  gamma=+0.100
      H_MR       4.59  alpha=-0.083 beta=-0.400
      held-out locuss  pull in sigma  H0:+8.4  H_M:+4.1  H_R:+3.7  H_G:+0.5  H_MR:+4.9
      held-out sl      pull in sigma  H0:+13.0  H_M:+12.8  H_R:+2.5  H_G:+11.0  H_MR:+3.5

   SL prior 0.30 dex   (doubled, to test whether the strong-lens anchor is doing the work through its prior rather than its data)
      n = 3365 + 27 + 4;  best on BIC = H_R
      model      dBIC  key parameter
      H0        14.88  
      H_P       19.09  
      H_M       22.31  alpha=+0.005
      H_R        0.00  beta=-0.350
      H_G       17.66  gamma=+0.100
      H_MR       5.83  alpha=-0.060 beta=-0.350
      held-out locuss  pull in sigma  H0:+8.4  H_M:+7.4  H_R:+4.7  H_G:+1.6  H_MR:+6.3
      held-out sl      pull in sigma  H0:+13.0  H_M:+10.7  H_R:+1.9  H_G:+9.1  H_MR:+1.9

   wrote sensitivity_results.json in 554s
