{
  "verified_files": 33,
  "delivery_manifest_sha256": "e3f0aa04920fc145b17d5e7ea3c04ea0c7c60cdcece8351608b5bacb565c52ce",
  "replay": {
    "disposition": "THEORY_BENCHMARK_ONLY",
    "verified_utc": "2026-09-06T18:37:19.008147+00:00",
    "checks_byte_identical": true,
    "input_hashes_identical": true,
    "run_manifest_entries_verified": [
      7,
      7
    ],
    "required_checks_per_run": 203,
    "required_failures_per_run": [],
    "diagnostic_failures_per_run": 27,
    "checks_sha256": "c693008b9b1e82ce2a826dc84ee912165c5476a08204fd0753451fffae041a29",
    "config_sha256": "1133c52f47f9655b6ace5620bc17ee380f28cd0c93730c72c9d1953c6c1dbb60",
    "declaration_sha256": "c9065685fae1dee27f5c7291fe3685f4d8104566401aba391217ec5c4870a6e5",
    "design_sha256": "e62623aaaf79e82375fa53620b9a27ed85c8f296482e92c806f0eca2459d00d7",
    "input_mode": "cached theory references; benchmark and tests contain no network calls",
    "observational_inputs_opened": false,
    "sample_exposure_changed": false,
    "scope": "same environment replay; not a cross-platform floating-point identity claim"
  }
}
