
==============================================================================
STEP 0   GATES -- nothing below is trusted until these pass
==============================================================================

0a  the reused solver reproduces the exact Freeman disk
    relative error at 216x108 : 1.4146e-02  (test_axisym.py: 1.4e-2)   PASS

0b  the vertical-profile family and the DiskMass constant k
    rho(z) = rho_0 sech^(2/n)(n z/(2 h_z)) has, in closed form,
        k = (2/n) (sqrt(pi)/2) Gamma(1/n) / Gamma(1/n + 1/2)
             n         shape   k numeric    k exact   L=int u w du
             1        sech^2     2.00000    2.00000         2.7726
             2          sech     1.57080    1.57080         1.8319
            10  intermediate     1.13231    1.13231         1.1470
         20000   exponential     1.00007    1.00007         1.0001
    sech^2 -> k=2 exactly, sech -> k=pi/2=1.5708, n->inf -> k=1.
    DiskMass adopt k=1.5.  k enters sigma_z^2 LINEARLY and spans a
    factor of two across the family, so it is carried as a nuisance.
    max |numeric - exact| = 1.09e-06   PASS

0c  finite-thickness table (ratio of two solves: box and BC cancel)
    built/loaded in 0.0s

0d  closed form vs the numerical Jeans integral, WITH gas and leakage
    Threshold set by what it costs, not by a round number: 5e-3 on
    sigma_z^2 is 0.002 dex, two orders below the 0.19 dex budget of
    step 5.  Evaluated over R >= 0.2 h_R, the innermost fit window the
    Monte Carlo ever draws.
      max |closed/numeric - 1| = 2.164e-03   PASS
    including R down to 0.02 h_R : 1.000e+00
    The inner discrepancy is not an error in the production path.  It is
    the NUMERICAL comparator flooring K_z at zero where the linearised
    leakage term (z/R) dVc^2/dR, invalid as R -> 0, drives it negative.
    No fit window reaches there.

0e  semi-analytic K_z and g_R vs a full axisym.py 2-D solve
        UGC    Kz med   Kz maxdev    gR med   gR maxdev   conv
        448    0.9958      0.0057    0.9902      0.0358   True
        463    0.9958      0.0057    0.9902      0.0358   True
       1081    0.9962      0.0052    0.9899      0.0374   True
       1087    0.9961      0.0054    0.9900      0.0369   True
       1529    0.9959      0.0055    0.9904      0.0363   True
    modelling systematic adopted: K_z 0.41%, g_R 0.98%   (carried into the error budget)

0f  TRAP CHECK -- the amplitude must move with B_z, the scale length
    must not.  This is the defect in the previous run, made numerical.
      B_z (constant)    sigma_z_0 km/s   h_sigma_z arcsec
                0.25            25.866           31.64452
                0.50            36.579           31.64452
                1.00            51.731           31.64452
                2.00            73.159           31.64452
                4.00           103.462           31.64452
                8.00           146.318           31.64452
    log10 spread: amplitude 0.7526 dex   scale length 1.64e-15 dex
    -> the scale length is INVARIANT to a constant B_z to machine
       precision.  The previous run's statistic could not see B0 at all.

    step 0 wall time 19.8s

==============================================================================
STEP 1   DiskMass ingest, declared cuts, and the endogeneity audit
==============================================================================
   DiskMass galaxies joined on UGC : 30
   dropped UGC  4458            : e_sigma_LOS_0/sigma_LOS_0 > 0.30
   dropped UGC  8196            : e_sigma_LOS_0/sigma_LOS_0 > 0.30
   RETAINED                        : 28

1a  caveat 4 -- h_R is tabulated in arcsec (VI) and in kpc (VII)
    h_R(arcsec) x D/206.265 vs h_R(kpc): median 0.9970, max |dev| 0.0347   -> the same quantity

1b  caveat 3 -- h_z is INFERRED from h_R, not measured
    r(log h_R, log h_z) = 0.99927, slope 0.645
    h_z carries no independent information.  Unlike the scale-length
    test it does NOT cancel from the amplitude -- sigma_z^2 is linear in
    h_z -- so it is marginalised with a per-galaxy width AND a
    common-mode zero-point width, never fixed.

1c  ENDOGENEITY -- the DiskMass rotation amplitude is TF-derived
    V_c,sin i/sin(i_TF) vs V_flat(TF): max |dev| 0.0041 over 28
    The same number to rounding: the inclination came from inverting the
    K-band Tully-Fisher relation, so the deprojected circular speed IS
    the TF prediction from M_K.  Consequences, applied throughout:
      * no law is fitted to DiskMass rotation; the fits are SPARC-only;
      * the rotation-curve SHAPE (arctan r_s, hence dlnV/dlnR and the
        epicyclic sigma_theta/sigma_R) is a real measurement and IS used;
      * the Upsilon-free A_dyn of step 6c is reported TF-conditional.

1d  photometry cross-check: two independent routes to the disk light
    log L(mu0_K_i, h_R) - log[L(M_K)/(1+B/D)] : median +0.013 dex, scatter 0.038 dex

1e  the adopted velocity ellipsoid, recovered from the published pair
    alpha_eff implied by (sigma_LOS_0, sigma_z_0, i): n=28  median 0.561  16-84% [0.462, 0.605]
    Consistent with the alpha ~ 0.6 DiskMass adopt.  The forward model
    therefore predicts sigma_z, projects with ITS OWN alpha, and compares
    to sigma_LOS_0 -- the raw observable -- so the ellipsoid shape is an
    explicit nuisance rather than an inherited one.

1f  dynamic range for a DIFFERENTIAL test: mu0_K_i spans 16.03..19.89 mag/arcsec^2
    = factor 35 in central surface density; that is what a differential test can exploit.

==============================================================================
STEP 2   Fit the laws to ROTATION CURVES ONLY (SPARC), then FREEZE
==============================================================================

   SPARC galaxies with curves : 175
   dropped, no Table 1 entry  : 0
   dropped, Qual > 2          : 12
   dropped, i < 30 deg        : 10
   dropped, no V_flat         : 30
   dropped, < 5 points        : 0
   RETAINED                   : 123
   radial points              : 2858

   strata                     : 12
   train                      :   75  (61.0%)
   validation                 :   24  (19.5%)
   blind                      :   24  (19.5%)

    model                        free  a0 fitted     RMS train  RMS blind
    --------------------------------------------------------------------------
    RAR nu=1/(1-exp(-sqrt(x)))      1  1.084e-10      0.1641     0.1485
    AQUAL simple mu=x/(1+x)         1  1.059e-10      0.1647     0.1474
    Newton (no free parameter)      0         --      0.5215     0.5273
    --------------------------------------------------------------------------
    Fitted on the TRAIN split only, at the declared Upsilon_3.6=0.5/0.7,
    minimising RMS in log10 g.  FROZEN from here on.
    a0 is quoted as a descriptive best fit, not a likelihood: step 4d
    shows chi2/dof for the vertical comparison before any lnL is used.

    anisotropic tensor (mu_z=1)  : eta=4.0000  a0=5.779e-10
    isotropic   tensor (mu_z=mu_R): eta=0.5516  a0=1.393e-10
    Adopted from the emulated 2-D fit to the SAME SPARC train rotation
    curves (mirror/adyn.log STEP 1c; RMS train 0.3932/0.2649, blind
    0.4015/0.2801 dex).  Not refitted and not tuned to anything vertical.
    Here they are re-solved DIRECTLY with axisym.py, so no emulator and
    no emulator extrapolation enters this run.

==============================================================================
STEP 3   Vectorised forward model, aperture/PSF operator, validation
==============================================================================

3a  aperture (2.7" fibre) (x) seeing (1.5" FWHM), luminosity weighted
    DiskMass shift each fibre to the local V_LOS before co-adding, so the
    residual smearing is the WITHIN-fibre gradient -- what a fibre-sized
    kernel reproduces.  Measured, not assumed.
    median aperture correction over 0.3-2 h_R : 1.0040   (max 1.0164)
    effect on the fitted amplitude  : median 1.0018  max 0.0132
    effect on the fitted scale length: median 1.0042  max 0.0121
    Small because the fit window excludes the steep inner gradient.
    Applied to the model regardless.

3b  vectorised chain vs the per-galaxy object chain
    max |vectorised/object - 1| on sigma_z^2 = 1.280e-13   PASS

3c  does the baryon model reproduce the tabulated rotation?
    NOTE step 1c: V_c here IS the TF prediction, so this is a consistency
    check on photometry + M/L, not an independent dynamical test.
    V_bar^2/V_c^2 at 2.2 h_R, Upsilon_K=0.60, f_gas=0.25 : median 0.506  16-84% [0.286, 0.683]
    DiskMass VII report submaximal disks: V_disk/V_c ~ 0.57 at 2.2 h_R,
    a mass fraction ~0.32.  Recovered here: 0.51 (baryons incl. gas).

==============================================================================
STEP 4   Frozen-law predictions of the AMPLITUDE and the scale length
==============================================================================

4a  per-galaxy 2-D tensor solves (the tensor has no exact reduction)
    84 solves in 273.9s; all converged: True
    B_R and B_z for the tensor are ratios of two solves on the SAME grid,
    so the box size and the monopole boundary condition cancel.  The
    semi-analytic reduction gives B_z = 1/mu_z exactly (so 1.000 for the
    anisotropic case); the solved values below are the leak-difference
    correction to that, and are the ones used.
    law              B_z(2-D) @1hR    @2.2hR    semi-analytic 1/mu_z
    tensor_aniso            1.0372    1.0453                  1.0000
    tensor_iso              1.3223    1.8928                  1.8824

4b  extrapolation audit -- np.interp CLAMPS silently
      thickness table, R/h_R axis   : 0.00% (queries 0.02-5, table 0-16 h_R)
      thickness table, h_sech/h_R   : 0.00% clamped (queries 0.179-0.350, table 0.04-0.45)
      tensor B_R onto the R/h_R grid: 0.00% (solver spans 0-14 h_R)
      vertical-profile k -> n table : k drawn in [1.50,2.00], table covers [1.00,2.30]  0.00%
    No headline number below rests on a clamped value.

4c  amplitude and scale length predicted by each FROZEN law
    fiducial nuisances: Upsilon_K=0.60, f_gas=0.25, h_z tabulated,
    k=1.5 (the DiskMass value), alpha=0.60, fit window 0.3-2.0 h_R
    law             sig_LOS_0 pred     obs  obs/pred  h_sig pred    obs  B_R@2.2   B_z@1  B_z@2.2
    ---------------------------------------------------------------------------------------------
    newton                   60.64   51.05     0.861       30.80  28.65    1.000   1.000    1.000
    rar                      72.38   51.05     0.717       35.20  28.65    1.915   1.565    1.843
    aqual_simple             72.61   51.05     0.711       34.96  28.65    1.929   1.569    1.837
    tensor_aniso             61.16   51.05     0.853       31.34  28.65    1.438   1.037    1.045
    tensor_iso               60.10   51.05     0.864       48.16  28.65    1.607   1.322    1.893
    ---------------------------------------------------------------------------------------------
    'obs/pred' squared is the EXTRA vertical boost the data demand on top
    of that law at the fiducial nuisances.  For Newton it is B_z itself.

4d  chi2/dof BEFORE any likelihood language is used
    Measurement errors only (no nuisance freedom), so this is the
    question 'do the published error bars alone explain the residuals?'
    law             chi2/dof amp   chi2/dof h  median resid dex
    newton                 27.61        10.48            -0.065
    rar                    77.61        20.23            -0.145
    aqual_simple           79.40        19.99            -0.148
    tensor_aniso           28.91        11.09            -0.069
    tensor_iso             25.72       132.91            -0.063
    chi2/dof is NOT near 1 for any law.  That is expected and it is the
    point: the residual is dominated by the nuisance parameters
    (Upsilon_K, h_z, k, gas, alpha), not by measurement noise.  No lnL,
    AIC or BIC is quoted anywhere in this run.  Everything below is an
    explicit error budget instead.

==============================================================================
STEP 5   POSTERIOR on B_z = K_z/K_z,Newton, nuisances marginalised
==============================================================================

    B_z is defined against the Newtonian vertical force of the SAME baryon
    model, so it is the empirical vertical boost the data require:

        B_z(galaxy) = [ sigma_LOS_0(observed) / sigma_LOS_0(model, Newton) ]^2

    Nuisances drawn per Monte-Carlo sample.  COMMON-MODE entries apply the same
    shift to every galaxy and therefore do NOT average down with sqrt(N); that
    distinction is the whole error budget and is reported separately.

      common-mode                     per-galaxy
      -----------                     ----------
      Upsilon_K zero point 0.15 dex   Upsilon_K scatter        0.06 dex
      (B-K) colour slope 0.15+-0.10   h_z from e_h_z (tabulated)
      h_z relation zero pt 0.10 dex   f_gas scatter            0.15 dex
      k in [1.5, 2.0]                 sigma_LOS_0 from e_sigma_LOS_0
      alpha = 0.60 +- 0.12            distance from e_Dist
      f_gas median 0.25, 0.20 dex
      h_gas/h_R in [1.5, 3.0]
      h_zgas/h_z in [0.3, 0.8]
      fit window lo U(0.2,0.5) hi U(1.5,2.5)

    6000 forward models in 5.3s

    sample-mean log10 B_z, statistical only : -0.091  68% [-0.114, -0.069]  95% [-0.137, -0.048]
    sample-mean log10 B_z, full budget     : -0.146  68% [-0.330, +0.033]  95% [-0.521, +0.223]
    -> B_z (statistical only) = 0.811  68% [0.768, 0.853]  95% [0.730, 0.896]
    -> B_z (FULL BUDGET)      = 0.715  68% [0.468, 1.079]  95% [0.301, 1.670]

    width on log10 B_z: statistical 0.0226 dex,  full 0.1919 dex
    the systematic floor is 0.1906 dex, 8.4x the statistical part.
    More galaxies would shrink only the statistical part.  This is a
    DEGENERACY, not a noise problem.

5b  which nuisance carries the width?  one at a time, others fixed
    nuisance varied                      sd(log10 B_z) dex    factor
    Upsilon_K zero point (0.15 dex)                 0.1543     1.427
    (B-K) colour slope                              0.0241     1.057
    h_z relation zero point (0.10)                  0.0724     1.181
    k, vertical profile [1.5,2.0]                   0.0333     1.080
    alpha = sigma_z/sigma_R                         0.0779     1.196
    f_gas median                                    0.0293     1.070
    gas radial scale length                         0.0256     1.061
    gas scale height                                0.0231     1.055
    fit window                                      0.0233     1.055
    measurement errors only                         0.0151     1.035

==============================================================================
STEP 6   A_dyn = B_R / B_z per law, with uncertainties
==============================================================================

    Three distinct quantities, kept apart on purpose:

    (a) A_dyn PREDICTED by each law         = B_R(law) / B_z(law).  Pure theory.
    (b) A_dyn REQUIRED by the data, per law = B_R(law) / B_z(observed).
    (c) A_dyn DIRECT, Upsilon-free          = B_R(obs) / B_z(obs), which needs no
        stellar M/L because it cancels -- but does need the TF-derived rotation
        amplitude of step 1c, so it is TF-conditional.

6a  A_dyn predicted by each frozen law (theory only, no data)
    law             B_R @1hR  B_z @1hR  A_dyn @1hR  B_R @2.2  B_z @2.2  A_dyn @2.2
    newton             1.000     1.000       1.000     1.000     1.000       1.000
    rar                1.715     1.565       1.096     1.915     1.843       1.040
    aqual_simple       1.736     1.569       1.106     1.929     1.837       1.050
    tensor_aniso       1.119     1.037       1.080     1.438     1.045       1.377
    tensor_iso         1.104     1.322       0.834     1.607     1.893       0.849
    Newton is 1/1 = 1 by construction.  RAR and AQUAL sit slightly ABOVE
    1 because nu and mu depend on |grad Phi|, which grows with |z| as
    K_z -> 2 pi G Sigma; the vertical boost is therefore diluted over the
    layer relative to the midplane radial boost.  The anisotropic tensor
    (mu_z = 1) is the only law with A_dyn far from 1 by construction.

6b  A_dyn REQUIRED by the data, per law:  B_R(law)/B_z(observed)
    800 draws x 5 laws in 926.8s

    law                          B_z predicted (amp)
    newton        1.000  68% [1.000, 1.000]  95% [1.000, 1.000]
    rar           1.547  68% [1.401, 1.706]  95% [1.301, 1.930]
    aqual_simple  1.548  68% [1.416, 1.691]  95% [1.326, 1.894]
    tensor_aniso  1.023  68% [1.019, 1.028]  95% [1.017, 1.031]
    tensor_iso    1.003  68% [0.998, 1.009]  95% [0.995, 1.012]

    law                A_dyn required = B_R(law)/B_z(obs) at 2.2 h_R
    newton             1.361  68% [0.888, 2.137]  95% [0.613, 3.122]
    rar                2.853  68% [2.032, 4.019]  95% [1.515, 5.539]
    aqual_simple       2.874  68% [2.042, 4.063]  95% [1.522, 5.603]
    tensor_aniso       2.032  68% [1.326, 3.190]  95% [0.915, 4.661]
    tensor_iso         2.309  68% [1.506, 3.624]  95% [1.040, 5.295]

6c  A_dyn DIRECT (Upsilon-free), from matched radii
    B_R = V_obs^2/V_bar,N^2 and B_z = sigma_z,obs^2/sigma_z,N^2 both carry
    1/Upsilon, so the RATIO does not.  Verified numerically below rather
    than asserted.  Uses the reconstructed observed exponentials, so the
    unpublished (amplitude, scale length) covariance is bracketed.

    invariance check -- Upsilon_K scanned over a decade at fixed everything else
     Upsilon_K   median B_R   median B_z  median A_dyn
          0.15        7.908        1.955        3.2629
          0.30        3.954        0.978        3.2629
          0.60        1.977        0.489        3.2629
          1.20        0.988        0.244        3.2629
          2.40        0.494        0.122        3.2629
    spread in A_dyn over a 16x range in Upsilon_K: 0.00e+00 dex   -> the cancellation is exact
    (B_R moved 1.20 dex over the same range, so the
     invariance is a real cancellation, not an insensitive statistic.)

    responsiveness -- A_dyn DIRECT must move with its own levers
    lever                            value   median A_dyn
    h_z x0.7                                        2.241
    h_z x1.0                                        3.263
    h_z x1.4                                        4.669
    k = 1.0                                         2.147
    k = 1.5                                         3.263
    k = 2.0                                         4.419
    alpha = 0.45                                    3.854
    alpha = 0.60                                    3.263
    alpha = 0.80                                    2.843

    A_dyn DIRECT at 2.2 h_R, fit corr rho=+0.0 : 3.754  68% [2.764, 5.151]  95% [2.058, 6.870]

    A_dyn DIRECT at 2.2 h_R, fit corr rho=-0.9 : 3.975  68% [2.924, 5.537]  95% [2.230, 7.729]
    TF-conditional: the numerator uses V_flat(TF), not an independent
    rotation measurement.  It is reported for completeness, and it is NOT
    the headline.

==============================================================================
STEP 7   The DIFFERENTIAL test -- immune to a common-mode error
==============================================================================

    A single wrong Upsilon_K, h_z or k shifts every galaxy's B_z by the SAME
    factor.  It cannot create a correlation between the measured B_z and the
    B_z a law predicts galaxy by galaxy.  The DiskMass sample spans a factor of
    ~35 in central surface density, so the laws predict B_z varying across the
    sample, and the slope of that relation is a test with no common-mode floor.

        log10 B_z(observed)  =  c  +  s * log10 B_z(law)

    s = 0 : the vertical field does not track the law's prediction (Newton)
    s = 1 : it tracks it exactly

    law             range predicted           slope s [68%]  resid rms   infl
    rar                       0.390     +1.19 [+0.95,+1.45]      0.163   1.34
    aqual_simple              0.354     +1.31 [+1.05,+1.61]      0.163   1.33
    tensor_aniso              0.027  +17.20 [+13.34,+21.60]      0.166   1.36
    tensor_iso                0.086     +5.56 [+4.27,+7.23]      0.167   1.37

    residual scatter about the fit vs the scatter the nuisance model
    itself produces (0.122 dex): the ratio
    is the inflation applied to sd(s) below, so an under-modelled
    galaxy-to-galaxy term cannot masquerade as significance.
    law              slope s    sd raw   sd inflated   s/sd (inflated)
    rar                1.185     0.314         0.420              2.82
    aqual_simple       1.308     0.353         0.471              2.78
    tensor_aniso      17.203     5.016         6.822              2.52
    tensor_iso         5.556     1.580         2.160              2.57

    Label-control null: the predicted values are SHUFFLED across
    galaxies, destroying the physical pairing but preserving both
    marginals.  A slope the null reaches is not evidence.
    law               true slope            null 2.5-97.5%   p(one-sided)
    rar                    1.185            [-0.85, +0.80]         0.0000
    aqual_simple           1.308            [-0.86, +0.96]         0.0050
    tensor_aniso          17.203          [-12.63, +12.14]         0.0050
    tensor_iso             5.556            [-3.84, +3.83]         0.0075

    Confound audit.  The predictor is driven by surface density, which
    also drives colour and h_z.  Partial slopes with those held:
    law                raw s   | B-K held   | mu0_K held  | h_z/h_R held
    rar                1.180        1.234          1.037           1.122
    aqual_simple       1.305        1.362          1.178           1.240
    tensor_aniso      17.165       17.123         10.959          16.566
    tensor_iso         5.571        5.465          3.272           5.415

    Direct form of the same test, against the raw driver.  Regress
    log10 B_z(observed) on log10 Sigma_0(K band), and compare with the
    slope each law predicts for that same regression.  This needs no
    law-specific predictor and is the least model-dependent version.
    quantity                             d log10 B_z / d log10 Sigma_0
    OBSERVED                  -0.346  68% [-0.416, -0.276]  95% [-0.483, -0.220]
                                             sd inflated x1.35 = 0.173
    Newton predicts                                              0.000
    rar predicts              -0.291  68% [-0.325, -0.254]  95% [-0.357, -0.220]
    aqual_simple predicts     -0.264  68% [-0.296, -0.228]  95% [-0.330, -0.196]
    tensor_aniso predicts     -0.020  68% [-0.022, -0.017]  95% [-0.024, -0.014]
    tensor_iso predicts       -0.055  68% [-0.068, -0.043]  95% [-0.078, -0.035]

    The observed slope is 2.0 sigma from the Newtonian zero.  That is the one place in this
    analysis where the data have real power, because a common-mode error
    in Upsilon_K, h_z or k moves the INTERCEPT, not the slope.

7b  audits of that slope, because it is the only live signal here
    (i)  bootstrap over galaxies       : -0.349  68% [-0.456, -0.221]  95% [-0.561, -0.071]
         fraction of bootstrap resamples with slope >= 0 : 0.0095
         -- the most conservative error estimator here, because it
            absorbs any galaxy-to-galaxy term the nuisance model misses
         leave-one-out range           : [-0.315, -0.204]
    (ii) an instrumental dispersion floor would bias the LOW-sigma end
         upward and could fake a negative slope.  Add a spurious
         quadrature term eps to the observed sigma^2 and refit:
         eps =  0.0 km/s in quadrature -> slope -0.344
         eps =  5.0 km/s in quadrature -> slope -0.337
         eps = 10.0 km/s in quadrature -> slope -0.319
         eps = 15.0 km/s in quadrature -> slope -0.292
         eps = 20.0 km/s in quadrature -> slope -0.260
         DiskMass instrumental sigma is ~17-20 km/s and is removed in
         their fits; even a fully uncorrected 20 km/s residual moves the
         slope by far less than the distance to zero.
    (iii) gas fraction anticorrelates with surface density in real
          spirals, and M_gas is NOT tabulated here.  Impose a trend
          f_gas ~ Sigma_0^(-b) at fixed sample mean and refit:
          d log f_gas/d log Sigma_0 = -0.0 -> observed slope -0.343
          d log f_gas/d log Sigma_0 = -0.2 -> observed slope -0.330
          d log f_gas/d log Sigma_0 = -0.4 -> observed slope -0.311
          d log f_gas/d log Sigma_0 = -0.6 -> observed slope -0.304
          A gas fraction varying by a factor ~6 across the sample shifts
          the slope by well under half the distance to zero, and the
          shift is in the direction that WEAKENS, not creates, it.

    (iv) which inputs vary systematically with Sigma_0 at all?
         corr(log Sigma_0, inclination i_TF          ) = -0.057
         corr(log Sigma_0, sin^2 i                   ) = -0.012
         corr(log Sigma_0, B-K colour                ) = +0.336
         corr(log Sigma_0, log h_R                   ) = -0.332
         corr(log Sigma_0, log h_z                   ) = -0.347
         corr(log Sigma_0, log sigma_LOS_0 (observed)) = +0.679
         The inclination is UNCORRELATED with Sigma_0, so an error in
         alpha -- which enters only through sin^2 i -- cannot fake the
         slope.  h_R and hence h_z do correlate, so the h_z-h_R relation
         is the one input that could.  Perturb its exponent and refit:
         d(log h_z)/d(log h_R) shifted by -0.30 -> slope -0.366
         d(log h_z)/d(log h_R) shifted by -0.15 -> slope -0.352
         d(log h_z)/d(log h_R) shifted by +0.00 -> slope -0.340
         d(log h_z)/d(log h_R) shifted by +0.15 -> slope -0.330
         d(log h_z)/d(log h_R) shifted by +0.30 -> slope -0.316
         d log h_R/d log Sigma_0 = -0.174 in this sample, so an
         error d in the relation's exponent moves the slope by about
         +0.174 d.  Removing the observed slope entirely would need
         d = 1.99, against a published
         exponent of 0.643 -- i.e. the Bershady+2010b relation would have
         to be wrong in SLOPE by that much, not merely in zero point.

==============================================================================
STEP 8   What precision would make this decisive?
==============================================================================

    The amplitude test measures  log B_z = 2 log sigma_z(obs) - log Upsilon_K
    - log h_z - log k + const.  Its width is 0.192 dex, and the dominant
    terms are common-mode, so N galaxies do not help.

    Separations that must be resolved.  B_z(law) here is the AMPLITUDE-based
    value -- the boost in the fitted sigma_LOS_0, which is what the amplitude
    test actually measures -- not the pointwise value at one radius.
    law             log10 B_z(law) amp    separation from Newton  sigma at current
    newton                       0.000                     0.000              0.00
    rar                          0.189                     0.189              0.99
    aqual_simple                 0.190                     0.190              0.99
    tensor_aniso                 0.010                     0.010              0.05
    tensor_iso                   0.001                     0.001              0.01

    Is each law's B_z CONSISTENT with the observed one?  This is the
    question the brief asks, and it is not the same as the table above.
    law             log10 Bz(law)  log10 Bz(obs)  difference   sigma     verdict
    newton                  0.000         -0.146       0.146    0.76  consistent
    rar                     0.189         -0.146       0.335    1.70  consistent
    aqual_simple            0.190         -0.146       0.335    1.71  consistent
    tensor_aniso            0.010         -0.146       0.156    0.81  consistent
    tensor_iso              0.001         -0.146       0.147    0.76  consistent
    Every law is within 2 sigma of the observed amplitude, including
    Newton and including the two that predict a 50 per cent vertical
    boost.  The amplitude does not choose between them.

    To separate the strongest MOND-like prediction from Newton at 3 sigma the
    total budget on log10 B_z must fall below 0.063 dex.
    log B_z = 2 log sigma_z - log Upsilon_K - log h_z - log k + const, so the
    four dominant terms add in quadrature and each must reach about
    0.032 dex (8 per cent).  Term by term, against today:
    term                                   today    needed   factor
    Upsilon_K zero point                   0.154     0.032      4.9x
    alpha = sigma_z/sigma_R                0.078     0.032      2.5x
    h_z relation zero point                0.072     0.032      2.3x
    k, vertical profile shape              0.033     0.032      1.1x
    Concretely that means, simultaneously:
      * Upsilon_K to ~8 per cent ABSOLUTE (an IMF zero point, not a
        relative calibration) -- the hardest of the four;
      * h_z MEASURED, not inferred from h_R: edge-on scale heights for these
        galaxies, or a resolved vertical decomposition;
      * the profile shape k pinned to ~10 per cent, which means resolving the
        tracer population mix -- an old thick component and a young thin one do
        not share a scale height, and the DiskMass sigma_z is a mixture;
      * the velocity ellipsoid alpha measured rather than adopted, which needs
        galaxies at two inclinations or a proper 3-integral model;
      * an independent inclination, so the rotation side stops depending on the
        inverted Tully-Fisher relation.
    None of these is a matter of more galaxies.

    The DIFFERENTIAL slope is the route that does NOT need the zero points.
    Its current width is set by the per-galaxy scatter and the range of the
    predictor.  Scaling sd(s) ~ sigma_gal /(sqrt(N) sd(x)):
      rar            sd(s) = 0.420 (inflated); N for sd(s)=0.15 :    220   N for sd(s)=0.10 :    495
      aqual_simple   sd(s) = 0.471 (inflated); N for sd(s)=0.15 :    277   N for sd(s)=0.10 :    622
      tensor_aniso   sd(s) = 6.822 (inflated); N for sd(s)=0.15 :  57923   N for sd(s)=0.10 : 130326
      tensor_iso     sd(s) = 2.160 (inflated); N for sd(s)=0.15 :   5807   N for sd(s)=0.10 :  13066
    Only the RAR predictor has enough dynamic range across this sample
    for the differential route to be affordable.  For the tensor laws the
    predicted B_z barely varies galaxy to galaxy, so no sample size makes the
    differential test work -- a wider range in surface density is needed, not
    more galaxies at the same surface density.

==============================================================================
SUMMARY
==============================================================================

    B_z OBSERVED (empirical vertical boost referred to Newton, amplitude-based,
    full nuisance budget)
        0.715  68% [0.468, 1.079]  95% [0.301, 1.670]
        statistical part alone: 0.811  68% [0.768, 0.853]  95% [0.730, 0.896]

    B_z PREDICTED by each frozen law, amplitude-based (rotation-curve fits only):
        newton         1.000  68% [1.000, 1.000]  95% [1.000, 1.000]
        rar            1.547  68% [1.401, 1.706]  95% [1.301, 1.930]
        aqual_simple   1.548  68% [1.416, 1.691]  95% [1.326, 1.894]
        tensor_aniso   1.023  68% [1.019, 1.028]  95% [1.017, 1.031]
        tensor_iso     1.003  68% [0.998, 1.009]  95% [0.995, 1.012]

    B_z PREDICTED pointwise at 2.2 h_R (for reference; the amplitude test does
    not measure this directly):
        newton         1.000
        rar            1.843
        aqual_simple   1.837
        tensor_aniso   1.045
        tensor_iso     1.893

    A_dyn = B_R/B_z PREDICTED by each law at 2.2 h_R (theory, no data):
        newton         B_R 1.000 / B_z 1.000 = 1.000
        rar            B_R 1.915 / B_z 1.843 = 1.040
        aqual_simple   B_R 1.929 / B_z 1.837 = 1.050
        tensor_aniso   B_R 1.438 / B_z 1.045 = 1.377
        tensor_iso     B_R 1.607 / B_z 1.893 = 0.849

    A_dyn REQUIRED by the data given each law's B_R, at 2.2 h_R:
        newton         1.361  68% [0.888, 2.137]  95% [0.613, 3.122]
        rar            2.853  68% [2.032, 4.019]  95% [1.515, 5.539]
        aqual_simple   2.874  68% [2.042, 4.063]  95% [1.522, 5.603]
        tensor_aniso   2.032  68% [1.326, 3.190]  95% [0.915, 4.661]
        tensor_iso     2.309  68% [1.506, 3.624]  95% [1.040, 5.295]

    DIFFERENTIAL result (immune to a common-mode Upsilon_K / h_z / k error):
        d log10 B_z / d log10 Sigma_0   observed  -0.346 +- 0.173
                                              Newton    +0.000
                                              rar       -0.291
                                              aqual_simple-0.264
                                              tensor_aniso-0.020
                                              tensor_iso-0.055

    Can the data separate A_dyn = 1 from A_dyn > 1?
      amplitude route : NO.  The width on log10 B_z is 0.192 dex, the largest
                        law-to-Newton separation is
                        0.190 dex, i.e.
                        0.99 sigma.  The absolute amplitude
                        cannot tell B_z = 1 from B_z = 1.5.
      differential    : the SHAPE of B_z(Sigma_0) is resolved at
                        2.0 sigma (Monte-Carlo error, inflated) or
                        p = 0.009 (galaxy bootstrap, the conservative
                        estimator), and matches the MOND-like laws.  But it
                        constrains the surface-density DEPENDENCE of B_z, not
                        its amplitude, so it does not by itself fix A_dyn.

    wrote adyn_results.json   total wall time 1240s
