==============================================================================
AXIS POWER -- three separated power surfaces, one per provenance
==============================================================================

   grid: q [0.8, 0.9], noise [0.02, 0.1, 0.3], amp [0.03, 0.08, 0.15, 0.35], tilt [0, 45, 90] deg
   sims: 400 calibration + 400 AUDIT + 50 per injection cell, all disjoint
      bank q=0.80 axis ratio 0.800: 900 generated -> 700 independent (scalar 70, source 70, external 350, network 210), 3.9s

   q = 0.80 (axis ratio 0.800), noise 2%
      source             D* 2.2285e-03   audit FPR 0.068  (family-wise 0.020)   null frac > 0: 0.15
      external           D* 3.5823e-02   audit FPR 0.035  (family-wise 0.010)   null frac > 0: 0.41
      network            D* 3.9206e-02   audit FPR 0.060  (family-wise 0.010)   null frac > 0: 0.65
      external_known0    D* 3.1332e-03   audit FPR 0.052  (family-wise 0.025)   null frac > 0: 0.11
      external_known45   D* 1.3797e-02   audit FPR 0.048  (family-wise 0.007)   null frac > 0: 0.19
      external_known90   D* 5.5866e-03   audit FPR 0.043  (family-wise 0.010)   null frac > 0: 0.16
      network_known0     D* 2.3384e-02   audit FPR 0.052  (family-wise 0.020)   null frac > 0: 0.47
      network_known45    D* 3.3301e-02   audit FPR 0.030  (family-wise 0.018)   null frac > 0: 0.46
      network_known90    D* 3.4168e-02   audit FPR 0.040  (family-wise 0.015)   null frac > 0: 0.48
      source    tilt   0 deg   power (axis searched) [0.12, 0.08, 0.26, 0.54]
                            max dg/g over the measured shell: [0.0735, 0.1882, 0.3427, 0.8199]
      external  tilt   0 deg   power (axis searched) [0.08, 0.48, 0.84, 1.0]
                            power (axis KNOWN)    [0.36, 0.62, 0.78, 1.0]
                            max dg/g over the measured shell: [0.3311, 0.88, 1.9018, 4.5387]
      external  tilt  45 deg   power (axis searched) [0.18, 0.5, 0.86, 1.0]
                            power (axis KNOWN)    [0.22, 0.66, 0.9, 1.0]
                            max dg/g over the measured shell: [0.3444, 0.7581, 1.6683, 3.6764]
      external  tilt  90 deg   power (axis searched) [0.14, 0.46, 0.8, 0.98]
                            power (axis KNOWN)    [0.32, 0.6, 0.88, 1.0]
                            max dg/g over the measured shell: [0.2988, 0.7486, 1.4498, 2.9894]
      network   tilt   0 deg   power (axis searched) [0.04, 0.06, 0.14, 0.04]
                            power (axis KNOWN)    [0.0, 0.02, 0.16, 0.04]
                            max dg/g over the measured shell: [0.1056, 0.2908, 0.5395, 1.2302]
      network   tilt  45 deg   power (axis searched) [0.06, 0.1, 0.1, 0.18]
                            power (axis KNOWN)    [0.1, 0.08, 0.16, 0.12]
                            max dg/g over the measured shell: [0.1079, 0.3005, 0.5618, 1.4201]
      network   tilt  90 deg   power (axis searched) [0.0, 0.04, 0.08, 0.16]
                            power (axis KNOWN)    [0.0, 0.0, 0.06, 0.08]
                            max dg/g over the measured shell: [0.1142, 0.2935, 0.5759, 1.3112]

   q = 0.80 (axis ratio 0.800), noise 10%
      source             D* 1.7155e-03   audit FPR 0.058  (family-wise 0.007)   null frac > 0: 0.16
      external           D* 2.3215e-02   audit FPR 0.065  (family-wise 0.030)   null frac > 0: 0.39
      network            D* 4.4071e-02   audit FPR 0.045  (family-wise 0.035)   null frac > 0: 0.60
      external_known0    D* 3.2650e-03   audit FPR 0.060  (family-wise 0.013)   null frac > 0: 0.11
      external_known45   D* 1.2435e-02   audit FPR 0.068  (family-wise 0.020)   null frac > 0: 0.22
      external_known90   D* 3.8595e-03   audit FPR 0.045  (family-wise 0.018)   null frac > 0: 0.13
      network_known0     D* 1.8460e-02   audit FPR 0.085  (family-wise 0.033)   null frac > 0: 0.41
      network_known45    D* 2.9276e-02   audit FPR 0.045  (family-wise 0.022)   null frac > 0: 0.45
      network_known90    D* 3.4847e-02   audit FPR 0.025  (family-wise 0.010)   null frac > 0: 0.46
      source    tilt   0 deg   power (axis searched) [0.04, 0.1, 0.1, 0.46]
                            max dg/g over the measured shell: [0.072, 0.1811, 0.3599, 0.8205]
      external  tilt   0 deg   power (axis searched) [0.16, 0.7, 0.86, 1.0]
                            power (axis KNOWN)    [0.22, 0.76, 0.88, 1.0]
                            max dg/g over the measured shell: [0.3097, 0.9767, 1.7088, 3.8523]
      external  tilt  45 deg   power (axis searched) [0.06, 0.56, 0.84, 1.0]
                            power (axis KNOWN)    [0.04, 0.6, 0.84, 1.0]
                            max dg/g over the measured shell: [0.3511, 0.8054, 1.6902, 3.6285]
      external  tilt  90 deg   power (axis searched) [0.02, 0.54, 0.82, 0.98]
                            power (axis KNOWN)    [0.22, 0.7, 0.84, 0.98]
                            max dg/g over the measured shell: [0.2573, 0.8374, 1.3953, 3.4845]
      network   tilt   0 deg   power (axis searched) [0.04, 0.04, 0.02, 0.06]
                            power (axis KNOWN)    [0.06, 0.0, 0.08, 0.12]
                            max dg/g over the measured shell: [0.1094, 0.2931, 0.5485, 1.4258]
      network   tilt  45 deg   power (axis searched) [0.04, 0.02, 0.02, 0.1]
                            power (axis KNOWN)    [0.06, 0.0, 0.04, 0.1]
                            max dg/g over the measured shell: [0.1145, 0.3007, 0.5568, 1.4379]
      network   tilt  90 deg   power (axis searched) [0.02, 0.1, 0.02, 0.08]
                            power (axis KNOWN)    [0.04, 0.02, 0.04, 0.1]
                            max dg/g over the measured shell: [0.1093, 0.2954, 0.5796, 1.3791]

   q = 0.80 (axis ratio 0.800), noise 30%
      source             D* 1.2250e-03   audit FPR 0.052  (family-wise 0.013)   null frac > 0: 0.17
      external           D* 1.1268e-02   audit FPR 0.070  (family-wise 0.015)   null frac > 0: 0.36
      network            D* 1.9050e-02   audit FPR 0.080  (family-wise 0.030)   null frac > 0: 0.54
      external_known0    D* 1.1207e-03   audit FPR 0.052  (family-wise 0.015)   null frac > 0: 0.12
      external_known45   D* 5.7048e-03   audit FPR 0.060  (family-wise 0.028)   null frac > 0: 0.19
      external_known90   D* 1.8235e-03   audit FPR 0.043  (family-wise 0.028)   null frac > 0: 0.12
      network_known0     D* 1.0741e-02   audit FPR 0.055  (family-wise 0.018)   null frac > 0: 0.38
      network_known45    D* 1.4350e-02   audit FPR 0.062  (family-wise 0.030)   null frac > 0: 0.41
      network_known90    D* 1.3842e-02   audit FPR 0.068  (family-wise 0.040)   null frac > 0: 0.41
      source    tilt   0 deg   power (axis searched) [0.06, 0.06, 0.12, 0.38]
                            max dg/g over the measured shell: [0.0694, 0.1835, 0.3607, 0.8036]
      external  tilt   0 deg   power (axis searched) [0.12, 0.68, 0.74, 1.0]
                            power (axis KNOWN)    [0.32, 0.8, 0.7, 1.0]
                            max dg/g over the measured shell: [0.3899, 0.9152, 1.5856, 4.0948]
      external  tilt  45 deg   power (axis searched) [0.1, 0.52, 0.9, 1.0]
                            power (axis KNOWN)    [0.1, 0.62, 0.9, 1.0]
                            max dg/g over the measured shell: [0.314, 0.8806, 1.5733, 3.4699]
      external  tilt  90 deg   power (axis searched) [0.04, 0.46, 0.86, 1.0]
                            power (axis KNOWN)    [0.12, 0.62, 0.9, 1.0]
                            max dg/g over the measured shell: [0.2745, 0.7318, 1.39, 3.3808]
      network   tilt   0 deg   power (axis searched) [0.06, 0.06, 0.06, 0.14]
                            power (axis KNOWN)    [0.08, 0.08, 0.06, 0.16]
                            max dg/g over the measured shell: [0.107, 0.3039, 0.5107, 1.2259]
      network   tilt  45 deg   power (axis searched) [0.1, 0.1, 0.1, 0.16]
                            power (axis KNOWN)    [0.08, 0.06, 0.14, 0.12]
                            max dg/g over the measured shell: [0.1048, 0.3028, 0.555, 1.3341]
      network   tilt  90 deg   power (axis searched) [0.04, 0.06, 0.1, 0.16]
                            power (axis KNOWN)    [0.04, 0.06, 0.12, 0.1]
                            max dg/g over the measured shell: [0.1131, 0.2926, 0.5834, 1.4998]

   COARSE-GRAINING GATE on the member-well tensor
         1 wells   drift vs the 1-well limit = 0.0000
        10 wells   drift vs the 1-well limit = 0.4937
        60 wells   drift vs the 1-well limit = 0.5766
       300 wells   drift vs the 1-well limit = 0.6433
      60 -> 300 wells changes the drift by 0.116
      (a drift that keeps growing with N is catalogue-row counting;
       one that converges is a genuine field with a coherence scale)
      bank q=0.90 axis ratio 0.900: 900 generated -> 700 independent (scalar 70, source 70, external 350, network 210), 5.4s

   q = 0.90 (axis ratio 0.900), noise 2%
      source             D* 2.2011e-03   audit FPR 0.060  (family-wise 0.013)   null frac > 0: 0.15
      external           D* 1.9774e-02   audit FPR 0.058  (family-wise 0.020)   null frac > 0: 0.33
      network            D* 4.3272e-02   audit FPR 0.048  (family-wise 0.033)   null frac > 0: 0.64
      external_known0    D* 3.7399e-03   audit FPR 0.072  (family-wise 0.030)   null frac > 0: 0.10
      external_known45   D* 3.8634e-03   audit FPR 0.060  (family-wise 0.010)   null frac > 0: 0.09
      external_known90   D* 2.7103e-03   audit FPR 0.077  (family-wise 0.025)   null frac > 0: 0.11
      network_known0     D* 2.9104e-02   audit FPR 0.058  (family-wise 0.015)   null frac > 0: 0.47
      network_known45    D* 3.3898e-02   audit FPR 0.035  (family-wise 0.020)   null frac > 0: 0.48
      network_known90    D* 2.9845e-02   audit FPR 0.052  (family-wise 0.018)   null frac > 0: 0.48
      source    tilt   0 deg   power (axis searched) [0.08, 0.1, 0.24, 0.38]
                            max dg/g over the measured shell: [0.0674, 0.1864, 0.3429, 0.7711]
      external  tilt   0 deg   power (axis searched) [0.24, 0.66, 0.96, 1.0]
                            power (axis KNOWN)    [0.52, 0.62, 0.88, 1.0]
                            max dg/g over the measured shell: [0.3694, 1.0233, 1.6964, 4.1637]
      external  tilt  45 deg   power (axis searched) [0.08, 0.72, 0.88, 0.98]
                            power (axis KNOWN)    [0.34, 0.74, 0.88, 0.98]
                            max dg/g over the measured shell: [0.3071, 0.8466, 1.6367, 4.2931]
      external  tilt  90 deg   power (axis searched) [0.24, 0.78, 0.98, 1.0]
                            power (axis KNOWN)    [0.44, 0.78, 0.92, 1.0]
                            max dg/g over the measured shell: [0.3008, 0.9074, 1.5006, 3.965]
      network   tilt   0 deg   power (axis searched) [0.04, 0.06, 0.14, 0.04]
                            power (axis KNOWN)    [0.04, 0.06, 0.12, 0.02]
                            max dg/g over the measured shell: [0.1178, 0.3095, 0.5428, 1.2887]
