==============================================================================
AXIS POWER -- three separated power surfaces, one per provenance
==============================================================================

   grid: q [0.5, 0.65], noise [0.02, 0.1, 0.3], amp [0.03, 0.08, 0.15, 0.35], tilt [0, 45, 90] deg
   sims: 400 calibration + 400 AUDIT + 50 per injection cell, all disjoint
      bank q=0.50 axis ratio 0.500: 900 generated -> 700 independent (scalar 70, source 70, external 350, network 210), 3.2s

   q = 0.50 (axis ratio 0.500), noise 2%
      source             D* 3.3505e-03   audit FPR 0.050  (family-wise 0.003)   null frac > 0: 0.19
      external           D* 7.9581e-02   audit FPR 0.050  (family-wise 0.005)   null frac > 0: 0.54
      network            D* 6.3989e-02   audit FPR 0.037  (family-wise 0.005)   null frac > 0: 0.69
      external_known0    D* 9.2757e-03   audit FPR 0.033  (family-wise 0.013)   null frac > 0: 0.19
      external_known45   D* 7.1299e-02   audit FPR 0.055  (family-wise 0.005)   null frac > 0: 0.37
      external_known90   D* 9.1302e-03   audit FPR 0.022  (family-wise 0.005)   null frac > 0: 0.21
      network_known0     D* 2.5741e-02   audit FPR 0.070  (family-wise 0.025)   null frac > 0: 0.47
      network_known45    D* 3.9857e-02   audit FPR 0.065  (family-wise 0.018)   null frac > 0: 0.48
      network_known90    D* 5.6545e-02   audit FPR 0.037  (family-wise 0.013)   null frac > 0: 0.49
      source    tilt   0 deg   power (axis searched) [0.02, 0.04, 0.2, 0.28]
                            max dg/g over the measured shell: [0.0826, 0.2044, 0.3957, 0.9033]
      external  tilt   0 deg   power (axis searched) [0.02, 0.12, 0.3, 0.9]
                            power (axis KNOWN)    [0.12, 0.6, 0.74, 0.94]
                            max dg/g over the measured shell: [0.3286, 0.9392, 1.7323, 3.6759]
      external  tilt  45 deg   power (axis searched) [0.08, 0.16, 0.38, 0.94]
                            power (axis KNOWN)    [0.08, 0.22, 0.44, 0.94]
                            max dg/g over the measured shell: [0.3072, 0.7986, 1.5645, 3.1157]
      external  tilt  90 deg   power (axis searched) [0.14, 0.08, 0.32, 0.72]
                            power (axis KNOWN)    [0.08, 0.46, 0.64, 0.88]
                            max dg/g over the measured shell: [0.222, 0.5952, 1.1006, 2.3621]
      network   tilt   0 deg   power (axis searched) [0.02, 0.02, 0.0, 0.1]
                            power (axis KNOWN)    [0.1, 0.0, 0.06, 0.2]
                            max dg/g over the measured shell: [0.1121, 0.3064, 0.6097, 1.2626]
      network   tilt  45 deg   power (axis searched) [0.1, 0.08, 0.02, 0.14]
                            power (axis KNOWN)    [0.06, 0.1, 0.06, 0.18]
                            max dg/g over the measured shell: [0.1195, 0.3336, 0.5725, 1.349]
      network   tilt  90 deg   power (axis searched) [0.06, 0.0, 0.08, 0.22]
                            power (axis KNOWN)    [0.06, 0.0, 0.08, 0.24]
                            max dg/g over the measured shell: [0.1279, 0.3421, 0.6697, 1.4843]

   q = 0.50 (axis ratio 0.500), noise 10%
      source             D* 2.6932e-03   audit FPR 0.077  (family-wise 0.030)   null frac > 0: 0.20
      external           D* 4.9847e-02   audit FPR 0.100  (family-wise 0.033)   null frac > 0: 0.56
      network            D* 4.7222e-02   audit FPR 0.068  (family-wise 0.030)   null frac > 0: 0.62
      external_known0    D* 4.9850e-03   audit FPR 0.062  (family-wise 0.013)   null frac > 0: 0.20
      external_known45   D* 4.3552e-02   audit FPR 0.095  (family-wise 0.030)   null frac > 0: 0.40
      external_known90   D* 6.3825e-03   audit FPR 0.052  (family-wise 0.028)   null frac > 0: 0.20
      network_known0     D* 2.4657e-02   audit FPR 0.043  (family-wise 0.013)   null frac > 0: 0.42
      network_known45    D* 3.5270e-02   audit FPR 0.060  (family-wise 0.028)   null frac > 0: 0.47
      network_known90    D* 3.6975e-02   audit FPR 0.070  (family-wise 0.037)   null frac > 0: 0.47
      source    tilt   0 deg   power (axis searched) [0.08, 0.08, 0.12, 0.4]
                            max dg/g over the measured shell: [0.0767, 0.2107, 0.3844, 0.9726]
      external  tilt   0 deg   power (axis searched) [0.08, 0.08, 0.38, 0.92]
                            power (axis KNOWN)    [0.26, 0.32, 0.78, 0.96]
                            max dg/g over the measured shell: [0.3412, 0.8624, 1.8408, 4.0118]
      external  tilt  45 deg   power (axis searched) [0.1, 0.2, 0.38, 0.96]
                            power (axis KNOWN)    [0.14, 0.2, 0.38, 0.96]
                            max dg/g over the measured shell: [0.2768, 0.8072, 1.3978, 3.2388]
      external  tilt  90 deg   power (axis searched) [0.12, 0.04, 0.4, 0.86]
                            power (axis KNOWN)    [0.16, 0.34, 0.58, 0.9]
                            max dg/g over the measured shell: [0.2325, 0.6304, 1.1424, 2.6878]
      network   tilt   0 deg   power (axis searched) [0.04, 0.08, 0.02, 0.12]
                            power (axis KNOWN)    [0.04, 0.06, 0.06, 0.1]
                            max dg/g over the measured shell: [0.1095, 0.2989, 0.5865, 1.4453]
      network   tilt  45 deg   power (axis searched) [0.02, 0.0, 0.06, 0.18]
                            power (axis KNOWN)    [0.04, 0.0, 0.08, 0.22]
                            max dg/g over the measured shell: [0.1232, 0.3143, 0.5727, 1.3802]
      network   tilt  90 deg   power (axis searched) [0.04, 0.12, 0.1, 0.22]
                            power (axis KNOWN)    [0.04, 0.06, 0.08, 0.24]
                            max dg/g over the measured shell: [0.1198, 0.3259, 0.7219, 1.5061]

   q = 0.50 (axis ratio 0.500), noise 30%
      source             D* 1.8072e-03   audit FPR 0.068  (family-wise 0.025)   null frac > 0: 0.18
      external           D* 3.1846e-02   audit FPR 0.072  (family-wise 0.022)   null frac > 0: 0.52
      network            D* 2.9786e-02   audit FPR 0.068  (family-wise 0.015)   null frac > 0: 0.64
      external_known0    D* 4.4693e-03   audit FPR 0.083  (family-wise 0.028)   null frac > 0: 0.19
      external_known45   D* 2.9750e-02   audit FPR 0.055  (family-wise 0.025)   null frac > 0: 0.38
      external_known90   D* 4.5630e-03   audit FPR 0.060  (family-wise 0.033)   null frac > 0: 0.16
      network_known0     D* 1.1701e-02   audit FPR 0.070  (family-wise 0.028)   null frac > 0: 0.41
      network_known45    D* 1.8676e-02   audit FPR 0.083  (family-wise 0.037)   null frac > 0: 0.40
      network_known90    D* 2.4943e-02   audit FPR 0.068  (family-wise 0.028)   null frac > 0: 0.45
      source    tilt   0 deg   power (axis searched) [0.06, 0.08, 0.12, 0.28]
                            max dg/g over the measured shell: [0.0756, 0.2101, 0.3937, 0.8617]
      external  tilt   0 deg   power (axis searched) [0.12, 0.1, 0.3, 0.94]
                            power (axis KNOWN)    [0.12, 0.46, 0.72, 0.96]
                            max dg/g over the measured shell: [0.3487, 0.8821, 1.6697, 4.2206]
      external  tilt  45 deg   power (axis searched) [0.04, 0.2, 0.42, 0.94]
                            power (axis KNOWN)    [0.06, 0.18, 0.42, 0.92]
                            max dg/g over the measured shell: [0.3019, 0.8649, 1.4658, 3.5424]
      external  tilt  90 deg   power (axis searched) [0.06, 0.1, 0.22, 0.86]
                            power (axis KNOWN)    [0.12, 0.38, 0.54, 0.98]
                            max dg/g over the measured shell: [0.2044, 0.5547, 1.1245, 2.7978]
      network   tilt   0 deg   power (axis searched) [0.06, 0.04, 0.1, 0.04]
                            power (axis KNOWN)    [0.06, 0.06, 0.06, 0.12]
                            max dg/g over the measured shell: [0.1144, 0.3058, 0.5591, 1.4376]
      network   tilt  45 deg   power (axis searched) [0.02, 0.16, 0.12, 0.16]
                            power (axis KNOWN)    [0.04, 0.18, 0.12, 0.22]
                            max dg/g over the measured shell: [0.12, 0.3058, 0.6112, 1.4322]
      network   tilt  90 deg   power (axis searched) [0.04, 0.1, 0.12, 0.18]
                            power (axis KNOWN)    [0.02, 0.1, 0.12, 0.22]
                            max dg/g over the measured shell: [0.1336, 0.3071, 0.6579, 1.5304]

   COARSE-GRAINING GATE on the member-well tensor
         1 wells   drift vs the 1-well limit = 0.0000
        10 wells   drift vs the 1-well limit = 0.4394
        60 wells   drift vs the 1-well limit = 0.5239
       300 wells   drift vs the 1-well limit = 0.5925
      60 -> 300 wells changes the drift by 0.131
      (a drift that keeps growing with N is catalogue-row counting;
       one that converges is a genuine field with a coherence scale)
      bank q=0.65 axis ratio 0.650: 900 generated -> 700 independent (scalar 70, source 70, external 350, network 210), 5.5s

   q = 0.65 (axis ratio 0.650), noise 2%
      source             D* 2.9800e-03   audit FPR 0.070  (family-wise 0.025)   null frac > 0: 0.21
      external           D* 6.2712e-02   audit FPR 0.040  (family-wise 0.013)   null frac > 0: 0.52
      network            D* 5.2324e-02   audit FPR 0.055  (family-wise 0.037)   null frac > 0: 0.68
      external_known0    D* 6.6888e-03   audit FPR 0.052  (family-wise 0.015)   null frac > 0: 0.18
      external_known45   D* 4.5945e-02   audit FPR 0.050  (family-wise 0.007)   null frac > 0: 0.33
      external_known90   D* 7.5935e-03   audit FPR 0.062  (family-wise 0.040)   null frac > 0: 0.16
      network_known0     D* 2.5874e-02   audit FPR 0.052  (family-wise 0.022)   null frac > 0: 0.51
      network_known45    D* 3.6631e-02   audit FPR 0.062  (family-wise 0.015)   null frac > 0: 0.47
      network_known90    D* 4.0722e-02   audit FPR 0.072  (family-wise 0.043)   null frac > 0: 0.51
      source    tilt   0 deg   power (axis searched) [0.06, 0.06, 0.14, 0.4]
                            max dg/g over the measured shell: [0.0738, 0.1914, 0.3654, 0.8785]
      external  tilt   0 deg   power (axis searched) [0.04, 0.18, 0.66, 0.98]
                            power (axis KNOWN)    [0.18, 0.68, 0.8, 0.98]
                            max dg/g over the measured shell: [0.3315, 1.0455, 1.6426, 3.8807]
      external  tilt  45 deg   power (axis searched) [0.02, 0.28, 0.74, 0.96]
                            power (axis KNOWN)    [0.06, 0.36, 0.74, 0.98]
                            max dg/g over the measured shell: [0.2929, 0.7965, 1.3535, 3.075]
      external  tilt  90 deg   power (axis searched) [0.12, 0.04, 0.46, 0.92]
                            power (axis KNOWN)    [0.2, 0.46, 0.78, 0.96]
                            max dg/g over the measured shell: [0.2681, 0.6251, 1.2766, 2.9478]
      network   tilt   0 deg   power (axis searched) [0.0, 0.06, 0.04, 0.06]
                            power (axis KNOWN)    [0.08, 0.06, 0.02, 0.08]
                            max dg/g over the measured shell: [0.1096, 0.303, 0.5621, 1.2451]
