==============================================================================
AXIS POWER -- three separated power surfaces, one per provenance
==============================================================================

   grid: q [0.97], noise [0.02, 0.1, 0.3], amp [0.03, 0.08, 0.15, 0.35], tilt [0, 45, 90] deg
   sims: 400 calibration + 400 AUDIT + 50 per injection cell, all disjoint
      bank q=0.97 axis ratio 0.970: 900 generated -> 700 independent (scalar 70, source 70, external 350, network 210), 5.7s

   q = 0.97 (axis ratio 0.970), noise 2%
      source             D* 8.6664e-04   audit FPR 0.072  (family-wise 0.020)   null frac > 0: 0.12
      external           D* 2.0633e-02   audit FPR 0.058  (family-wise 0.015)   null frac > 0: 0.28
      network            D* 3.9718e-02   audit FPR 0.055  (family-wise 0.025)   null frac > 0: 0.56
      external_known0    D* 1.8027e-03   audit FPR 0.062  (family-wise 0.010)   null frac > 0: 0.10
      external_known45   D* 1.1241e-15   audit FPR 0.065  (family-wise 0.030)   null frac > 0: 0.03
      external_known90   D* 1.7302e-03   audit FPR 0.050  (family-wise 0.030)   null frac > 0: 0.09
      network_known0     D* 2.8481e-02   audit FPR 0.052  (family-wise 0.025)   null frac > 0: 0.43
      network_known45    D* 3.1070e-02   audit FPR 0.065  (family-wise 0.028)   null frac > 0: 0.42
      network_known90    D* 3.0507e-02   audit FPR 0.052  (family-wise 0.028)   null frac > 0: 0.42
      source    tilt   0 deg   power (axis searched) [0.08, 0.12, 0.26, 0.42]
                            max dg/g over the measured shell: [0.0676, 0.1761, 0.3248, 0.7806]
      external  tilt   0 deg   power (axis searched) [0.3, 0.9, 0.94, 1.0]
                            power (axis KNOWN)    [0.48, 0.82, 0.96, 1.0]
                            max dg/g over the measured shell: [0.3447, 1.0452, 1.7503, 4.4362]
      external  tilt  45 deg   power (axis searched) [0.2, 0.7, 0.92, 1.0]
                            power (axis KNOWN)    [0.52, 0.8, 0.94, 1.0]
                            max dg/g over the measured shell: [0.3837, 0.9295, 1.7783, 3.8041]
      external  tilt  90 deg   power (axis searched) [0.3, 0.78, 0.92, 1.0]
                            power (axis KNOWN)    [0.46, 0.7, 0.88, 1.0]
                            max dg/g over the measured shell: [0.3619, 0.8268, 1.4661, 3.7879]
      network   tilt   0 deg   power (axis searched) [0.04, 0.04, 0.02, 0.12]
                            power (axis KNOWN)    [0.02, 0.04, 0.02, 0.06]
                            max dg/g over the measured shell: [0.114, 0.3004, 0.5694, 1.3605]
      network   tilt  45 deg   power (axis searched) [0.02, 0.06, 0.08, 0.04]
                            power (axis KNOWN)    [0.02, 0.04, 0.04, 0.04]
                            max dg/g over the measured shell: [0.1161, 0.2937, 0.5619, 1.2711]
      network   tilt  90 deg   power (axis searched) [0.16, 0.08, 0.12, 0.1]
                            power (axis KNOWN)    [0.02, 0.08, 0.04, 0.02]
                            max dg/g over the measured shell: [0.1071, 0.2988, 0.5706, 1.2805]

   q = 0.97 (axis ratio 0.970), noise 10%
      source             D* 1.0000e-03   audit FPR 0.062  (family-wise 0.025)   null frac > 0: 0.14
      external           D* 1.5087e-02   audit FPR 0.050  (family-wise 0.013)   null frac > 0: 0.23
      network            D* 2.8515e-02   audit FPR 0.048  (family-wise 0.013)   null frac > 0: 0.56
      external_known0    D* 1.9683e-03   audit FPR 0.058  (family-wise 0.025)   null frac > 0: 0.10
      external_known45   D* 3.9080e-15   audit FPR 0.060  (family-wise 0.028)   null frac > 0: 0.04
      external_known90   D* 1.4263e-03   audit FPR 0.050  (family-wise 0.025)   null frac > 0: 0.09
      network_known0     D* 1.8131e-02   audit FPR 0.077  (family-wise 0.018)   null frac > 0: 0.46
      network_known45    D* 1.8598e-02   audit FPR 0.075  (family-wise 0.022)   null frac > 0: 0.44
      network_known90    D* 2.0218e-02   audit FPR 0.052  (family-wise 0.013)   null frac > 0: 0.42
      source    tilt   0 deg   power (axis searched) [0.06, 0.18, 0.22, 0.62]
                            max dg/g over the measured shell: [0.0663, 0.1746, 0.3279, 0.8117]
      external  tilt   0 deg   power (axis searched) [0.2, 0.74, 0.96, 1.0]
                            power (axis KNOWN)    [0.4, 0.68, 0.94, 1.0]
                            max dg/g over the measured shell: [0.3822, 0.8468, 1.9369, 3.96]
      external  tilt  45 deg   power (axis searched) [0.1, 0.66, 0.86, 1.0]
                            power (axis KNOWN)    [0.64, 0.76, 0.86, 1.0]
                            max dg/g over the measured shell: [0.3672, 0.8614, 1.4068, 3.6819]
      external  tilt  90 deg   power (axis searched) [0.22, 0.72, 0.96, 1.0]
                            power (axis KNOWN)    [0.36, 0.74, 0.92, 1.0]
                            max dg/g over the measured shell: [0.3806, 0.8004, 1.5908, 4.6533]
      network   tilt   0 deg   power (axis searched) [0.06, 0.04, 0.02, 0.12]
                            power (axis KNOWN)    [0.12, 0.02, 0.02, 0.12]
                            max dg/g over the measured shell: [0.1198, 0.3026, 0.544, 1.3495]
      network   tilt  45 deg   power (axis searched) [0.02, 0.04, 0.04, 0.08]
                            power (axis KNOWN)    [0.0, 0.06, 0.06, 0.06]
                            max dg/g over the measured shell: [0.1102, 0.3075, 0.5497, 1.3599]
      network   tilt  90 deg   power (axis searched) [0.02, 0.02, 0.08, 0.06]
                            power (axis KNOWN)    [0.06, 0.06, 0.04, 0.12]
                            max dg/g over the measured shell: [0.1195, 0.3117, 0.5678, 1.3122]

   q = 0.97 (axis ratio 0.970), noise 30%
      source             D* 1.3059e-03   audit FPR 0.037  (family-wise 0.007)   null frac > 0: 0.18
      external           D* 1.2206e-02   audit FPR 0.037  (family-wise 0.013)   null frac > 0: 0.24
      network            D* 1.8943e-02   audit FPR 0.040  (family-wise 0.007)   null frac > 0: 0.48
      external_known0    D* 1.3030e-03   audit FPR 0.045  (family-wise 0.025)   null frac > 0: 0.09
      external_known45   D* 1.6739e-04   audit FPR 0.055  (family-wise 0.037)   null frac > 0: 0.06
      external_known90   D* 2.0452e-03   audit FPR 0.013  (family-wise 0.000)   null frac > 0: 0.12
      network_known0     D* 1.2879e-02   audit FPR 0.028  (family-wise 0.007)   null frac > 0: 0.38
      network_known45    D* 1.1873e-02   audit FPR 0.052  (family-wise 0.018)   null frac > 0: 0.39
      network_known90    D* 1.2416e-02   audit FPR 0.045  (family-wise 0.022)   null frac > 0: 0.38
      source    tilt   0 deg   power (axis searched) [0.06, 0.02, 0.1, 0.24]
                            max dg/g over the measured shell: [0.0671, 0.1786, 0.3312, 0.7562]
      external  tilt   0 deg   power (axis searched) [0.06, 0.56, 0.94, 1.0]
                            power (axis KNOWN)    [0.4, 0.68, 0.92, 1.0]
                            max dg/g over the measured shell: [0.3571, 0.9546, 1.9701, 4.1715]
      external  tilt  45 deg   power (axis searched) [0.1, 0.66, 0.9, 1.0]
                            power (axis KNOWN)    [0.42, 0.7, 0.9, 1.0]
                            max dg/g over the measured shell: [0.3337, 0.8718, 1.4685, 3.6882]
      external  tilt  90 deg   power (axis searched) [0.02, 0.78, 0.86, 1.0]
                            power (axis KNOWN)    [0.3, 0.78, 0.84, 1.0]
                            max dg/g over the measured shell: [0.3265, 0.8849, 1.5891, 4.1862]
      network   tilt   0 deg   power (axis searched) [0.02, 0.08, 0.06, 0.08]
                            power (axis KNOWN)    [0.06, 0.08, 0.02, 0.1]
                            max dg/g over the measured shell: [0.1103, 0.2928, 0.5697, 1.2928]
      network   tilt  45 deg   power (axis searched) [0.02, 0.06, 0.02, 0.04]
                            power (axis KNOWN)    [0.04, 0.04, 0.02, 0.04]
                            max dg/g over the measured shell: [0.1171, 0.2914, 0.5927, 1.3158]
      network   tilt  90 deg   power (axis searched) [0.02, 0.02, 0.02, 0.14]
                            power (axis KNOWN)    [0.06, 0.02, 0.02, 0.1]
                            max dg/g over the measured shell: [0.1127, 0.3001, 0.5928, 1.3397]

   COARSE-GRAINING GATE on the member-well tensor
         1 wells   drift vs the 1-well limit = 0.0000
        10 wells   drift vs the 1-well limit = 0.5229
        60 wells   drift vs the 1-well limit = 0.6054
       300 wells   drift vs the 1-well limit = 0.6714
      60 -> 300 wells changes the drift by 0.109
      (a drift that keeps growing with N is catalogue-row counting;
       one that converges is a genuine field with a coherence scale)

==============================================================================
   SPHERICAL-LIMIT CHECK (the theorem is the check, not a hope)

   noise 2%   mean power at amp 0.35, averaged over tilt
      axis ratio |  source    external   network
          0.970  |  0.420      1.000      0.087   

   noise 10%   mean power at amp 0.35, averaged over tilt
      axis ratio |  source    external   network
          0.970  |  0.620      1.000      0.087   

   noise 30%   mean power at amp 0.35, averaged over tilt
      axis ratio |  source    external   network
          0.970  |  0.240      1.000      0.087   

   monotonicity, source:
      vs amplitude   [0.06666666666666667, 0.10666666666666667, 0.19333333333333333, 0.4266666666666667]   spread 0.360
      vs axis ratio  [0.19833333333333333]   spread 0.000
      vs tilt        [0.19833333333333333]   spread 0.000

   monotonicity, external:
      vs amplitude   [0.16666666666666666, 0.7222222222222223, 0.9177777777777778, 1.0]   spread 0.833
      vs axis ratio  [0.7016666666666667]   spread 0.000
      vs tilt        [0.7166666666666665, 0.6749999999999999, 0.7133333333333334]   spread 0.042

   monotonicity, network:
      vs amplitude   [0.04222222222222223, 0.0488888888888889, 0.051111111111111114, 0.08666666666666667]   spread 0.044
      vs axis ratio  [0.05722222222222222]   spread 0.000
      vs tilt        [0.05833333333333332, 0.043333333333333335, 0.07]   spread 0.027

   elapsed 693s
   written: axis_power_C.json
