SDSS VAST: 39735 holes, 1163 voids, mask 7000 deg^2, r_max 328.3 Mpc/h (z_max 0.1125)
sources in SDSS footprint: 25123
  5000/25123 (4s)
  10000/25123 (4s)
  15000/25123 (5s)
  20000/25123 (6s)
  25000/25123 (7s)
{
  "generated_utc": "2026-09-04T04:33:43Z",
  "catalogue": "SDSS DR7 VAST VoidFinder (Zenodo 11043278, Planck2018)",
  "n_holes": 39735,
  "n_voids": 1163,
  "mask_area_deg2": 7000.271016953926,
  "r_max_mpch": 328.2709313120586,
  "z_max": 0.11254748685896591,
  "n_sources_in_footprint": 25123,
  "n_after_r_cut": 20683,
  "by_survey": {
    "Cosmicflows-4": 20609,
    "MegamaserCosmologyProject": 1,
    "PantheonPlus": 73
  },
  "I_q_mean_mpch": 117.22977950443341,
  "I_q_std_mpch": 41.33262741407102,
  "corr_I_q_with_D": 0.7520274384677877,
  "transverse_dI_q_std_mpch": 27.23993570194306,
  "transverse_dI_q_p5_p95_mpch": [
    -47.36577375571905,
    42.20566472209278
  ],
  "void_volume_fraction_along_rays": 0.5881299488725108
}
