field NGC rebuilt
field SGC rebuilt
  null VoidFinder raw_I_q: mean/sigma = +37.99
  null VoidFinder transverse_dI_q: mean/sigma = +0.46
  null REVOLVER raw_I_q: mean/sigma = +29.65
  null REVOLVER transverse_dI_q: mean/sigma = +2.95
{
  "generated_utc": "2026-09-04T04:39:04Z",
  "source_environment_confound": {
    "VoidFinder": {
      "corr_I_q_with_delta_at_source": 0.17539982452866448,
      "corr_transverse_dI_q_with_delta_at_source": 0.1797728193833718,
      "transverse_std_before_mpch": 35.060464132326985,
      "transverse_std_after_removing_source_density_mpch": 34.48036149793161,
      "fraction_of_leverage_retained": 0.9834542226193607
    },
    "REVOLVER": {
      "corr_I_q_with_delta_at_source": 0.21719425884165364,
      "corr_transverse_dI_q_with_delta_at_source": 0.22127584460420827,
      "transverse_std_before_mpch": 43.71782506079606,
      "transverse_std_after_removing_source_density_mpch": 42.54346640978809,
      "fraction_of_leverage_retained": 0.9731377613279056
    },
    "VIDE": {
      "corr_I_q_with_delta_at_source": 0.21319919223730968,
      "corr_transverse_dI_q_with_delta_at_source": 0.20072397943810086,
      "transverse_std_before_mpch": 33.29046647462643,
      "transverse_std_after_removing_source_density_mpch": 32.60569242677871,
      "fraction_of_leverage_retained": 0.9794303258450991
    },
    "ZOBOV_ellipsoid": {
      "corr_I_q_with_delta_at_source": 0.21121814802023076,
      "corr_transverse_dI_q_with_delta_at_source": 0.25634266815067763,
      "transverse_std_before_mpch": 31.76992301003687,
      "transverse_std_after_removing_source_density_mpch": 30.30502399719693,
      "fraction_of_leverage_retained": 0.9538903820328068
    }
  },
  "delta_at_source_summary": {
    "median": 0.7791112648638905,
    "mean": 1.116166858478372,
    "frac_negative": 0.17110959216222374
  },
  "null_simulation": {
    "VoidFinder_raw_I_q": {
      "null_mean_c2": 0.0001323533194794817,
      "null_std_c2": 3.484050515567486e-06,
      "null_mean_over_std": 37.988346864690584,
      "null_mean_over_c1": 0.3967852640001778,
      "bias_free": false
    },
    "VoidFinder_transverse_dI_q": {
      "null_mean_c2": 2.2121393304822897e-06,
      "null_std_c2": 4.829347074140188e-06,
      "null_mean_over_std": 0.45806178278792203,
      "null_mean_over_c1": 0.00663182677776862,
      "bias_free": false
    },
    "REVOLVER_raw_I_q": {
      "null_mean_c2": 9.004764739736338e-05,
      "null_std_c2": 3.037457856332666e-06,
      "null_mean_over_std": 29.64572733400297,
      "null_mean_over_c1": 0.2699560516175553,
      "bias_free": false
    },
    "REVOLVER_transverse_dI_q": {
      "null_mean_c2": 1.1453385894631237e-05,
      "null_std_c2": 3.88566166407
