{
  "status": "COMPLETE_DEVELOPMENT_DESCRIPTOR_CHECK",
  "skipped": [
    {
      "name": "NGC2841",
      "train_pixels": 85,
      "test_pixels": 71,
      "reason": "Coverage, selected-fit convergence or projection geometry gate"
    },
    {
      "name": "NGC2903",
      "train_pixels": 115,
      "test_pixels": 115,
      "reason": "Coverage, selected-fit convergence or projection geometry gate"
    },
    {
      "name": "NGC2976",
      "train_pixels": 1,
      "test_pixels": 21,
      "reason": "Coverage, selected-fit convergence or projection geometry gate"
    },
    {
      "name": "NGC3521",
      "train_pixels": 81,
      "test_pixels": 55,
      "reason": "Coverage, selected-fit convergence or projection geometry gate"
    },
    {
      "name": "NGC7331",
      "train_pixels": 0,
      "test_pixels": 0,
      "reason": "Coverage, selected-fit convergence or projection geometry gate"
    }
  ],
  "predictions": [
    {
      "name": "DDO154",
      "beta": 0.0,
      "baseline_test_loss": 2.938143253326416,
      "gas_test_loss": 2.938143253326416,
      "fractional_improvement": 0.0
    },
    {
      "name": "IC2574",
      "beta": 0.0,
      "baseline_test_loss": 12.12694263458252,
      "gas_test_loss": 12.12694263458252,
      "fractional_improvement": 0.0
    },
    {
      "name": "NGC3198",
      "beta": 0.0,
      "baseline_test_loss": 18.308639526367188,
      "gas_test_loss": 18.308639526367188,
      "fractional_improvement": 0.0
    },
    {
      "name": "NGC4214",
      "beta": 0.0,
      "baseline_test_loss": 8.228790283203125,
      "gas_test_loss": 8.228790283203125,
      "fractional_improvement": 0.0
    },
    {
      "name": "NGC5055",
      "beta": 0.0,
      "baseline_test_loss": 5.039846420288086,
      "gas_test_loss": 5.039846420288086,
      "fractional_improvement": 0.0
    },
    {
      "name": "NGC6946",
      "beta": 0.0,
      "baseline_test_loss": 1.1410695314407349,
      "gas_test_loss": 1.1410695314407349,
      "fractional_improvement": 0.0
    },
    {
      "name": "UGC04305",
      "beta": 0.0,
      "baseline_test_loss": 3.305011749267578,
      "gas_test_loss": 3.305011749267578,
      "fractional_improvement": 0.0
    }
  ],
  "mean_fractional_improvement": 0.0
}
