cluster grid 64^3, 262144 cells, 300 members; shell cells [248, 704, 2864, 5696]
field galaxy  M = 5.00e+10 Msun, |Phi_N| at 20 kpc = 1.134e+10
member galaxy M = 4.03e+11 Msun at 384 kpc, |Phi_N| at 20 kpc = 1.094e+12
cluster |Phi_N| on the 1 Mpc shell = 7.219e+11
  wellnet   2  plaw     p=0.0 q=1.0 s=0.5 L=   100  Bmax=   17.964  feas=9       2s
  wellnet   4  plaw     p=0.0 q=1.0 s=0.5 L=   300  Bmax=   18.270  feas=10       4s
  wellnet   6  plaw     p=0.0 q=1.0 s=0.5 L=  1000  Bmax=   18.878  feas=9       5s
  wellnet   8  plaw     p=0.0 q=1.0 s=0.5 L=  3000  Bmax=   19.505  feas=9       7s
  wellnet  10  plaw     p=0.0 q=1.0 s=2.0 L=   100  Bmax=   10.684  feas=7       9s
  wellnet  12  plaw     p=0.0 q=1.0 s=2.0 L=   300  Bmax=   14.028  feas=7      10s
  wellnet  14  plaw     p=0.0 q=1.0 s=2.0 L=  1000  Bmax=   15.692  feas=9      12s
  wellnet  16  plaw     p=0.0 q=1.0 s=2.0 L=  3000  Bmax=   17.449  feas=9      14s
  wellnet  18  plaw     p=0.0 q=2.0 s=0.5 L=   100  Bmax=   16.079  feas=9      15s
  wellnet  20  plaw     p=0.0 q=2.0 s=0.5 L=   300  Bmax=   16.196  feas=9      17s
  wellnet  22  plaw     p=0.0 q=2.0 s=0.5 L=  1000  Bmax=   17.475  feas=9      18s
  wellnet  24  plaw     p=0.0 q=2.0 s=0.5 L=  3000  Bmax=   19.418  feas=9      20s
  wellnet  26  plaw     p=0.0 q=2.0 s=2.0 L=   100  Bmax=    1.680  feas=0      21s
  wellnet  28  plaw     p=0.0 q=2.0 s=2.0 L=   300  Bmax=    3.057  feas=5      23s
  wellnet  30  plaw     p=0.0 q=2.0 s=2.0 L=  1000  Bmax=   13.303  feas=8      25s
  wellnet  32  plaw     p=0.0 q=2.0 s=2.0 L=  3000  Bmax=   17.276  feas=9      26s
  wellnet  34  plaw     p=0.0 q=4.0 s=0.5 L=   100  Bmax=    8.239  feas=6      28s
  wellnet  36  plaw     p=0.0 q=4.0 s=0.5 L=   300  Bmax=   10.384  feas=7      29s
  wellnet  38  plaw     p=0.0 q=4.0 s=0.5 L=  1000  Bmax=   15.158  feas=8      31s
  wellnet  40  plaw     p=0.0 q=4.0 s=0.5 L=  3000  Bmax=   19.660  feas=9      33s
  wellnet  42  plaw     p=0.0 q=4.0 s=2.0 L=   100  Bmax=    1.010  feas=0      35s
  wellnet  44  plaw     p=0.0 q=4.0 s=2.0 L=   300  Bmax=    1.067  feas=0      36s
  wellnet  46  plaw     p=0.0 q=4.0 s=2.0 L=  1000  Bmax=    9.903  feas=5      38s
  wellnet  48  plaw     p=0.0 q=4.0 s=2.0 L=  3000  Bmax=   18.148  feas=8      40s
  wellnet  50  plaw     p=1.0 q=1.0 s=0.5 L=   100  Bmax=   31.802  feas=8      42s
  wellnet  52  plaw     p=1.0 q=1.0 s=0.5 L=   300  Bmax=   34.069  feas=8      43s
  wellnet  54  plaw     p=1.0 q=1.0 s=0.5 L=  1000  Bmax=   37.611  feas=8      45s
  wellnet  56  plaw     p=1.0 q=1.0 s=0.5 L=  3000  Bmax=   37.052  feas=8      47s
  wellnet  58  plaw     p=1.0 q=1.0 s=2.0 L=   100  Bmax=    7.629  feas=7      49s
  wellnet  60  plaw     p=1.0 q=1.0 s=2.0 L=   300  Bmax=   10.689  feas=7      50s
  wellnet  62  plaw     p=1.0 q=1.0 s=2.0 L=  1000  Bmax=   18.426  feas=8      52s
  wellnet  64  plaw     p=1.0 q=1.0 s=2.0 L=  3000  Bmax=   30.748  feas=8      54s
  wellnet  66  plaw     p=1.0 q=2.0 s=0.5 L=   100  Bmax=   17.292  feas=8      55s
  wellnet  68  plaw     p=1.0 q=2.0 s=0.5 L=   300  Bmax=   19.732  feas=8      57s
  wellnet  70  plaw     p=1.0 q=2.0 s=0.5 L=  1000  Bmax=   31.565  feas=8      59s
  wellnet  72  plaw     p=1.0 q=2.0 s=0.5 L=  3000  Bmax=   37.768  feas=8      61s
  wellnet  74  plaw     p=1.0 q=2.0 s=2.0 L=   100  Bmax=    1.852  feas=0      62s
  wellnet  76  plaw     p=1.0 q=2.0 s=2.0 L=   300  Bmax=    2.316  feas=6      64s
  wellnet  78  plaw     p=1.0 q=2.0 s=2.0 L=  1000  Bmax=    9.185  feas=7      66s
  wellnet  80  plaw     p=1.0 q=2.0 s=2.0 L=  3000  Bmax=   32.109  feas=8      68s
  wellnet  82  plaw     p=1.0 q=4.0 s=0.5 L=   100  Bmax=    6.002  feas=5      69s
  wellnet  84  plaw     p=1.0 q=4.0 s=0.5 L=   300  Bmax=    6.926  feas=7      71s
  wellnet  86  plaw     p=1.0 q=4.0 s=0.5 L=  1000  Bmax=   19.656  feas=8      73s
  wellnet  88  plaw     p=1.0 q=4.0 s=0.5 L=  3000  Bmax=   37.189  feas=8      75s
  wellnet  90  plaw     p=1.0 q=4.0 s=2.0 L=   100  Bmax=    1.009  feas=0      77s
  wellnet  92  plaw     p=1.0 q=4.0 s=2.0 L=   300  Bmax=    1.112  feas=0      79s
  wellnet  94  plaw     p=1.0 q=4.0 s=2.0 L=  1000  Bmax=    5.018  feas=5      80s
  wellnet  96  plaw     p=1.0 q=4.0 s=2.0 L=  3000  Bmax=   35.875  feas=8      82s
  wellnet  98  expo     p=0.0 q=1.0 s=0.5 L=   100  Bmax=    1.161  feas=0      83s
  wellnet 100  expo     p=0.0 q=1.0 s=0.5 L=   300  Bmax=    6.767  feas=5      85s
  wellnet 102  expo     p=0.0 q=1.0 s=0.5 L=  1000  Bmax=   15.144  feas=8      87s
  wellnet 104  expo     p=0.0 q=1.0 s=0.5 L=  3000  Bmax=   18.147  feas=9      89s
  wellnet 106  expo     p=0.0 q=2.0 s=0.5 L=   100  Bmax=    1.006  feas=0      90s
  wellnet 108  expo     p=0.0 q=2.0 s=0.5 L=   300  Bmax=    1.133  feas=0      92s
  wellnet 110  expo     p=0.0 q=2.0 s=0.5 L=  1000  Bmax=   12.429  feas=7      94s
  wellnet 112  expo     p=0.0 q=2.0 s=0.5 L=  3000  Bmax=   20.359  feas=12      95s
  wellnet 114  expo     p=0.0 q=4.0 s=0.5 L=   100  Bmax=    1.056  feas=0      97s
  wellnet 116  expo     p=0.0 q=4.0 s=0.5 L=   300  Bmax=    1.023  feas=0      99s
  wellnet 118  expo     p=0.0 q=4.0 s=0.5 L=  1000  Bmax=   10.520  feas=7     101s
  wellnet 120  expo     p=0.0 q=4.0 s=0.5 L=  3000  Bmax=   18.948  feas=8     103s
  wellnet 122  expo     p=1.0 q=1.0 s=0.5 L=   100  Bmax=    1.198  feas=0     104s
  wellnet 124  expo     p=1.0 q=1.0 s=0.5 L=   300  Bmax=    3.958  feas=6     106s
  wellnet 126  expo     p=1.0 q=1.0 s=0.5 L=  1000  Bmax=   17.953  feas=8     108s
  wellnet 128  expo     p=1.0 q=1.0 s=0.5 L=  3000  Bmax=   34.769  feas=8     110s
  wellnet 130  expo     p=1.0 q=2.0 s=0.5 L=   100  Bmax=    1.004  feas=0     112s
  wellnet 132  expo     p=1.0 q=2.0 s=0.5 L=   300  Bmax=    1.157  feas=0     113s
  wellnet 134  expo     p=1.0 q=2.0 s=0.5 L=  1000  Bmax=    9.258  feas=7     115s
  wellnet 136  expo     p=1.0 q=2.0 s=0.5 L=  3000  Bmax=   35.882  feas=8     117s
  wellnet 138  expo     p=1.0 q=4.0 s=0.5 L=   100  Bmax=    1.056  feas=0     119s
  wellnet 140  expo     p=1.0 q=4.0 s=0.5 L=   300  Bmax=    1.036  feas=0     121s
  wellnet 142  expo     p=1.0 q=4.0 s=0.5 L=  1000  Bmax=    5.373  feas=6     122s
  wellnet 144  expo     p=1.0 q=4.0 s=0.5 L=  3000  Bmax=   37.922  feas=8     124s
  wellnet 146  gscreen  p=0.0 q=1.0 s=0.5 L=   100  Bmax=   17.963  feas=9     126s
  wellnet 148  gscreen  p=0.0 q=1.0 s=0.5 L=   300  Bmax=   18.270  feas=9     128s
  wellnet 150  gscreen  p=0.0 q=1.0 s=0.5 L=  1000  Bmax=   18.878  feas=9     130s
  wellnet 152  gscreen  p=0.0 q=1.0 s=0.5 L=  3000  Bmax=   19.505  feas=9     132s
  wellnet 154  gscreen  p=0.0 q=1.0 s=2.0 L=   100  Bmax=   10.691  feas=7     134s
  wellnet 156  gscreen  p=0.0 q=1.0 s=2.0 L=   300  Bmax=   14.034  feas=8     136s
  wellnet 158  gscreen  p=0.0 q=1.0 s=2.0 L=  1000  Bmax=   15.690  feas=9     137s
  wellnet 160  gscreen  p=0.0 q=1.0 s=2.0 L=  3000  Bmax=   17.448  feas=9     139s
  wellnet 162  gscreen  p=0.0 q=2.0 s=0.5 L=   100  Bmax=   16.080  feas=9     141s
  wellnet 164  gscreen  p=0.0 q=2.0 s=0.5 L=   300  Bmax=   16.193  feas=9     142s
  wellnet 166  gscreen  p=0.0 q=2.0 s=0.5 L=  1000  Bmax=   17.474  feas=9     144s
  wellnet 168  gscreen  p=0.0 q=2.0 s=0.5 L=  3000  Bmax=   19.418  feas=9     145s
  wellnet 170  gscreen  p=0.0 q=2.0 s=2.0 L=   100  Bmax=    1.681  feas=0     147s
  wellnet 172  gscreen  p=0.0 q=2.0 s=2.0 L=   300  Bmax=    3.059  feas=5     148s
  wellnet 174  gscreen  p=0.0 q=2.0 s=2.0 L=  1000  Bmax=   13.301  feas=8     150s
  wellnet 176  gscreen  p=0.0 q=2.0 s=2.0 L=  3000  Bmax=   17.276  feas=9     152s
  wellnet 178  gscreen  p=0.0 q=4.0 s=0.5 L=   100  Bmax=    8.246  feas=6     153s
  wellnet 180  gscreen  p=0.0 q=4.0 s=0.5 L=   300  Bmax=   10.390  feas=8     155s
  wellnet 182  gscreen  p=0.0 q=4.0 s=0.5 L=  1000  Bmax=   15.157  feas=8     157s
  wellnet 184  gscreen  p=0.0 q=4.0 s=0.5 L=  3000  Bmax=   19.660  feas=9     159s
  wellnet 186  gscreen  p=0.0 q=4.0 s=2.0 L=   100  Bmax=    1.010  feas=0     161s
  wellnet 188  gscreen  p=0.0 q=4.0 s=2.0 L=   300  Bmax=    1.067  feas=0     163s
  wellnet 190  gscreen  p=0.0 q=4.0 s=2.0 L=  1000  Bmax=    9.903  feas=5     164s
  wellnet 192  gscreen  p=0.0 q=4.0 s=2.0 L=  3000  Bmax=   18.148  feas=8     166s
  wellnet 194  gscreen  p=1.0 q=1.0 s=0.5 L=   100  Bmax=   31.872  feas=8     168s
  wellnet 196  gscreen  p=1.0 q=1.0 s=0.5 L=   300  Bmax=   34.147  feas=8     170s
  wellnet 198  gscreen  p=1.0 q=1.0 s=0.5 L=  1000  Bmax=   37.670  feas=8     172s
  wellnet 200  gscreen  p=1.0 q=1.0 s=0.5 L=  3000  Bmax=   37.055  feas=8     173s
  wellnet 202  gscreen  p=1.0 q=1.0 s=2.0 L=   100  Bmax=    7.644  feas=7     175s
  wellnet 204  gscreen  p=1.0 q=1.0 s=2.0 L=   300  Bmax=   10.713  feas=7     177s
  wellnet 206  gscreen  p=1.0 q=1.0 s=2.0 L=  1000  Bmax=   18.467  feas=8     178s
  wellnet 208  gscreen  p=1.0 q=1.0 s=2.0 L=  3000  Bmax=   30.822  feas=8     180s
  wellnet 210  gscreen  p=1.0 q=2.0 s=0.5 L=   100  Bmax=   17.328  feas=8     182s
  wellnet 212  gscreen  p=1.0 q=2.0 s=0.5 L=   300  Bmax=   19.775  feas=8     184s
  wellnet 214  gscreen  p=1.0 q=2.0 s=0.5 L=  1000  Bmax=   31.631  feas=8     185s
  wellnet 216  gscreen  p=1.0 q=2.0 s=0.5 L=  3000  Bmax=   37.781  feas=8     187s
  wellnet 218  gscreen  p=1.0 q=2.0 s=2.0 L=   100  Bmax=    1.858  feas=0     189s
  wellnet 220  gscreen  p=1.0 q=2.0 s=2.0 L=   300  Bmax=    2.319  feas=6     191s
  wellnet 222  gscreen  p=1.0 q=2.0 s=2.0 L=  1000  Bmax=    9.203  feas=7     192s
  wellnet 224  gscreen  p=1.0 q=2.0 s=2.0 L=  3000  Bmax=   32.176  feas=8     194s
  wellnet 226  gscreen  p=1.0 q=4.0 s=0.5 L=   100  Bmax=    6.014  feas=5     196s
  wellnet 228  gscreen  p=1.0 q=4.0 s=0.5 L=   300  Bmax=    6.939  feas=7     198s
  wellnet 230  gscreen  p=1.0 q=4.0 s=0.5 L=  1000  Bmax=   19.692  feas=8     199s
  wellnet 232  gscreen  p=1.0 q=4.0 s=0.5 L=  3000  Bmax=   37.224  feas=8     201s
  wellnet 234  gscreen  p=1.0 q=4.0 s=2.0 L=   100  Bmax=    1.009  feas=0     203s
  wellnet 236  gscreen  p=1.0 q=4.0 s=2.0 L=   300  Bmax=    1.112  feas=0     204s
  wellnet 238  gscreen  p=1.0 q=4.0 s=2.0 L=  1000  Bmax=    5.027  feas=5     206s
  wellnet 240  gscreen  p=1.0 q=4.0 s=2.0 L=  3000  Bmax=   35.940  feas=8     208s
  channel   1  clip sp=   50 sl=  150 q=0.0 p=0.0 L= 1000  Bmax=   565.677  feas=1     208s
  channel   2  clip sp=   50 sl=  150 q=0.0 p=0.0 L= 3000  Bmax=1000000.000  feas=1     208s
  channel   3  clip sp=   50 sl=  150 q=0.0 p=1.0 L= 1000  Bmax=1000000.000  feas=1     209s
  channel   4  clip sp=   50 sl=  150 q=0.0 p=1.0 L= 3000  Bmax=1000000.000  feas=1     209s
  channel   5  clip sp=   50 sl=  150 q=1.0 p=0.0 L= 1000  Bmax=  1085.880  feas=1     209s
  channel   6  clip sp=   50 sl=  150 q=1.0 p=0.0 L= 3000  Bmax=1000000.000  feas=1     210s
  channel   7  clip sp=   50 sl=  150 q=1.0 p=1.0 L= 1000  Bmax=1000000.000  feas=1     210s
  channel   8  clip sp=   50 sl=  150 q=1.0 p=1.0 L= 3000  Bmax=1000000.000  feas=1     210s
  channel   9  clip sp=   50 sl=  150 q=2.0 p=0.0 L= 1000  Bmax= 78205.507  feas=1     211s
  channel  10  clip sp=   50 sl=  150 q=2.0 p=0.0 L= 3000  Bmax=1000000.000  feas=1     211s
  channel  11  clip sp=   50 sl=  150 q=2.0 p=1.0 L= 1000  Bmax=1000000.000  feas=1     212s
  channel  12  clip sp=   50 sl=  150 q=2.0 p=1.0 L= 3000  Bmax=1000000.000  feas=1     212s
  channel  13  clip sp=   50 sl=  600 q=0.0 p=0.0 L= 1000  Bmax=   781.041  feas=1     212s
  channel  14  clip sp=   50 sl=  600 q=0.0 p=0.0 L= 3000  Bmax=1000000.000  feas=1     213s
  channel  15  clip sp=   50 sl=  600 q=0.0 p=1.0 L= 1000  Bmax=1000000.000  feas=1     213s
  channel  16  clip sp=   50 sl=  600 q=0.0 p=1.0 L= 3000  Bmax=1000000.000  feas=1     213s
  channel  17  clip sp=   50 sl=  600 q=1.0 p=0.0 L= 1000  Bmax=  4301.930  feas=1     213s
  channel  18  clip sp=   50 sl=  600 q=1.0 p=0.0 L= 3000  Bmax=1000000.000  feas=1     214s
  channel  19  clip sp=   50 sl=  600 q=1.0 p=1.0 L= 1000  Bmax=1000000.000  feas=1     214s
  channel  20  clip sp=   50 sl=  600 q=1.0 p=1.0 L= 3000  Bmax=1000000.000  feas=1     214s
  channel  21  clip sp=   50 sl=  600 q=2.0 p=0.0 L= 1000  Bmax=1000000.000  feas=1     215s
  channel  22  clip sp=   50 sl=  600 q=2.0 p=0.0 L= 3000  Bmax=1000000.000  feas=1     215s
  channel  23  clip sp=   50 sl=  600 q=2.0 p=1.0 L= 1000  Bmax=1000000.000  feas=1     215s
  channel  24  clip sp=   50 sl=  600 q=2.0 p=1.0 L= 3000  Bmax=1000000.000  feas=1     216s
  channel  25  clip sp=  150 sl=  150 q=0.0 p=0.0 L= 1000  Bmax=1000000.000  feas=1     216s
  channel  26  clip sp=  150 sl=  150 q=0.0 p=0.0 L= 3000  Bmax=1000000.000  feas=1     216s
  channel  27  clip sp=  150 sl=  150 q=0.0 p=1.0 L= 1000  Bmax=1000000.000  feas=1     217s
  channel  28  clip sp=  150 sl=  150 q=0.0 p=1.0 L= 3000  Bmax=1000000.000  feas=1     217s
  channel  29  clip sp=  150 sl=  150 q=1.0 p=0.0 L= 1000  Bmax=1000000.000  feas=1     218s
  channel  30  clip sp=  150 sl=  150 q=1.0 p=0.0 L= 3000  Bmax=1000000.000  feas=1     218s
  channel  31  clip sp=  150 sl=  150 q=1.0 p=1.0 L= 1000  Bmax=1000000.000  feas=1     218s
  channel  32  clip sp=  150 sl=  150 q=1.0 p=1.0 L= 3000  Bmax=1000000.000  feas=1     219s
  channel  33  clip sp=  150 sl=  150 q=2.0 p=0.0 L= 1000  Bmax=1000000.000  feas=1     219s
  channel  34  clip sp=  150 sl=  150 q=2.0 p=0.0 L= 3000  Bmax=1000000.000  feas=1     220s
  channel  35  clip sp=  150 sl=  150 q=2.0 p=1.0 L= 1000  Bmax=1000000.000  feas=1     220s
  channel  36  clip sp=  150 sl=  150 q=2.0 p=1.0 L= 3000  Bmax=1000000.000  feas=1     220s
  channel  37  clip sp=  150 sl=  600 q=0.0 p=0.0 L= 1000  Bmax=1000000.000  feas=1     221s
  channel  38  clip sp=  150 sl=  600 q=0.0 p=0.0 L= 3000  Bmax=1000000.000  feas=1     221s
  channel  39  clip sp=  150 sl=  600 q=0.0 p=1.0 L= 1000  Bmax=1000000.000  feas=1     222s
  channel  40  clip sp=  150 sl=  600 q=0.0 p=1.0 L= 3000  Bmax=1000000.000  feas=1     222s
  channel  41  clip sp=  150 sl=  600 q=1.0 p=0.0 L= 1000  Bmax=1000000.000  feas=1     223s
  channel  42  clip sp=  150 sl=  600 q=1.0 p=0.0 L= 3000  Bmax=1000000.000  feas=1     223s
  channel  43  clip sp=  150 sl=  600 q=1.0 p=1.0 L= 1000  Bmax=1000000.000  feas=1     223s
  channel  44  clip sp=  150 sl=  600 q=1.0 p=1.0 L= 3000  Bmax=1000000.000  feas=1     224s
  channel  45  clip sp=  150 sl=  600 q=2.0 p=0.0 L= 1000  Bmax=1000000.000  feas=1     224s
  channel  46  clip sp=  150 sl=  600 q=2.0 p=0.0 L= 3000  Bmax=1000000.000  feas=1     225s
  channel  47  clip sp=  150 sl=  600 q=2.0 p=1.0 L= 1000  Bmax=1000000.000  feas=1     225s
  channel  48  clip sp=  150 sl=  600 q=2.0 p=1.0 L= 3000  Bmax=1000000.000  feas=1     225s
  channel  49  clip sp=  400 sl=  150 q=0.0 p=0.0 L= 1000  Bmax=1000000.000  feas=1     226s
  channel  50  clip sp=  400 sl=  150 q=0.0 p=0.0 L= 3000  Bmax=1000000.000  feas=1     226s
  channel  51  clip sp=  400 sl=  150 q=0.0 p=1.0 L= 1000  Bmax=1000000.000  feas=1     227s
  channel  52  clip sp=  400 sl=  150 q=0.0 p=1.0 L= 3000  Bmax=1000000.000  feas=1     227s
  channel  53  clip sp=  400 sl=  150 q=1.0 p=0.0 L= 1000  Bmax=1000000.000  feas=1     228s
  channel  54  clip sp=  400 sl=  150 q=1.0 p=0.0 L= 3000  Bmax=1000000.000  feas=1     228s
  channel  55  clip sp=  400 sl=  150 q=1.0 p=1.0 L= 1000  Bmax=1000000.000  feas=1     228s
  channel  56  clip sp=  400 sl=  150 q=1.0 p=1.0 L= 3000  Bmax=1000000.000  feas=1     229s
  channel  57  clip sp=  400 sl=  150 q=2.0 p=0.0 L= 1000  Bmax=1000000.000  feas=1     229s
  channel  58  clip sp=  400 sl=  150 q=2.0 p=0.0 L= 3000  Bmax=1000000.000  feas=1     230s
  channel  59  clip sp=  400 sl=  150 q=2.0 p=1.0 L= 1000  Bmax=1000000.000  feas=1     230s
  channel  60  clip sp=  400 sl=  150 q=2.0 p=1.0 L= 3000  Bmax=1000000.000  feas=1     231s
  channel  61  clip sp=  400 sl=  600 q=0.0 p=0.0 L= 1000  Bmax=1000000.000  feas=1     231s
  channel  62  clip sp=  400 sl=  600 q=0.0 p=0.0 L= 3000  Bmax=1000000.000  feas=1     231s
  channel  63  clip sp=  400 sl=  600 q=0.0 p=1.0 L= 1000  Bmax=1000000.000  feas=1     232s
  channel  64  clip sp=  400 sl=  600 q=0.0 p=1.0 L= 3000  Bmax=1000000.000  feas=1     232s
  channel  65  clip sp=  400 sl=  600 q=1.0 p=0.0 L= 1000  Bmax=1000000.000  feas=1     233s
  channel  66  clip sp=  400 sl=  600 q=1.0 p=0.0 L= 3000  Bmax=1000000.000  feas=1     233s
  channel  67  clip sp=  400 sl=  600 q=1.0 p=1.0 L= 1000  Bmax=1000000.000  feas=1     234s
  channel  68  clip sp=  400 sl=  600 q=1.0 p=1.0 L= 3000  Bmax=1000000.000  feas=1     234s
  channel  69  clip sp=  400 sl=  600 q=2.0 p=0.0 L= 1000  Bmax=1000000.000  feas=1     234s
  channel  70  clip sp=  400 sl=  600 q=2.0 p=0.0 L= 3000  Bmax=1000000.000  feas=1     235s
  channel  71  clip sp=  400 sl=  600 q=2.0 p=1.0 L= 1000  Bmax=1000000.000  feas=1     235s
  channel  72  clip sp=  400 sl=  600 q=2.0 p=1.0 L= 3000  Bmax=1000000.000  feas=1     236s
  channel  73  mid sp=   50 sl=  150 q=0.0 p=0.0 L= 1000  Bmax=     1.414  feas=0     236s
  channel  74  mid sp=   50 sl=  150 q=0.0 p=0.0 L= 3000  Bmax=     4.449  feas=1     237s
  channel  75  mid sp=   50 sl=  150 q=0.0 p=1.0 L= 1000  Bmax=     1.206  feas=0     237s
  channel  76  mid sp=   50 sl=  150 q=0.0 p=1.0 L= 3000  Bmax=     2.699  feas=1     237s
  channel  77  mid sp=   50 sl=  150 q=1.0 p=0.0 L= 1000  Bmax=     1.720  feas=0     238s
  channel  78  mid sp=   50 sl=  150 q=1.0 p=0.0 L= 3000  Bmax=   122.787  feas=1     238s
  channel  79  mid sp=   50 sl=  150 q=1.0 p=1.0 L= 1000  Bmax=     1.298  feas=0     238s
  channel  80  mid sp=   50 sl=  150 q=1.0 p=1.0 L= 3000  Bmax=    29.367  feas=1     239s
  channel  81  mid sp=   50 sl=  150 q=2.0 p=0.0 L= 1000  Bmax=    19.166  feas=1     239s
  channel  82  mid sp=   50 sl=  150 q=2.0 p=0.0 L= 3000  Bmax=1000000.000  feas=1     239s
  channel  83  mid sp=   50 sl=  150 q=2.0 p=1.0 L= 1000  Bmax=     2.860  feas=1     239s
  channel  84  mid sp=   50 sl=  150 q=2.0 p=1.0 L= 3000  Bmax=1000000.000  feas=1     240s
  channel  85  mid sp=   50 sl=  600 q=0.0 p=0.0 L= 1000  Bmax=   171.179  feas=1     240s
  channel  86  mid sp=   50 sl=  600 q=0.0 p=0.0 L= 3000  Bmax=152594.239  feas=1     240s
  channel  87  mid sp=   50 sl=  600 q=0.0 p=1.0 L= 1000  Bmax=209453.415  feas=1     241s
  channel  88  mid sp=   50 sl=  600 q=0.0 p=1.0 L= 3000  Bmax=1000000.000  feas=1     241s
  channel  89  mid sp=   50 sl=  600 q=1.0 p=0.0 L= 1000  Bmax=   602.761  feas=1     241s
  channel  90  mid sp=   50 sl=  600 q=1.0 p=0.0 L= 3000  Bmax=1000000.000  feas=1     242s
  channel  91  mid sp=   50 sl=  600 q=1.0 p=1.0 L= 1000  Bmax=1000000.000  feas=1     242s
  channel  92  mid sp=   50 sl=  600 q=1.0 p=1.0 L= 3000  Bmax=1000000.000  feas=1     242s
  channel  93  mid sp=   50 sl=  600 q=2.0 p=0.0 L= 1000  Bmax=236207.638  feas=1     243s
  channel  94  mid sp=   50 sl=  600 q=2.0 p=0.0 L= 3000  Bmax=1000000.000  feas=1     243s
  channel  95  mid sp=   50 sl=  600 q=2.0 p=1.0 L= 1000  Bmax=1000000.000  feas=1     243s
  channel  96  mid sp=   50 sl=  600 q=2.0 p=1.0 L= 3000  Bmax=1000000.000  feas=1     244s
  channel  97  mid sp=  150 sl=  150 q=0.0 p=0.0 L= 1000  Bmax=    56.557  feas=1     244s
  channel  98  mid sp=  150 sl=  150 q=0.0 p=0.0 L= 3000  Bmax=1000000.000  feas=1     245s
  channel  99  mid sp=  150 sl=  150 q=0.0 p=1.0 L= 1000  Bmax=     6.092  feas=1     245s
  channel 100  mid sp=  150 sl=  150 q=0.0 p=1.0 L= 3000  Bmax=  2458.942  feas=1     245s
  channel 101  mid sp=  150 sl=  150 q=1.0 p=0.0 L= 1000  Bmax=   550.467  feas=1     246s
  channel 102  mid sp=  150 sl=  150 q=1.0 p=0.0 L= 3000  Bmax=1000000.000  feas=1     246s
  channel 103  mid sp=  150 sl=  150 q=1.0 p=1.0 L= 1000  Bmax=    16.486  feas=1     247s
  channel 104  mid sp=  150 sl=  150 q=1.0 p=1.0 L= 3000  Bmax=1000000.000  feas=1     247s
  channel 105  mid sp=  150 sl=  150 q=2.0 p=0.0 L= 1000  Bmax=1000000.000  feas=1     248s
  channel 106  mid sp=  150 sl=  150 q=2.0 p=0.0 L= 3000  Bmax=1000000.000  feas=1     248s
  channel 107  mid sp=  150 sl=  150 q=2.0 p=1.0 L= 1000  Bmax=  1781.493  feas=1     249s
  channel 108  mid sp=  150 sl=  150 q=2.0 p=1.0 L= 3000  Bmax=1000000.000  feas=1     249s
  channel 109  mid sp=  150 sl=  600 q=0.0 p=0.0 L= 1000  Bmax=1000000.000  feas=1     250s
  channel 110  mid sp=  150 sl=  600 q=0.0 p=0.0 L= 3000  Bmax=1000000.000  feas=1     250s
  channel 111  mid sp=  150 sl=  600 q=0.0 p=1.0 L= 1000  Bmax=1000000.000  feas=1     250s
  channel 112  mid sp=  150 sl=  600 q=0.0 p=1.0 L= 3000  Bmax=1000000.000  feas=1     251s
  channel 113  mid sp=  150 sl=  600 q=1.0 p=0.0 L= 1000  Bmax=1000000.000  feas=1     251s
  channel 114  mid sp=  150 sl=  600 q=1.0 p=0.0 L= 3000  Bmax=1000000.000  feas=1     251s
  channel 115  mid sp=  150 sl=  600 q=1.0 p=1.0 L= 1000  Bmax=1000000.000  feas=1     252s
  channel 116  mid sp=  150 sl=  600 q=1.0 p=1.0 L= 3000  Bmax=1000000.000  feas=1     252s
  channel 117  mid sp=  150 sl=  600 q=2.0 p=0.0 L= 1000  Bmax=1000000.000  feas=1     253s
  channel 118  mid sp=  150 sl=  600 q=2.0 p=0.0 L= 3000  Bmax=1000000.000  feas=1     253s
  channel 119  mid sp=  150 sl=  600 q=2.0 p=1.0 L= 1000  Bmax=1000000.000  feas=1     254s
  channel 120  mid sp=  150 sl=  600 q=2.0 p=1.0 L= 3000  Bmax=1000000.000  feas=1     254s
  channel 121  mid sp=  400 sl=  150 q=0.0 p=0.0 L= 1000  Bmax=1000000.000  feas=1     255s
  channel 122  mid sp=  400 sl=  150 q=0.0 p=0.0 L= 3000  Bmax=1000000.000  feas=1     255s
  channel 123  mid sp=  400 sl=  150 q=0.0 p=1.0 L= 1000  Bmax=1000000.000  feas=1     256s
  channel 124  mid sp=  400 sl=  150 q=0.0 p=1.0 L= 3000  Bmax=1000000.000  feas=1     256s
  channel 125  mid sp=  400 sl=  150 q=1.0 p=0.0 L= 1000  Bmax=1000000.000  feas=1     256s
  channel 126  mid sp=  400 sl=  150 q=1.0 p=0.0 L= 3000  Bmax=1000000.000  feas=1     257s
  channel 127  mid sp=  400 sl=  150 q=1.0 p=1.0 L= 1000  Bmax=1000000.000  feas=1     257s
  channel 128  mid sp=  400 sl=  150 q=1.0 p=1.0 L= 3000  Bmax=1000000.000  feas=1     257s
  channel 129  mid sp=  400 sl=  150 q=2.0 p=0.0 L= 1000  Bmax=1000000.000  feas=1     258s
  channel 130  mid sp=  400 sl=  150 q=2.0 p=0.0 L= 3000  Bmax=1000000.000  feas=1     258s
  channel 131  mid sp=  400 sl=  150 q=2.0 p=1.0 L= 1000  Bmax=1000000.000  feas=1     259s
  channel 132  mid sp=  400 sl=  150 q=2.0 p=1.0 L= 3000  Bmax=1000000.000  feas=1     259s
  channel 133  mid sp=  400 sl=  600 q=0.0 p=0.0 L= 1000  Bmax=1000000.000  feas=1     259s
  channel 134  mid sp=  400 sl=  600 q=0.0 p=0.0 L= 3000  Bmax=1000000.000  feas=1     260s
  channel 135  mid sp=  400 sl=  600 q=0.0 p=1.0 L= 1000  Bmax=1000000.000  feas=1     260s
  channel 136  mid sp=  400 sl=  600 q=0.0 p=1.0 L= 3000  Bmax=1000000.000  feas=1     261s
  channel 137  mid sp=  400 sl=  600 q=1.0 p=0.0 L= 1000  Bmax=1000000.000  feas=1     261s
  channel 138  mid sp=  400 sl=  600 q=1.0 p=0.0 L= 3000  Bmax=1000000.000  feas=1     262s
  channel 139  mid sp=  400 sl=  600 q=1.0 p=1.0 L= 1000  Bmax=1000000.000  feas=1     262s
  channel 140  mid sp=  400 sl=  600 q=1.0 p=1.0 L= 3000  Bmax=1000000.000  feas=1     262s
  channel 141  mid sp=  400 sl=  600 q=2.0 p=0.0 L= 1000  Bmax=1000000.000  feas=1     263s
  channel 142  mid sp=  400 sl=  600 q=2.0 p=0.0 L= 3000  Bmax=1000000.000  feas=1     263s
  channel 143  mid sp=  400 sl=  600 q=2.0 p=1.0 L= 1000  Bmax=1000000.000  feas=1     264s
  channel 144  mid sp=  400 sl=  600 q=2.0 p=1.0 L= 3000  Bmax=1000000.000  feas=1     264s

written mechanism_map.json  1920 well-network rows, 288 channel rows, 264 s
  well-network: 1541 of 1920 reach B=2 at 1 Mpc; 760 of those keep the FIELD galaxy inside 0.04 dex; 563 also keep the MEMBER galaxy inside it
  pair channels: 140 of 288 reach B=2 at 1 Mpc; 140 of those keep the FIELD galaxy inside 0.04 dex; 0 also keep the MEMBER galaxy inside it

--- resolution sensitivity of the well-network boost ---
    shape {'family': 'plaw', 'p': 1.0, 'q': 2.0, 's': 1.5, 'm': 1.0, 'exclude_nearest': False, 'L_kpc': 300.0}  gate=none A_T=-4.7
      n=  32  k=0.5665 0.5271 0.4595 0.3188   B=1.588 1.670 1.853 2.464
      n=  48  k=0.5843 0.5242 0.4581 0.3289   B=1.540 1.678 1.857 2.404
      n=  64  k=0.5797 0.5216 0.4617 0.3325   B=1.552 1.685 1.845 2.383
      n=  96  k=0.5868 0.5191 0.4630 0.3337   B=1.537 1.691 1.841 2.377
      n= 128  k=0.5868 0.5176 0.4642 0.3343   B=1.537 1.695 1.837 2.373
    shape {'family': 'plaw', 'p': 1.0, 'q': 2.0, 's': 1.5, 'm': 1.0, 'exclude_nearest': True, 'L_kpc': 300.0}  gate=none A_T=-4.7
      n=  32  k=0.5569 0.5126 0.4352 0.2883   B=1.611 1.708 1.934 2.670
      n=  48  k=0.5735 0.5134 0.4352 0.2984   B=1.563 1.706 1.934 2.597
      n=  64  k=0.5699 0.5132 0.4390 0.3027   B=1.573 1.707 1.921 2.568
      n=  96  k=0.5792 0.5106 0.4415 0.3046   B=1.553 1.714 1.912 2.555
      n= 128  k=0.5777 0.5108 0.4425 0.3054   B=1.557 1.714 1.909 2.550
    shape {'family': 'expo', 'p': 1.0, 'q': 2.0, 's': 0.5, 'm': 1.0, 'exclude_nearest': False, 'L_kpc': 1000.0}  gate=none A_T=-4.7
      n=  32  k=0.6106 0.5059 0.3488 0.2553   B=1.494 1.727 2.309 2.941
      n=  48  k=0.6613 0.5180 0.3510 0.2595   B=1.394 1.694 2.296 2.903
      n=  64  k=0.6649 0.5281 0.3534 0.2611   B=1.389 1.668 2.284 2.888
      n=  96  k=0.6773 0.5302 0.3544 0.2615   B=1.369 1.663 2.278 2.885
      n= 128  k=0.6783 0.5318 0.3553 0.2618   B=1.367 1.659 2.274 2.882

--- full 3-D verification of the selected points ---
    wellnet   3D B = 1.623 1.973 1.990 1.645   map B = 1.623 1.992 2.000 1.647   [outer 7, CG 665, resid 9.9e-09, dPhi 5.8e-06]
              projected deflection ratio = 1.609 1.776 1.915 1.854 1.663 1.466
    wellnet   3D B = 1.930 2.208 1.995 1.657   map B = 1.884 2.210 2.000 1.658   [outer 7, CG 1914, resid 1.0e-08, dPhi 7.1e-06]
              projected deflection ratio = 1.787 1.963 2.044 1.876 1.669 1.485
    wellnet   3D B = 3.465 3.980 2.645 1.896   map B = 3.705 3.825 2.357 1.831   [outer 9, CG 4000, resid 1.3e-05, dPhi 4.3e-06]
              projected deflection ratio = 2.695 3.058 3.258 2.615 1.959 1.686
    wellnet   3D B = 3.386 3.885 2.582 1.844   map B = 3.565 3.730 2.261 1.763   [outer 12, CG 4000, resid 1.3e-08, dPhi 2.6e-06]
              projected deflection ratio = 2.648 2.977 3.175 2.556 1.895 1.654
    channels  3D B = 208963627341117224264507184574343752104492411050585804062309646582861031997572504304484352.000 12134298178298963083567532638172590794240559674551450454393181708704650702473010650021888.000 2102120982111664050136723629488763968187671487224574962358994703951526831231600689152.000 2949591506614410665522207507069069346609567322756673546175738586522314223835414528.000   map B = 960384.618 1424.305 2.000 1.102   [outer 40, CG 4000, resid 7.0e+86, dPhi 1.0e+00]
              projected deflection ratio = 77875821377822920166100737056778602144001675786596578638738243764155151582804819591561216.000 15280873387240463446161374828171550973772806801973808896087004967290172125781908923613184.000 373974726182039947145913106860509153339173186743172001943273449346522581238505076162560.000 982068618234044346542966543913121840690396135714096911036890467259140092197133615104.000 9145465326439642698785378708184940548218435087350647021204032316191256209973575680.000 63235217392733867650248923863551026769896546578342965390688865517219004781953024.000
    channels  3D B = 25538797389049935953920.000 5070289843275593416704.000 81699023005671292928.000 66929606462431895552.000   map B = 5394.337 182.673 2.000 1.090   [outer 40, CG 4000, resid 2.4e+21, dPhi 1.2e+00]
              projected deflection ratio = 1075807034147551838208.000 485445431714497560576.000 96743738776896487424.000 69417204394763665408.000 60519558420270194688.000 50741350096990273536.000
    channels  3D B = 4.390 3.553 1.943 1.373   map B = 4.472 3.612 1.965 1.381   [outer 7, CG 142, resid 9.3e-09, dPhi 4.1e-06]
              projected deflection ratio = 3.509 3.131 2.523 1.822 1.433 1.221
    channels  3D B = 3.957 3.239 1.842 1.341   map B = 3.989 3.257 1.847 1.343   [outer 7, CG 137, resid 9.9e-09, dPhi 3.7e-06]
              projected deflection ratio = 3.228 2.893 2.360 1.746 1.401 1.205
mechanism_map.json updated with resolution_check and headline_3d
