cluster grid 64^3, 262144 cells, 300 members; shell cells [248, 704, 2864, 5696]
field galaxy  M = 5.00e+10 Msun, |Phi_N| at 20 kpc = 1.134e+10
member galaxy M = 4.03e+11 Msun at 384 kpc, |Phi_N| at 20 kpc = 1.094e+12
cluster |Phi_N| on the 1 Mpc shell = 7.219e+11
  wellnet   2  plaw     p=0.0 q=1.0 s=0.5 L=   100  Bmax=   17.964  feas=9       2s
  wellnet   4  plaw     p=0.0 q=1.0 s=0.5 L=   300  Bmax=   18.270  feas=10       3s
  wellnet   6  plaw     p=0.0 q=1.0 s=0.5 L=  1000  Bmax=   18.878  feas=9       5s
  wellnet   8  plaw     p=0.0 q=1.0 s=0.5 L=  3000  Bmax=   19.505  feas=9       6s
  wellnet  10  plaw     p=0.0 q=1.0 s=2.0 L=   100  Bmax=   10.684  feas=7       8s
  wellnet  12  plaw     p=0.0 q=1.0 s=2.0 L=   300  Bmax=   14.028  feas=7      10s
  wellnet  14  plaw     p=0.0 q=1.0 s=2.0 L=  1000  Bmax=   15.692  feas=9      11s
  wellnet  16  plaw     p=0.0 q=1.0 s=2.0 L=  3000  Bmax=   17.449  feas=9      13s
  wellnet  18  plaw     p=0.0 q=2.0 s=0.5 L=   100  Bmax=   16.079  feas=9      14s
  wellnet  20  plaw     p=0.0 q=2.0 s=0.5 L=   300  Bmax=   16.196  feas=9      16s
  wellnet  22  plaw     p=0.0 q=2.0 s=0.5 L=  1000  Bmax=   17.475  feas=9      17s
  wellnet  24  plaw     p=0.0 q=2.0 s=0.5 L=  3000  Bmax=   19.418  feas=9      19s
  wellnet  26  plaw     p=0.0 q=2.0 s=2.0 L=   100  Bmax=    1.680  feas=0      20s
  wellnet  28  plaw     p=0.0 q=2.0 s=2.0 L=   300  Bmax=    3.057  feas=5      22s
  wellnet  30  plaw     p=0.0 q=2.0 s=2.0 L=  1000  Bmax=   13.303  feas=8      23s
  wellnet  32  plaw     p=0.0 q=2.0 s=2.0 L=  3000  Bmax=   17.276  feas=9      25s
  wellnet  34  plaw     p=0.0 q=4.0 s=0.5 L=   100  Bmax=    8.239  feas=6      26s
  wellnet  36  plaw     p=0.0 q=4.0 s=0.5 L=   300  Bmax=   10.384  feas=7      28s
  wellnet  38  plaw     p=0.0 q=4.0 s=0.5 L=  1000  Bmax=   15.158  feas=8      29s
  wellnet  40  plaw     p=0.0 q=4.0 s=0.5 L=  3000  Bmax=   19.660  feas=9      31s
  wellnet  42  plaw     p=0.0 q=4.0 s=2.0 L=   100  Bmax=    1.010  feas=0      32s
  wellnet  44  plaw     p=0.0 q=4.0 s=2.0 L=   300  Bmax=    1.067  feas=0      34s
  wellnet  46  plaw     p=0.0 q=4.0 s=2.0 L=  1000  Bmax=    9.903  feas=5      35s
  wellnet  48  plaw     p=0.0 q=4.0 s=2.0 L=  3000  Bmax=   18.148  feas=8      37s
  wellnet  50  plaw     p=1.0 q=1.0 s=0.5 L=   100  Bmax=   31.802  feas=8      38s
  wellnet  52  plaw     p=1.0 q=1.0 s=0.5 L=   300  Bmax=   34.069  feas=8      40s
  wellnet  54  plaw     p=1.0 q=1.0 s=0.5 L=  1000  Bmax=   37.611  feas=8      41s
  wellnet  56  plaw     p=1.0 q=1.0 s=0.5 L=  3000  Bmax=   37.052  feas=8      43s
  wellnet  58  plaw     p=1.0 q=1.0 s=2.0 L=   100  Bmax=    7.629  feas=7      44s
  wellnet  60  plaw     p=1.0 q=1.0 s=2.0 L=   300  Bmax=   10.689  feas=7      46s
  wellnet  62  plaw     p=1.0 q=1.0 s=2.0 L=  1000  Bmax=   18.426  feas=8      48s
  wellnet  64  plaw     p=1.0 q=1.0 s=2.0 L=  3000  Bmax=   30.748  feas=8      49s
  wellnet  66  plaw     p=1.0 q=2.0 s=0.5 L=   100  Bmax=   17.292  feas=8      51s
  wellnet  68  plaw     p=1.0 q=2.0 s=0.5 L=   300  Bmax=   19.732  feas=8      52s
  wellnet  70  plaw     p=1.0 q=2.0 s=0.5 L=  1000  Bmax=   31.565  feas=8      54s
  wellnet  72  plaw     p=1.0 q=2.0 s=0.5 L=  3000  Bmax=   37.768  feas=8      55s
  wellnet  74  plaw     p=1.0 q=2.0 s=2.0 L=   100  Bmax=    1.852  feas=0      57s
  wellnet  76  plaw     p=1.0 q=2.0 s=2.0 L=   300  Bmax=    2.316  feas=6      58s
  wellnet  78  plaw     p=1.0 q=2.0 s=2.0 L=  1000  Bmax=    9.185  feas=7      60s
  wellnet  80  plaw     p=1.0 q=2.0 s=2.0 L=  3000  Bmax=   32.109  feas=8      62s
  wellnet  82  plaw     p=1.0 q=4.0 s=0.5 L=   100  Bmax=    6.002  feas=5      63s
  wellnet  84  plaw     p=1.0 q=4.0 s=0.5 L=   300  Bmax=    6.926  feas=7      65s
  wellnet  86  plaw     p=1.0 q=4.0 s=0.5 L=  1000  Bmax=   19.656  feas=8      66s
  wellnet  88  plaw     p=1.0 q=4.0 s=0.5 L=  3000  Bmax=   37.189  feas=8      68s
  wellnet  90  plaw     p=1.0 q=4.0 s=2.0 L=   100  Bmax=    1.009  feas=0      69s
  wellnet  92  plaw     p=1.0 q=4.0 s=2.0 L=   300  Bmax=    1.112  feas=0      71s
  wellnet  94  plaw     p=1.0 q=4.0 s=2.0 L=  1000  Bmax=    5.018  feas=5      72s
  wellnet  96  plaw     p=1.0 q=4.0 s=2.0 L=  3000  Bmax=   35.875  feas=8      74s
  wellnet  98  expo     p=0.0 q=1.0 s=0.5 L=   100  Bmax=    1.161  feas=0      75s
  wellnet 100  expo     p=0.0 q=1.0 s=0.5 L=   300  Bmax=    6.767  feas=5      76s
  wellnet 102  expo     p=0.0 q=1.0 s=0.5 L=  1000  Bmax=   15.144  feas=8      78s
  wellnet 104  expo     p=0.0 q=1.0 s=0.5 L=  3000  Bmax=   18.147  feas=9      80s
  wellnet 106  expo     p=0.0 q=2.0 s=0.5 L=   100  Bmax=    1.006  feas=0      81s
  wellnet 108  expo     p=0.0 q=2.0 s=0.5 L=   300  Bmax=    1.133  feas=0      83s
  wellnet 110  expo     p=0.0 q=2.0 s=0.5 L=  1000  Bmax=   12.429  feas=7      84s
  wellnet 112  expo     p=0.0 q=2.0 s=0.5 L=  3000  Bmax=   20.359  feas=12      86s
  wellnet 114  expo     p=0.0 q=4.0 s=0.5 L=   100  Bmax=    1.056  feas=0      87s
  wellnet 116  expo     p=0.0 q=4.0 s=0.5 L=   300  Bmax=    1.023  feas=0      89s
  wellnet 118  expo     p=0.0 q=4.0 s=0.5 L=  1000  Bmax=   10.520  feas=7      90s
  wellnet 120  expo     p=0.0 q=4.0 s=0.5 L=  3000  Bmax=   18.948  feas=8      92s
  wellnet 122  expo     p=1.0 q=1.0 s=0.5 L=   100  Bmax=    1.198  feas=0      93s
  wellnet 124  expo     p=1.0 q=1.0 s=0.5 L=   300  Bmax=    3.958  feas=6      95s
  wellnet 126  expo     p=1.0 q=1.0 s=0.5 L=  1000  Bmax=   17.953  feas=8      96s
  wellnet 128  expo     p=1.0 q=1.0 s=0.5 L=  3000  Bmax=   34.769  feas=8      98s
  wellnet 130  expo     p=1.0 q=2.0 s=0.5 L=   100  Bmax=    1.004  feas=0      99s
  wellnet 132  expo     p=1.0 q=2.0 s=0.5 L=   300  Bmax=    1.157  feas=0     101s
  wellnet 134  expo     p=1.0 q=2.0 s=0.5 L=  1000  Bmax=    9.258  feas=7     102s
  wellnet 136  expo     p=1.0 q=2.0 s=0.5 L=  3000  Bmax=   35.882  feas=8     104s
  wellnet 138  expo     p=1.0 q=4.0 s=0.5 L=   100  Bmax=    1.056  feas=0     105s
  wellnet 140  expo     p=1.0 q=4.0 s=0.5 L=   300  Bmax=    1.036  feas=0     106s
  wellnet 142  expo     p=1.0 q=4.0 s=0.5 L=  1000  Bmax=    5.373  feas=6     108s
  wellnet 144  expo     p=1.0 q=4.0 s=0.5 L=  3000  Bmax=   37.922  feas=8     109s
  wellnet 146  gscreen  p=0.0 q=1.0 s=0.5 L=   100  Bmax=   17.963  feas=9     111s
  wellnet 148  gscreen  p=0.0 q=1.0 s=0.5 L=   300  Bmax=   18.270  feas=9     112s
  wellnet 150  gscreen  p=0.0 q=1.0 s=0.5 L=  1000  Bmax=   18.878  feas=9     114s
  wellnet 152  gscreen  p=0.0 q=1.0 s=0.5 L=  3000  Bmax=   19.505  feas=9     116s
  wellnet 154  gscreen  p=0.0 q=1.0 s=2.0 L=   100  Bmax=   10.691  feas=7     117s
  wellnet 156  gscreen  p=0.0 q=1.0 s=2.0 L=   300  Bmax=   14.034  feas=8     118s
  wellnet 158  gscreen  p=0.0 q=1.0 s=2.0 L=  1000  Bmax=   15.690  feas=9     120s
  wellnet 160  gscreen  p=0.0 q=1.0 s=2.0 L=  3000  Bmax=   17.448  feas=9     121s
  wellnet 162  gscreen  p=0.0 q=2.0 s=0.5 L=   100  Bmax=   16.080  feas=9     123s
  wellnet 164  gscreen  p=0.0 q=2.0 s=0.5 L=   300  Bmax=   16.193  feas=9     125s
  wellnet 166  gscreen  p=0.0 q=2.0 s=0.5 L=  1000  Bmax=   17.474  feas=9     126s
  wellnet 168  gscreen  p=0.0 q=2.0 s=0.5 L=  3000  Bmax=   19.418  feas=9     128s
  wellnet 170  gscreen  p=0.0 q=2.0 s=2.0 L=   100  Bmax=    1.681  feas=0     129s
  wellnet 172  gscreen  p=0.0 q=2.0 s=2.0 L=   300  Bmax=    3.059  feas=5     131s
  wellnet 174  gscreen  p=0.0 q=2.0 s=2.0 L=  1000  Bmax=   13.301  feas=8     132s
  wellnet 176  gscreen  p=0.0 q=2.0 s=2.0 L=  3000  Bmax=   17.276  feas=9     134s
  wellnet 178  gscreen  p=0.0 q=4.0 s=0.5 L=   100  Bmax=    8.246  feas=6     135s
  wellnet 180  gscreen  p=0.0 q=4.0 s=0.5 L=   300  Bmax=   10.390  feas=8     137s
  wellnet 182  gscreen  p=0.0 q=4.0 s=0.5 L=  1000  Bmax=   15.157  feas=8     138s
  wellnet 184  gscreen  p=0.0 q=4.0 s=0.5 L=  3000  Bmax=   19.660  feas=9     140s
  wellnet 186  gscreen  p=0.0 q=4.0 s=2.0 L=   100  Bmax=    1.010  feas=0     141s
  wellnet 188  gscreen  p=0.0 q=4.0 s=2.0 L=   300  Bmax=    1.067  feas=0     143s
  wellnet 190  gscreen  p=0.0 q=4.0 s=2.0 L=  1000  Bmax=    9.903  feas=5     144s
  wellnet 192  gscreen  p=0.0 q=4.0 s=2.0 L=  3000  Bmax=   18.148  feas=8     146s
  wellnet 194  gscreen  p=1.0 q=1.0 s=0.5 L=   100  Bmax=   31.872  feas=8     147s
  wellnet 196  gscreen  p=1.0 q=1.0 s=0.5 L=   300  Bmax=   34.147  feas=8     149s
  wellnet 198  gscreen  p=1.0 q=1.0 s=0.5 L=  1000  Bmax=   37.670  feas=8     150s
  wellnet 200  gscreen  p=1.0 q=1.0 s=0.5 L=  3000  Bmax=   37.055  feas=8     152s
  wellnet 202  gscreen  p=1.0 q=1.0 s=2.0 L=   100  Bmax=    7.644  feas=7     153s
  wellnet 204  gscreen  p=1.0 q=1.0 s=2.0 L=   300  Bmax=   10.713  feas=7     155s
  wellnet 206  gscreen  p=1.0 q=1.0 s=2.0 L=  1000  Bmax=   18.467  feas=8     156s
  wellnet 208  gscreen  p=1.0 q=1.0 s=2.0 L=  3000  Bmax=   30.822  feas=8     158s
  wellnet 210  gscreen  p=1.0 q=2.0 s=0.5 L=   100  Bmax=   17.328  feas=8     160s
  wellnet 212  gscreen  p=1.0 q=2.0 s=0.5 L=   300  Bmax=   19.775  feas=8     161s
  wellnet 214  gscreen  p=1.0 q=2.0 s=0.5 L=  1000  Bmax=   31.631  feas=8     163s
  wellnet 216  gscreen  p=1.0 q=2.0 s=0.5 L=  3000  Bmax=   37.781  feas=8     164s
  wellnet 218  gscreen  p=1.0 q=2.0 s=2.0 L=   100  Bmax=    1.858  feas=0     166s
  wellnet 220  gscreen  p=1.0 q=2.0 s=2.0 L=   300  Bmax=    2.319  feas=6     167s
  wellnet 222  gscreen  p=1.0 q=2.0 s=2.0 L=  1000  Bmax=    9.203  feas=7     169s
  wellnet 224  gscreen  p=1.0 q=2.0 s=2.0 L=  3000  Bmax=   32.176  feas=8     170s
  wellnet 226  gscreen  p=1.0 q=4.0 s=0.5 L=   100  Bmax=    6.014  feas=5     172s
  wellnet 228  gscreen  p=1.0 q=4.0 s=0.5 L=   300  Bmax=    6.939  feas=7     173s
  wellnet 230  gscreen  p=1.0 q=4.0 s=0.5 L=  1000  Bmax=   19.692  feas=8     175s
  wellnet 232  gscreen  p=1.0 q=4.0 s=0.5 L=  3000  Bmax=   37.224  feas=8     177s
  wellnet 234  gscreen  p=1.0 q=4.0 s=2.0 L=   100  Bmax=    1.009  feas=0     178s
  wellnet 236  gscreen  p=1.0 q=4.0 s=2.0 L=   300  Bmax=    1.112  feas=0     180s
  wellnet 238  gscreen  p=1.0 q=4.0 s=2.0 L=  1000  Bmax=    5.027  feas=5     181s
  wellnet 240  gscreen  p=1.0 q=4.0 s=2.0 L=  3000  Bmax=   35.940  feas=8     183s
  channel   1  clip sp=   50 sl=  150 q=0.0 p=0.0 L= 1000  Bmax=   565.677  feas=1     183s
  channel   2  clip sp=   50 sl=  150 q=0.0 p=0.0 L= 3000  Bmax=35845481.075  feas=1     183s
  channel   3  clip sp=   50 sl=  150 q=0.0 p=1.0 L= 1000  Bmax=69681393.559  feas=1     183s
  channel   4  clip sp=   50 sl=  150 q=0.0 p=1.0 L= 3000  Bmax=40556393748899254079848448.000  feas=1     184s
  channel   5  clip sp=   50 sl=  150 q=1.0 p=0.0 L= 1000  Bmax=  1085.880  feas=1     184s
  channel   6  clip sp=   50 sl=  150 q=1.0 p=0.0 L= 3000  Bmax=3369584338121898925752320.000  feas=1     184s
  channel   7  clip sp=   50 sl=  150 q=1.0 p=1.0 L= 1000  Bmax=5038917560.854  feas=1     185s
  channel   8  clip sp=   50 sl=  150 q=1.0 p=1.0 L= 3000  Bmax=6883570352859990935723984407646253357661488392951550739899179396899711144165376.000  feas=1     185s
  channel   9  clip sp=   50 sl=  150 q=2.0 p=0.0 L= 1000  Bmax= 78205.507  feas=1     185s
  channel  10  clip sp=   50 sl=  150 q=2.0 p=0.0 L= 3000  Bmax=8483036801912082398864478511124551191449723549737074532979186441105899894290526679130851082998749593600.000  feas=1     186s
  channel  11  clip sp=   50 sl=  150 q=2.0 p=1.0 L= 1000  Bmax=8368155791317.903  feas=1     186s
  channel  12  clip sp=   50 sl=  150 q=2.0 p=1.0 L= 3000  Bmax=466940187597764299258295805642839429203048172916136078586669005069676622207494998577525945262059537113947169138995637340964826827905885743493757198720221333385924048202987651573648181140406808624444373421061695460665655417493836405774068743832191838452756540350816845824.000  feas=1     186s
  channel  13  clip sp=   50 sl=  600 q=0.0 p=0.0 L= 1000  Bmax=   781.041  feas=1     186s
  channel  14  clip sp=   50 sl=  600 q=0.0 p=0.0 L= 3000  Bmax=85979310.358  feas=1     187s
  channel  15  clip sp=   50 sl=  600 q=0.0 p=1.0 L= 1000  Bmax=87569910.254  feas=1     187s
  channel  16  clip sp=   50 sl=  600 q=0.0 p=1.0 L= 3000  Bmax=57405953915596815219032064.000  feas=1     187s
  channel  17  clip sp=   50 sl=  600 q=1.0 p=0.0 L= 1000  Bmax=  4301.930  feas=1     188s
  channel  18  clip sp=   50 sl=  600 q=1.0 p=0.0 L= 3000  Bmax=75480470420591866923712512.000  feas=1     188s
  channel  19  clip sp=   50 sl=  600 q=1.0 p=1.0 L= 1000  Bmax=6679460381.307  feas=1     188s
  channel  20  clip sp=   50 sl=  600 q=1.0 p=1.0 L= 3000  Bmax=20100023019891960150014468891608525869350274003347841696747620673537318378799104.000  feas=1     188s
  channel  21  clip sp=   50 sl=  600 q=2.0 p=0.0 L= 1000  Bmax=8487128.463  feas=1     189s
  channel  22  clip sp=   50 sl=  600 q=2.0 p=0.0 L= 3000  Bmax=21777559969163795259608974964154854683943535605374021981964009123519830838654748261040180087828040032304549068800.000  feas=1     189s
  channel  23  clip sp=   50 sl=  600 q=2.0 p=1.0 L= 1000  Bmax=13533868639569.752  feas=1     189s
  channel  24  clip sp=   50 sl=  600 q=2.0 p=1.0 L= 3000  Bmax=10603374866663286181617243946073962523544497369041350158417339679408103335088021871046558733858889785153436713880851211530498356662624913929913267612398044137049895224908044252371572490816094863274651609082652302973576192952203269328928550180597415384720308066086677381120.000  feas=1     190s
  channel  25  clip sp=  150 sl=  150 q=0.0 p=0.0 L= 1000  Bmax=666472878.264  feas=1     190s
  channel  26  clip sp=  150 sl=  150 q=0.0 p=0.0 L= 3000  Bmax=1170655108349756661085794992128.000  feas=1     190s
  channel  27  clip sp=  150 sl=  150 q=0.0 p=1.0 L= 1000  Bmax=3474844315.838  feas=1     191s
  channel  28  clip sp=  150 sl=  150 q=0.0 p=1.0 L= 3000  Bmax=2206582832091212252261558591160320.000  feas=1     191s
  channel  29  clip sp=  150 sl=  150 q=1.0 p=0.0 L= 1000  Bmax=208995083762.180  feas=1     191s
  channel  30  clip sp=  150 sl=  150 q=1.0 p=0.0 L= 3000  Bmax=4875951611320626378931537037358793100216780174834944929500232853886319116253044670464.000  feas=1     192s
  channel  31  clip sp=  150 sl=  150 q=1.0 p=1.0 L= 1000  Bmax=242791697089.994  feas=1     192s
  channel  32  clip sp=  150 sl=  150 q=1.0 p=1.0 L= 3000  Bmax=393034355785389202782168577158108629730126132315974058315589939697394721325771964647685367005184.000  feas=1     193s
  channel  33  clip sp=  150 sl=  150 q=2.0 p=0.0 L= 1000  Bmax=1954523774782357760.000  feas=1     193s
  channel  34  clip sp=  150 sl=  150 q=2.0 p=0.0 L= 3000  Bmax=655576071705813501087110993255617874607780880786845233628643042978183269495834119618696805834112718014628427518848477593863399590004447271073279850730334531035210554228432560307970795663465215970141573686374355044784907343298142608551631640925406418884417863106835390428442518266089109079139024896.000  feas=1     193s
  channel  35  clip sp=  150 sl=  150 q=2.0 p=1.0 L= 1000  Bmax=39901267483105920.000  feas=1     194s
  channel  36  clip sp=  150 sl=  150 q=2.0 p=1.0 L= 3000  Bmax=94443004874097618029652294117592495722521421530526281066453811832315203623822074776801743020111596910016608239448757795248863317173606728518925292978890515056170019309519342611129689596494429320396588301967445177319134098134189273253230529866711602907189525889772538100025618839111216739853008896.000  feas=1     194s
  channel  37  clip sp=  150 sl=  600 q=0.0 p=0.0 L= 1000  Bmax=3531581298214.320  feas=1     194s
  channel  38  clip sp=  150 sl=  600 q=0.0 p=0.0 L= 3000  Bmax=7146495512111492598315425836639977472.000  feas=1     195s
  channel  39  clip sp=  150 sl=  600 q=0.0 p=1.0 L= 1000  Bmax=15338877573.058  feas=1     195s
  channel  40  clip sp=  150 sl=  600 q=0.0 p=1.0 L= 3000  Bmax=96066639376254303079032732291956736.000  feas=1     196s
  channel  41  clip sp=  150 sl=  600 q=1.0 p=0.0 L= 1000  Bmax=469227465681128128.000  feas=1     196s
  channel  42  clip sp=  150 sl=  600 q=1.0 p=0.0 L= 3000  Bmax=1226651672404909691106425529960282885670247108581797993819915380651565091186392339720384074931691421372283617280.000  feas=1     196s
  channel  43  clip sp=  150 sl=  600 q=1.0 p=1.0 L= 1000  Bmax=7171133124748.430  feas=1     197s
  channel  44  clip sp=  150 sl=  600 q=1.0 p=1.0 L= 3000  Bmax=6105920580323066026517655416459873234104594059450698681672176578256686915472970528351632681890480128.000  feas=1     197s
  channel  45  clip sp=  150 sl=  600 q=2.0 p=0.0 L= 1000  Bmax=160169524468495452677602875015168.000  feas=1     198s
  channel  46  clip sp=  150 sl=  600 q=2.0 p=0.0 L= 3000  Bmax=28192979593092378283818085528250913957237892949336348235074489455871640341119831320053618596169050356528401516269665415034579569803736040243314095184503978197081590937545796827365463599487033242083946090106826946206886692695763757468749565726302770021015584824934862986108321193193938732734149033984.000  feas=1     198s
  channel  47  clip sp=  150 sl=  600 q=2.0 p=1.0 L= 1000  Bmax=183790509544275978485760.000  feas=1     198s
  channel  48  clip sp=  150 sl=  600 q=2.0 p=1.0 L= 3000  Bmax=1506777153160470783297992755504271829534697467227576109293496446893815376551949000280086132640392918581977120940087499317574599413198253305463931626600337993846591867368026162936122666936644688097505201060012876632108427315880594391642374977429714459891086161974362300842767094671153390827402690560.000  feas=1     199s
  channel  49  clip sp=  400 sl=  150 q=0.0 p=0.0 L= 1000  Bmax=52972422738905281156588221012083083072632089112518392678071664640.000  feas=1     199s
  channel  50  clip sp=  400 sl=  150 q=0.0 p=0.0 L= 3000  Bmax=383548283953903828770710349925002362981325997322740281296334877371115359613795638666914209513684110994137046417523032932202007230459947861654634253462375629700767355785141935175140726942607716408140000647379385581568.000  feas=1     199s
  channel  51  clip sp=  400 sl=  150 q=0.0 p=1.0 L= 1000  Bmax=24747218034907963562632468901134336.000  feas=1     200s
  channel  52  clip sp=  400 sl=  150 q=0.0 p=1.0 L= 3000  Bmax=357856107723209908373014940306137633659983990080094994698039427075263739991645041138945531698667181492446545430913744896.000  feas=1     200s
  channel  53  clip sp=  400 sl=  150 q=1.0 p=0.0 L= 1000  Bmax=1816798639399821951987069577524296083346115284881073011039990906627599353957054650936983552.000  feas=1     201s
  channel  54  clip sp=  400 sl=  150 q=1.0 p=0.0 L= 3000  Bmax=237646590334874503380338135497421675735383777049892956975356798489349473047256747676011463972093552225685800740441473580907024661589284247636428978164808846758382441101399184225201515396363896270119454129176258427918754374783419365107602749158184480911475779030166529927607189040396675057312512081920.000  feas=1     201s
  channel  55  clip sp=  400 sl=  150 q=1.0 p=1.0 L= 1000  Bmax=1320181700087170103824842683415974312337450467328.000  feas=1     201s
  channel  56  clip sp=  400 sl=  150 q=1.0 p=1.0 L= 3000  Bmax=9414626548466379314451055221689207664053269402472904730424861901249577584626010721451015055620324769139779531065098922925615932207646893294026653779891553251845343709441302964048998398333213724632251028180856874216387996500985803308536117294836054699777433882702290939975789994605209483754722033664.000  feas=1     202s
  channel  57  clip sp=  400 sl=  150 q=2.0 p=0.0 L= 1000  Bmax=88680889546266370499892107523697194471236991860655027394208122026391230067374758696819659359013976801704385258890815013946231531870899796537409277041813707162648576.000  feas=1     202s
  channel  58  clip sp=  400 sl=  150 q=2.0 p=0.0 L= 3000  Bmax=267905739345910210292762654123022194234664585159849375938901530971439239887190652631948235171179300201161413019347738051154502077195854129032041922559230140611512603231231752316838643413282896499804435215971358231060250522492404976035907497956459502219727560153843302728799816043438955942587440037888.000  feas=1     203s
  channel  59  clip sp=  400 sl=  150 q=2.0 p=1.0 L= 1000  Bmax=44739499980917264784016199949337609667339062090118911011593672129155118153536379812361273344.000  feas=1     203s
  channel  60  clip sp=  400 sl=  150 q=2.0 p=1.0 L= 3000  Bmax=267905739345910210292762654123022194234664585159849375938901530971439239887190652631948235171179300201161413019347738051154502077195854129032041922559230140611512603231231752316838643413282896499804435215971358231060250522492404976035907497956459502219727560153843302728799816043438955942587440037888.000  feas=1     203s
  channel  61  clip sp=  400 sl=  600 q=0.0 p=0.0 L= 1000  Bmax=66829668953239684534042465590650561148432606844057037020911958289153690322834934099061822717952.000  feas=1     204s
  channel  62  clip sp=  400 sl=  600 q=0.0 p=0.0 L= 3000  Bmax=3779909833349653700448860474069186993408726189265138727143774673828940628076370512776732123252421076117822236411964915282498767885543303454313870819648189933864718329427551804269265835484064825201112728514726756592676944763742799382116352424602391842568262034418979101562896384.000  feas=1     204s
  channel  63  clip sp=  400 sl=  600 q=0.0 p=1.0 L= 1000  Bmax=9459743485331290493589733480167528514628174548566016.000  feas=1     204s
  channel  64  clip sp=  400 sl=  600 q=0.0 p=1.0 L= 3000  Bmax=770117765686044823044861197984665093719246318599713181074178408724468724482330872420726241817504610768994538096698549499071021711989289256588647858176.000  feas=1     205s
  channel  65  clip sp=  400 sl=  600 q=1.0 p=0.0 L= 1000  Bmax=25878268877094084079407214485644714617304591031899133004013982928195497929359659019598457319360990663996974331023155246305072497781852866189855817728.000  feas=1     205s
  channel  66  clip sp=  400 sl=  600 q=1.0 p=0.0 L= 3000  Bmax=267905739345910210292762654123022194234664585159849375938901530971439239887190652631948235171179300201161413019347738051154502077195854129032041922559230140611512603231231752316838643413282896499804435215971358231060250522492404976035907497956459502219727560153843302728799816043438955942587440037888.000  feas=1     206s
  channel  67  clip sp=  400 sl=  600 q=1.0 p=1.0 L= 1000  Bmax=2986156878610814113827073267556624956279224245887459451228317337682849038336.000  feas=1     206s
  channel  68  clip sp=  400 sl=  600 q=1.0 p=1.0 L= 3000  Bmax=175161298917263237824273598707585122533328515665373465550608473691719723227478272194630981426171103270051956160678102711417824249975907203480045914189218806479215831618667481014269243203081250825949680052507443414494759795176012338340929221379454519774294271747330679703168911351226679952928736804864.000  feas=1     206s
  channel  69  clip sp=  400 sl=  600 q=2.0 p=0.0 L= 1000  Bmax=22515906645344491980032699843307771444236756976764036877656414336249158169879479184438971566449846833957518989017997152730586929724381065467778373391755926916097656653708155876270280845848015562472216676590603685909897378233901948344488534595237116756550299557198211897985735820780149740627721977856.000  feas=1     207s
  channel  70  clip sp=  400 sl=  600 q=2.0 p=0.0 L= 3000  Bmax=267905739345910210292762654123022194234664585159849375938901530971439239887190652631948235171179300201161413019347738051154502077195854129032041922559230140611512603231231752316838643413282896499804435215971358231060250522492404976035907497956459502219727560153843302728799816043438955942587440037888.000  feas=1     207s
  channel  71  clip sp=  400 sl=  600 q=2.0 p=1.0 L= 1000  Bmax=72788016348934239686745458802000998945114811183201071160849696299889657197861651655292800430660168312833162492048705416473032095677413489218893238946934639499143322533888.000  feas=1     208s
  channel  72  clip sp=  400 sl=  600 q=2.0 p=1.0 L= 3000  Bmax=267905739345910210292762654123022194234664585159849375938901530971439239887190652631948235171179300201161413019347738051154502077195854129032041922559230140611512603231231752316838643413282896499804435215971358231060250522492404976035907497956459502219727560153843302728799816043438955942587440037888.000  feas=1     208s
  channel  73  mid sp=   50 sl=  150 q=0.0 p=0.0 L= 1000  Bmax=     1.414  feas=0     208s
  channel  74  mid sp=   50 sl=  150 q=0.0 p=0.0 L= 3000  Bmax=     4.449  feas=1     209s
  channel  75  mid sp=   50 sl=  150 q=0.0 p=1.0 L= 1000  Bmax=     1.206  feas=0     209s
  channel  76  mid sp=   50 sl=  150 q=0.0 p=1.0 L= 3000  Bmax=     2.699  feas=1     209s
  channel  77  mid sp=   50 sl=  150 q=1.0 p=0.0 L= 1000  Bmax=     1.720  feas=0     209s
  channel  78  mid sp=   50 sl=  150 q=1.0 p=0.0 L= 3000  Bmax=   122.787  feas=1     210s
  channel  79  mid sp=   50 sl=  150 q=1.0 p=1.0 L= 1000  Bmax=     1.298  feas=0     210s
  channel  80  mid sp=   50 sl=  150 q=1.0 p=1.0 L= 3000  Bmax=    29.367  feas=1     210s
  channel  81  mid sp=   50 sl=  150 q=2.0 p=0.0 L= 1000  Bmax=    19.166  feas=1     211s
  channel  82  mid sp=   50 sl=  150 q=2.0 p=0.0 L= 3000  Bmax=2331262483940109975552.000  feas=1     211s
  channel  83  mid sp=   50 sl=  150 q=2.0 p=1.0 L= 1000  Bmax=     2.860  feas=1     211s
  channel  84  mid sp=   50 sl=  150 q=2.0 p=1.0 L= 3000  Bmax=2308998921153394.500  feas=1     212s
  channel  85  mid sp=   50 sl=  600 q=0.0 p=0.0 L= 1000  Bmax=   171.179  feas=1     212s
  channel  86  mid sp=   50 sl=  600 q=0.0 p=0.0 L= 3000  Bmax=152594.239  feas=1     212s
  channel  87  mid sp=   50 sl=  600 q=0.0 p=1.0 L= 1000  Bmax=209453.415  feas=1     212s
  channel  88  mid sp=   50 sl=  600 q=0.0 p=1.0 L= 3000  Bmax=5991375573778347.000  feas=1     213s
  channel  89  mid sp=   50 sl=  600 q=1.0 p=0.0 L= 1000  Bmax=   602.761  feas=1     213s
  channel  90  mid sp=   50 sl=  600 q=1.0 p=0.0 L= 3000  Bmax=151971576559254667264.000  feas=1     213s
  channel  91  mid sp=   50 sl=  600 q=1.0 p=1.0 L= 1000  Bmax=7915566.727  feas=1     214s
  channel  92  mid sp=   50 sl=  600 q=1.0 p=1.0 L= 3000  Bmax=5919049976117673339387627744535677118330088528870899712.000  feas=1     214s
  channel  93  mid sp=   50 sl=  600 q=2.0 p=0.0 L= 1000  Bmax=236207.638  feas=1     214s
  channel  94  mid sp=   50 sl=  600 q=2.0 p=0.0 L= 3000  Bmax=38104397323849881073699850863870020701056159085096294949211071913535502716083597160361230336.000  feas=1     214s
  channel  95  mid sp=   50 sl=  600 q=2.0 p=1.0 L= 1000  Bmax=9252447943.476  feas=1     215s
  channel  96  mid sp=   50 sl=  600 q=2.0 p=1.0 L= 3000  Bmax=176892469468672676659202130607189615582511351660179291068761866009172546031782799124147811842541614730156090420902620990664098139340972951511302539371432952500237050288115429981026843940344716886802432.000  feas=1     215s
  channel  97  mid sp=  150 sl=  150 q=0.0 p=0.0 L= 1000  Bmax=    56.557  feas=1     215s
  channel  98  mid sp=  150 sl=  150 q=0.0 p=0.0 L= 3000  Bmax=5473700.166  feas=1     216s
  channel  99  mid sp=  150 sl=  150 q=0.0 p=1.0 L= 1000  Bmax=     6.092  feas=1     216s
  channel 100  mid sp=  150 sl=  150 q=0.0 p=1.0 L= 3000  Bmax=  2458.942  feas=1     216s
  channel 101  mid sp=  150 sl=  150 q=1.0 p=0.0 L= 1000  Bmax=   550.467  feas=1     217s
  channel 102  mid sp=  150 sl=  150 q=1.0 p=0.0 L= 3000  Bmax=93673336520919612391424.000  feas=1     217s
  channel 103  mid sp=  150 sl=  150 q=1.0 p=1.0 L= 1000  Bmax=    16.486  feas=1     218s
  channel 104  mid sp=  150 sl=  150 q=1.0 p=1.0 L= 3000  Bmax=8120257136.640  feas=1     218s
  channel 105  mid sp=  150 sl=  150 q=2.0 p=0.0 L= 1000  Bmax=9159545.533  feas=1     218s
  channel 106  mid sp=  150 sl=  150 q=2.0 p=0.0 L= 3000  Bmax=89513178324620555107605759347603288870850658714886565066982771395100785942518509299884865415083458560.000  feas=1     219s
  channel 107  mid sp=  150 sl=  150 q=2.0 p=1.0 L= 1000  Bmax=  1781.493  feas=1     219s
  channel 108  mid sp=  150 sl=  150 q=2.0 p=1.0 L= 3000  Bmax=49499501871964830762485783179617476121792620138132930560.000  feas=1     219s
  channel 109  mid sp=  150 sl=  600 q=0.0 p=0.0 L= 1000  Bmax=606749828.416  feas=1     220s
  channel 110  mid sp=  150 sl=  600 q=0.0 p=0.0 L= 3000  Bmax=11295142790055897734316032.000  feas=1     220s
  channel 111  mid sp=  150 sl=  600 q=0.0 p=1.0 L= 1000  Bmax=20387101.938  feas=1     221s
  channel 112  mid sp=  150 sl=  600 q=0.0 p=1.0 L= 3000  Bmax=61113947880091595833344.000  feas=1     221s
  channel 113  mid sp=  150 sl=  600 q=1.0 p=0.0 L= 1000  Bmax=36840082403612.523  feas=1     221s
  channel 114  mid sp=  150 sl=  600 q=1.0 p=0.0 L= 3000  Bmax=338665645801031538689544626776253482473371085240034217523506170604102696828928000.000  feas=1     222s
  channel 115  mid sp=  150 sl=  600 q=1.0 p=1.0 L= 1000  Bmax=4207962900.855  feas=1     222s
  channel 116  mid sp=  150 sl=  600 q=1.0 p=1.0 L= 3000  Bmax=94683360738300388341319761640608871457146029969330299408403541010677760.000  feas=1     222s
  channel 117  mid sp=  150 sl=  600 q=2.0 p=0.0 L= 1000  Bmax=142802745842354528777666560.000  feas=1     223s
  channel 118  mid sp=  150 sl=  600 q=2.0 p=0.0 L= 3000  Bmax=4026089098287684352000478788274117892273119012136137841405702037541140315619555942564302701505218012143572301142970493441619007017086910365638902323445902388133218597955263298895389351083276494100252526470102165797464564310357040966555750467595499567785025984426287482956697685761073464069068947456.000  feas=1     223s
  channel 119  mid sp=  150 sl=  600 q=2.0 p=1.0 L= 1000  Bmax=4813489154465567744.000  feas=1     223s
  channel 120  mid sp=  150 sl=  600 q=2.0 p=1.0 L= 3000  Bmax=1556403783215915598022179155154492229469895650299433399233233394440098710075384703875885099907257857780676593780839862186667742368600540603271187126882431117197683760831748001323302757143558260687913116556448206201189111610914332583857078966768082158549591278365430941483008.000  feas=1     224s
  channel 121  mid sp=  400 sl=  150 q=0.0 p=0.0 L= 1000  Bmax=329820360245069545472.000  feas=1     224s
  channel 122  mid sp=  400 sl=  150 q=0.0 p=0.0 L= 3000  Bmax=69705363929632506889484591741914172773984600535492105777956519936.000  feas=1     225s
  channel 123  mid sp=  400 sl=  150 q=0.0 p=1.0 L= 1000  Bmax=9019253323.515  feas=1     225s
  channel 124  mid sp=  400 sl=  150 q=0.0 p=1.0 L= 3000  Bmax=3083449776637755122854596106518528.000  feas=1     225s
  channel 125  mid sp=  400 sl=  150 q=1.0 p=0.0 L= 1000  Bmax=30902148617269708228311121920.000  feas=1     226s
  channel 126  mid sp=  400 sl=  150 q=1.0 p=0.0 L= 3000  Bmax=204971529188506059945663042267722660289393730097213374822817524686847578193123373881853713731950393770271055889098126814063706534465520309931798824976176462679514485839463154167303732484919026502110732179203948544.000  feas=1     226s
  channel 127  mid sp=  400 sl=  150 q=1.0 p=1.0 L= 1000  Bmax=20050122113017.051  feas=1     227s
  channel 128  mid sp=  400 sl=  150 q=1.0 p=1.0 L= 3000  Bmax=1250835330677578780909797644316981334877308261731020955429393754258791668357241408604797442221416172523448434688.000  feas=1     227s
  channel 129  mid sp=  400 sl=  150 q=2.0 p=0.0 L= 1000  Bmax=35658055506869125866582205194129607224677018533682300389874232524191825920.000  feas=1     227s
  channel 130  mid sp=  400 sl=  150 q=2.0 p=0.0 L= 3000  Bmax=214971152750515258410926139660239224113167850238705047076746499747382983509086032055465235621264348136745904082029106608920483369003771561386351630586561377728215110784889871649861752876609334611223116815645947567447149793685328615734485486424902276169501175726327971147762454305082116225110600843264.000  feas=1     228s
  channel 131  mid sp=  400 sl=  150 q=2.0 p=1.0 L= 1000  Bmax=87189369054478098176185204736.000  feas=1     228s
  channel 132  mid sp=  400 sl=  150 q=2.0 p=1.0 L= 3000  Bmax=28914612161845271513820346490076308550755633933406997937159088308521483854336483213438731312837439688024067281437354573472710834884824552222819726590286398905719313028766597922243640469383207665808509058575227621054755296907490862136054830374939053015811225323901742873427378569294256994122677092352.000  feas=1     228s
  channel 133  mid sp=  400 sl=  600 q=0.0 p=0.0 L= 1000  Bmax=386185806479185676171321231686274253773657324477722707942388599127055269888.000  feas=1     229s
  channel 134  mid sp=  400 sl=  600 q=0.0 p=0.0 L= 3000  Bmax=8287830424229055400470026647520704789422256301761389527667794413119173776764947286535553438931884227634119951343317423502760730589291867072082281910194582637043721846840562023458697018366527250781700096.000  feas=1     229s
  channel 135  mid sp=  400 sl=  600 q=0.0 p=1.0 L= 1000  Bmax=404003145522390858202339994083031777280.000  feas=1     230s
  channel 136  mid sp=  400 sl=  600 q=0.0 p=1.0 L= 3000  Bmax=619246539990912506362724653563429110396725920358191772074013202223948650403209797245342176044580934337874100224.000  feas=1     230s
  channel 137  mid sp=  400 sl=  600 q=1.0 p=0.0 L= 1000  Bmax=595062451269861023366721825270225015526276392734418512580327585432802130584973261186335884156717000311484959374650114048.000  feas=1     230s
  channel 138  mid sp=  400 sl=  600 q=1.0 p=0.0 L= 3000  Bmax=258010200395870591361751767522693259014847593208062990742484484670757441045024946756338914801651597678459335731533854106236043174679929442578306043191757442937512942489308015450884155601302922032879029056204693490651573533968045463493828203080113403240859410019491634559044092799947347507824562274304.000  feas=1     231s
  channel 139  mid sp=  400 sl=  600 q=1.0 p=1.0 L= 1000  Bmax=561208971171213669301536163330140008501800696114314123149312.000  feas=1     231s
  channel 140  mid sp=  400 sl=  600 q=1.0 p=1.0 L= 3000  Bmax=31872559804612498173324282896716329476628201187932745636336702899296480575760242687884021757363183582488930162740908825210036432137247705480094680391664275630883220370903784217958882590835492492410006531116931869143708391805100485205024195955347837708295216895531201273808975263409334970706378620928.000  feas=1     232s
  channel 141  mid sp=  400 sl=  600 q=2.0 p=0.0 L= 1000  Bmax=4602549355979842558478001876393318432599374463121128364367498357301209822312000787480863084850231306379609046128315632373112712108934814013440998327868273592965470579664705618823375664495153341003100189254705745045537313399148928791124149712120710515969813751479881196470707503232015498850357739520.000  feas=1     232s
  channel 142  mid sp=  400 sl=  600 q=2.0 p=0.0 L= 3000  Bmax=267905739345910210292762654123022194234664585159849375938901530971439239887190652631948235171179300201161413019347738051154502077195854129032041922559230140611512603231231752316838643413282896499804435215971358231060250522492404976035907497956459502219727560153843302728799816043438955942587440037888.000  feas=1     232s
  channel 143  mid sp=  400 sl=  600 q=2.0 p=1.0 L= 1000  Bmax=535366203560762474367727612243482262617956474080325011345337332550224882047522483675815702912968254586115072327026323181521213379726373345264926720.000  feas=1     233s
  channel 144  mid sp=  400 sl=  600 q=2.0 p=1.0 L= 3000  Bmax=267905739345910210292762654123022194234664585159849375938901530971439239887190652631948235171179300201161413019347738051154502077195854129032041922559230140611512603231231752316838643413282896499804435215971358231060250522492404976035907497956459502219727560153843302728799816043438955942587440037888.000  feas=1     233s

written mechanism_map.json  1920 well-network rows, 288 channel rows, 233 s
  well-network: 1541 of 1920 reach B=2 at 1 Mpc; 760 of those keep the FIELD galaxy inside 0.04 dex; 563 also keep the MEMBER galaxy inside it
  pair channels: 140 of 288 reach B=2 at 1 Mpc; 140 of those keep the FIELD galaxy inside 0.04 dex; 0 also keep the MEMBER galaxy inside it

--- resolution sensitivity of the well-network boost ---
    shape {'family': 'plaw', 'p': 1.0, 'q': 2.0, 's': 1.5, 'm': 1.0, 'exclude_nearest': False, 'L_kpc': 300.0}  gate=none A_T=-4.7
      n=  32  k=0.5665 0.5271 0.4595 0.3188   B=1.588 1.670 1.853 2.464
      n=  48  k=0.5843 0.5242 0.4581 0.3289   B=1.540 1.678 1.857 2.404
      n=  64  k=0.5797 0.5216 0.4617 0.3325   B=1.552 1.685 1.845 2.383
      n=  96  k=0.5868 0.5191 0.4630 0.3337   B=1.537 1.691 1.841 2.377
      n= 128  k=0.5868 0.5176 0.4642 0.3343   B=1.537 1.695 1.837 2.373
    shape {'family': 'plaw', 'p': 1.0, 'q': 2.0, 's': 1.5, 'm': 1.0, 'exclude_nearest': True, 'L_kpc': 300.0}  gate=none A_T=-4.7
      n=  32  k=0.5569 0.5126 0.4352 0.2883   B=1.611 1.708 1.934 2.670
      n=  48  k=0.5735 0.5134 0.4352 0.2984   B=1.563 1.706 1.934 2.597
      n=  64  k=0.5699 0.5132 0.4390 0.3027   B=1.573 1.707 1.921 2.568
      n=  96  k=0.5792 0.5106 0.4415 0.3046   B=1.553 1.714 1.912 2.555
      n= 128  k=0.5777 0.5108 0.4425 0.3054   B=1.557 1.714 1.909 2.550
    shape {'family': 'expo', 'p': 1.0, 'q': 2.0, 's': 0.5, 'm': 1.0, 'exclude_nearest': False, 'L_kpc': 1000.0}  gate=none A_T=-4.7
      n=  32  k=0.6106 0.5059 0.3488 0.2553   B=1.494 1.727 2.309 2.941
      n=  48  k=0.6613 0.5180 0.3510 0.2595   B=1.394 1.694 2.296 2.903
      n=  64  k=0.6649 0.5281 0.3534 0.2611   B=1.389 1.668 2.284 2.888
      n=  96  k=0.6773 0.5302 0.3544 0.2615   B=1.369 1.663 2.278 2.885
      n= 128  k=0.6783 0.5318 0.3553 0.2618   B=1.367 1.659 2.274 2.882

--- full 3-D verification of the selected points ---
    wellnet   3D B = 1.623 1.973 1.990 1.645   map B = 1.623 1.992 2.000 1.647
              projected deflection ratio = 1.609 1.776 1.915 1.854 1.663 1.466
    wellnet   3D B = 1.930 2.208 1.995 1.657   map B = 1.884 2.210 2.000 1.658
              projected deflection ratio = 1.787 1.963 2.044 1.876 1.669 1.485
    wellnet   3D B = 1.929 2.208 1.995 1.657   map B = 1.883 2.210 2.000 1.658
              projected deflection ratio = 1.787 1.963 2.044 1.876 1.669 1.485
