   lane12 survivor        seed 20260903  B = 2.508 3.222 2.574 1.978   rms 0.0986  fld 0.0000  mem 0.0151
   lane12 survivor        seed       11  B = 2.726 3.209 2.562 1.995   rms 0.0821  fld 0.0000  mem 0.0135
   lane12 survivor        seed      202  B = 2.182 2.836 2.411 1.931   rms 0.1304  fld 0.0000  mem 0.0191
   lane12 survivor        seed     3033  B = 2.312 2.678 2.608 1.947   rms 0.1244  fld 0.0000  mem 0.0735
   lane12 survivor        seed    77777  B = 2.963 3.636 2.756 2.057   rms 0.0757  fld 0.0000  mem 0.0359
   lane12 survivor        mean  B = 2.538 3.116 2.582 1.982   sd = 0.281 0.335 0.110 0.044   sd/mean max 0.1108

   flat-target survivor   seed 20260903  B = 1.623 1.991 1.999 1.647   rms 0.2230  fld 0.0000  mem 0.0249
   flat-target survivor   seed       11  B = 1.622 1.964 2.003 1.656   rms 0.2244  fld 0.0000  mem 0.0381
   flat-target survivor   seed      202  B = 1.491 1.851 1.935 1.631   rms 0.2479  fld 0.0000  mem 0.0511
   flat-target survivor   seed     3033  B = 1.529 1.869 1.988 1.640   rms 0.2411  fld 0.0000  mem 0.0351
   flat-target survivor   seed    77777  B = 1.714 2.125 2.083 1.680   rms 0.2042  fld 0.0000  mem 0.0215
   flat-target survivor   mean  B = 1.596 1.960 2.002 1.651   sd = 0.078 0.098 0.048 0.017   sd/mean max 0.0502

   ungated reference      seed 20260903  B = 1.552 1.685 1.845 2.383   rms 0.2622  fld 1.1686  mem 0.2515
   ungated reference      seed       11  B = 1.423 1.448 1.943 2.435   rms 0.2946  fld 1.1686  mem 0.3401
   ungated reference      seed      202  B = 1.277 1.546 1.586 2.071   rms 0.3081  fld 1.1686  mem 0.4823
   ungated reference      seed     3033  B = 1.453 1.433 1.847 2.325   rms 0.2925  fld 1.1686  mem 0.3779
   ungated reference      seed    77777  B = 1.447 1.708 1.838 2.229   rms 0.2693  fld 1.1686  mem 0.2582
   ungated reference      mean  B = 1.430 1.564 1.812 2.289   sd = 0.089 0.115 0.119 0.128   sd/mean max 0.0735

written seed_robustness.json
EXITseeds=0
