
=== COM_CMB_IQU-smica-nosz_2048_R3.00_full.fits
        67.1 / 402.7 MB (24.2 MB/s)
       134.2 / 402.7 MB (29.0 MB/s)
       201.3 / 402.7 MB (30.5 MB/s)
       268.4 / 402.7 MB (31.6 MB/s)
       335.5 / 402.7 MB (31.9 MB/s)
       402.7 / 402.7 MB (31.8 MB/s)
       402.7 / 402.7 MB (31.8 MB/s)
    D1 transport PASS  D2 structure PASS  D3 identity  PASS   {'nside': 2048, 'ordering': 'NESTED', 'coordsys': 'GALACTIC', 'columns': ['I_STOKES', 'I_STOKES_INP']}

=== COM_CMB_IQU-smica_1024_R2.02_full.fits
        67.1 / 176.2 MB (69.3 MB/s)
       134.2 / 176.2 MB (84.2 MB/s)
    D1 transport PASS  D2 structure PASS  D3 identity  PASS   {'nside': 1024, 'ordering': 'NESTED', 'coordsys': 'GALACTIC', 'columns': ['I_STOKES', 'Q_STOKES', 'U_STOKES', 'TMASK', 'PMASK']}

=== COM_Mask_CMB-common-Mask-Int_2048_R3.00.fits
        67.1 / 201.3 MB (26.7 MB/s)
       134.2 / 201.3 MB (34.2 MB/s)
       201.3 / 201.3 MB (41.9 MB/s)
       201.3 / 201.3 MB (41.9 MB/s)
    D1 transport PASS  D2 structure PASS  D3 identity  PASS   {'nside': 2048, 'ordering': 'NESTED', 'coordsys': 'GALACTIC', 'columns': ['TMASK']}

=== COM_PowerSpect_CMB-base-plikHM-TTTEEE-lowl-lowE-lensing-minimum-theory_R3.01.txt
         0.2 / 0.2 MB (4.3 MB/s)
    D1 transport PASS  D2 structure PASS  D3 identity  PASS   {'rows': 2507, 'head': ['#    L    TT             TE             EE             BB             PP', '     2   0.101673E+04   0.261753E+01   0.308827E-01   0.181847E-05   0.501352E-07', '     3   0.963727E+03   0.293806E+01   0.396903E-01   0.363743E-05   0.609943E-07']}

=== COM_CompMap_dust-commander_0256_R2.00.fits
    D1 transport PASS  D2 structure PASS  D3 identity  PASS   {'nside': 256, 'ordering': 'NESTED', 'coordsys': 'GALACTIC', 'columns': ['I_ML', 'I_MEAN', 'I_RMS', 'TEMP_ML', 'TEMP_MEAN', 'TEMP_RMS', 'BETA_ML', 'BETA_MEAN', 'BETA_RMS']}

=== COM_CompMap_Synchrotron-commander_0256_R2.00.fits
    D1 transport PASS  D2 structure PASS  D3 identity  PASS   {'nside': 256, 'ordering': 'NESTED', 'coordsys': 'GALACTIC', 'columns': ['I_ML', 'I_MEAN', 'I_RMS']}

=== COM_CompMap_freefree-commander_0256_R2.00.fits
    D1 transport PASS  D2 structure PASS  D3 identity  PASS   {'nside': 256, 'ordering': 'NESTED', 'coordsys': 'GALACTIC', 'columns': ['EM_ML', 'EM_MEAN', 'EM_RMS', 'TEMP_ML', 'TEMP_MEAN', 'TEMP_RMS']}

=== COM_CompMap_AME-commander_0256_R2.00.fits
    D1 transport PASS  D2 structure PASS  D3 identity  PASS   {'nside': 256, 'ordering': 'NESTED', 'coordsys': 'GALACTIC', 'columns': ['I_ML', 'I_MEAN', 'I_RMS', 'FREQ_ML', 'FREQ_MEAN', 'FREQ_RMS']}

=== COM_CompMap_CO-commander_0256_R2.00.fits
    D1 transport PASS  D2 structure PASS  D3 identity  PASS   {'nside': 256, 'ordering': 'NESTED', 'coordsys': 'GALACTIC', 'columns': ['I_ML', 'I_MEAN', 'I_RMS']}

======================================================================
9 products, 0 failed validation
