START DDO154
DONE DDO154 [('rotation', 33.045, True), ('warp', 38.125, True), ('stream', 35.006, True), ('asymmetric', 33.987, True), ('full', 34.736, True)]
START IC2574
DONE IC2574 [('rotation', 23.609, True), ('warp', 21.331, True), ('stream', 17.647, True), ('asymmetric', 23.552, True), ('full', 21.045, True)]
START NGC2841
DONE NGC2841 [('rotation', 3.294, True), ('warp', 3.557, True), ('stream', 2.421, True), ('asymmetric', 2.907, True), ('full', 3.209, True)]
START NGC2903
DONE NGC2903 [('rotation', 5.587, True), ('warp', 5.342, True), ('stream', 5.596, True), ('asymmetric', 5.533, True), ('full', 6.049, True)]
START NGC2976
DONE NGC2976 [('rotation', 2.896, True), ('warp', 2.874, True), ('stream', 2.824, True), ('asymmetric', 2.654, True), ('full', 2.685, True)]
START NGC3198
DONE NGC3198 [('rotation', 76.723, True), ('warp', 76.723, True), ('stream', 76.711, True), ('asymmetric', 76.029, True), ('full', 75.374, True)]
START NGC3521
DONE NGC3521 [('rotation', 15.867, True), ('warp', 19.877, True), ('stream', 14.474, True), ('asymmetric', 12.451, True), ('full', 13.841, True)]
START NGC4214
DONE NGC4214 [('rotation', 10.834, True), ('warp', 10.235, True), ('stream', 5.694, True), ('asymmetric', 10.837, True), ('full', 5.401, True)]
START NGC5055
DONE NGC5055 [('rotation', 2.913, True), ('warp', 2.654, True), ('stream', 2.491, True), ('asymmetric', 3.017, True), ('full', 2.641, True)]
START NGC6946
DONE NGC6946 [('rotation', 1.172, True), ('warp', 1.091, True), ('stream', 1.046, True), ('asymmetric', 1.177, True), ('full', 1.032, True)]
START NGC7331
DONE NGC7331 [('rotation', 2.654, True), ('warp', 2.654, True), ('stream', 4.973, True), ('asymmetric', 2.67, True), ('full', 4.237, True)]
START UGC04305
DONE UGC04305 [('rotation', 3.425, True), ('warp', 2.987, True), ('stream', 2.958, True), ('asymmetric', 3.556, True), ('full', 2.911, True)]
