==============================================================================
AXIS POWER -- three separated power surfaces, one per provenance
==============================================================================

   grid: q [0.97], noise [0.02, 0.1, 0.3], amp [0.03, 0.08, 0.15, 0.35], tilt [0, 45, 90] deg
   sims: 400 calibration + 400 AUDIT + 50 per injection cell, all disjoint
      bank q=0.97 axis ratio 0.970: 900 generated -> 700 independent (scalar 70, source 70, external 350, network 210), 5.4s

   q = 0.97 (axis ratio 0.970), noise 2%
      source             D* 1.4100e-15   audit FPR 0.043  (family-wise 0.010)   null frac > 0: 0.03
      external           D* 1.6077e-02   audit FPR 0.035  (family-wise 0.015)   null frac > 0: 0.26
      network            D* 1.5589e-01   audit FPR 0.040  (family-wise 0.020)   null frac > 0: 0.61
      external_known0    D* 2.2778e-03   audit FPR 0.052  (family-wise 0.013)   null frac > 0: 0.10
      external_known45   D* 9.9920e-16   audit FPR 0.062  (family-wise 0.045)   null frac > 0: 0.02
      external_known90   D* 1.8101e-03   audit FPR 0.050  (family-wise 0.035)   null frac > 0: 0.10
      network_known0     D* 1.1453e-01   audit FPR 0.028  (family-wise 0.007)   null frac > 0: 0.42
      network_known45    D* 1.1071e-01   audit FPR 0.072  (family-wise 0.030)   null frac > 0: 0.45
      network_known90    D* 1.1366e-01   audit FPR 0.055  (family-wise 0.015)   null frac > 0: 0.45
      source    tilt   0 deg   power (axis searched) [0.08, 0.1, 0.06, 0.2]
                            max dg/g over the measured shell: [0.0676, 0.1761, 0.3248, 0.7806]
                            flux-TURNING fraction of the injected response: [0.0192, 0.0192, 0.0249, 0.0182]
      external  tilt   0 deg   power (axis searched) [0.24, 0.86, 0.94, 1.0]
                            power (axis KNOWN)    [0.4, 0.82, 0.96, 1.0]
                            max dg/g over the measured shell: [0.3447, 1.0452, 1.7503, 4.4362]
                            flux-TURNING fraction of the injected response: [0.7747, 0.7745, 0.7751, 0.7751]
      external  tilt  45 deg   power (axis searched) [0.24, 0.7, 0.88, 1.0]
                            power (axis KNOWN)    [0.46, 0.78, 0.88, 1.0]
                            max dg/g over the measured shell: [0.3837, 0.9295, 1.7783, 3.8041]
                            flux-TURNING fraction of the injected response: [0.7754, 0.7748, 0.7745, 0.7751]
      external  tilt  90 deg   power (axis searched) [0.28, 0.66, 0.92, 1.0]
                            power (axis KNOWN)    [0.4, 0.64, 0.84, 1.0]
                            max dg/g over the measured shell: [0.3619, 0.8268, 1.4661, 3.7879]
                            flux-TURNING fraction of the injected response: [0.7735, 0.7735, 0.7729, 0.7738]
      network   tilt   0 deg   power (axis searched) [0.02, 0.04, 0.06, 0.0]
                            power (axis KNOWN)    [0.02, 0.04, 0.04, 0.0]
                            max dg/g over the measured shell: [0.114, 0.3004, 0.5694, 1.3605]
                            flux-TURNING fraction of the injected response: [0.3325, 0.3719, 0.3811, 0.3306]
      network   tilt  45 deg   power (axis searched) [0.02, 0.06, 0.02, 0.0]
                            power (axis KNOWN)    [0.04, 0.04, 0.02, 0.0]
                            max dg/g over the measured shell: [0.1161, 0.2937, 0.5619, 1.2711]
                            flux-TURNING fraction of the injected response: [0.356, 0.3304, 0.3222, 0.3463]
      network   tilt  90 deg   power (axis searched) [0.08, 0.02, 0.02, 0.0]
                            power (axis KNOWN)    [0.04, 0.04, 0.02, 0.0]
                            max dg/g over the measured shell: [0.1071, 0.2988, 0.5706, 1.2805]
                            flux-TURNING fraction of the injected response: [0.3329, 0.3507, 0.3258, 0.329]

   q = 0.97 (axis ratio 0.970), noise 10%
      source             D* 9.3758e-15   audit FPR 0.048  (family-wise 0.025)   null frac > 0: 0.04
      external           D* 8.8590e-03   audit FPR 0.062  (family-wise 0.022)   null frac > 0: 0.22
      network            D* 1.0683e-01   audit FPR 0.055  (family-wise 0.018)   null frac > 0: 0.59
      external_known0    D* 2.5541e-03   audit FPR 0.045  (family-wise 0.022)   null frac > 0: 0.11
      external_known45   D* 4.7906e-15   audit FPR 0.062  (family-wise 0.020)   null frac > 0: 0.04
      external_known90   D* 1.6559e-03   audit FPR 0.043  (family-wise 0.020)   null frac > 0: 0.09
      network_known0     D* 6.3347e-02   audit FPR 0.050  (family-wise 0.013)   null frac > 0: 0.43
      network_known45    D* 6.3998e-02   audit FPR 0.085  (family-wise 0.028)   null frac > 0: 0.47
      network_known90    D* 7.7419e-02   audit FPR 0.060  (family-wise 0.018)   null frac > 0: 0.44
      source    tilt   0 deg   power (axis searched) [0.0, 0.0, 0.0, 0.04]
                            max dg/g over the measured shell: [0.0663, 0.1746, 0.3279, 0.8117]
                            flux-TURNING fraction of the injected response: [0.0244, 0.0221, 0.0202, 0.0223]
      external  tilt   0 deg   power (axis searched) [0.34, 0.68, 0.94, 1.0]
                            power (axis KNOWN)    [0.36, 0.68, 0.94, 1.0]
                            max dg/g over the measured shell: [0.3822, 0.8468, 1.9369, 3.96]
                            flux-TURNING fraction of the injected response: [0.7746, 0.7747, 0.7749, 0.7748]
      external  tilt  45 deg   power (axis searched) [0.22, 0.68, 0.82, 0.98]
                            power (axis KNOWN)    [0.54, 0.7, 0.82, 0.98]
                            max dg/g over the measured shell: [0.3672, 0.8614, 1.4068, 3.6819]
                            flux-TURNING fraction of the injected response: [0.7752, 0.7751, 0.7746, 0.7747]
      external  tilt  90 deg   power (axis searched) [0.28, 0.7, 0.9, 0.98]
                            power (axis KNOWN)    [0.34, 0.66, 0.92, 0.98]
                            max dg/g over the measured shell: [0.3806, 0.8004, 1.5908, 4.6533]
                            flux-TURNING fraction of the injected response: [0.7736, 0.7738, 0.774, 0.7734]
      network   tilt   0 deg   power (axis searched) [0.02, 0.02, 0.02, 0.02]
                            power (axis KNOWN)    [0.08, 0.04, 0.04, 0.04]
                            max dg/g over the measured shell: [0.1198, 0.3026, 0.544, 1.3495]
                            flux-TURNING fraction of the injected response: [0.3601, 0.34, 0.3695, 0.3967]
      network   tilt  45 deg   power (axis searched) [0.0, 0.06, 0.08, 0.06]
                            power (axis KNOWN)    [0.02, 0.12, 0.08, 0.02]
                            max dg/g over the measured shell: [0.1102, 0.3075, 0.5497, 1.3599]
                            flux-TURNING fraction of the injected response: [0.3435, 0.3387, 0.3578, 0.3581]
      network   tilt  90 deg   power (axis searched) [0.02, 0.02, 0.1, 0.02]
                            power (axis KNOWN)    [0.0, 0.04, 0.0, 0.02]
                            max dg/g over the measured shell: [0.1195, 0.3117, 0.5678, 1.3122]
                            flux-TURNING fraction of the injected response: [0.344, 0.3743, 0.3491, 0.3602]

   q = 0.97 (axis ratio 0.970), noise 30%
      source             D* 3.5892e-04   audit FPR 0.043  (family-wise 0.013)   null frac > 0: 0.08
      external           D* 6.3326e-03   audit FPR 0.040  (family-wise 0.015)   null frac > 0: 0.21
      network            D* 6.1353e-02   audit FPR 0.048  (family-wise 0.015)   null frac > 0: 0.53
      external_known0    D* 9.9837e-04   audit FPR 0.060  (family-wise 0.020)   null frac > 0: 0.10
      external_known45   D* 6.3272e-07   audit FPR 0.062  (family-wise 0.030)   null frac > 0: 0.05
      external_known90   D* 1.5880e-03   audit FPR 0.020  (family-wise 0.000)   null frac > 0: 0.13
      network_known0     D* 4.0927e-02   audit FPR 0.030  (family-wise 0.007)   null frac > 0: 0.40
      network_known45    D* 4.2019e-02   audit FPR 0.037  (family-wise 0.018)   null frac > 0: 0.39
      network_known90    D* 3.9436e-02   audit FPR 0.048  (family-wise 0.020)   null frac > 0: 0.38
      source    tilt   0 deg   power (axis searched) [0.02, 0.0, 0.0, 0.0]
                            max dg/g over the measured shell: [0.0671, 0.1786, 0.3312, 0.7562]
                            flux-TURNING fraction of the injected response: [0.0209, 0.0204, 0.0258, 0.0223]
      external  tilt   0 deg   power (axis searched) [0.16, 0.6, 0.9, 1.0]
                            power (axis KNOWN)    [0.4, 0.64, 0.88, 1.0]
                            max dg/g over the measured shell: [0.3571, 0.9546, 1.9701, 4.1715]
                            flux-TURNING fraction of the injected response: [0.7742, 0.7751, 0.7749, 0.775]
      external  tilt  45 deg   power (axis searched) [0.16, 0.64, 0.9, 1.0]
                            power (axis KNOWN)    [0.34, 0.68, 0.9, 1.0]
                            max dg/g over the measured shell: [0.3337, 0.8718, 1.4685, 3.6882]
                            flux-TURNING fraction of the injected response: [0.7749, 0.7752, 0.775, 0.7752]
      external  tilt  90 deg   power (axis searched) [0.2, 0.78, 0.82, 1.0]
                            power (axis KNOWN)    [0.28, 0.74, 0.78, 1.0]
                            max dg/g over the measured shell: [0.3265, 0.8849, 1.5891, 4.1862]
                            flux-TURNING fraction of the injected response: [0.7738, 0.7734, 0.7733, 0.7738]
      network   tilt   0 deg   power (axis searched) [0.04, 0.04, 0.02, 0.04]
                            power (axis KNOWN)    [0.02, 0.04, 0.04, 0.02]
                            max dg/g over the measured shell: [0.1103, 0.2928, 0.5697, 1.2928]
                            flux-TURNING fraction of the injected response: [0.336, 0.3481, 0.3461, 0.3382]
      network   tilt  45 deg   power (axis searched) [0.06, 0.04, 0.02, 0.0]
                            power (axis KNOWN)    [0.0, 0.04, 0.02, 0.0]
                            max dg/g over the measured shell: [0.1171, 0.2914, 0.5927, 1.3158]
                            flux-TURNING fraction of the injected response: [0.3491, 0.3365, 0.3555, 0.3388]
      network   tilt  90 deg   power (axis searched) [0.02, 0.04, 0.02, 0.06]
                            power (axis KNOWN)    [0.08, 0.02, 0.0, 0.04]
                            max dg/g over the measured shell: [0.1127, 0.3001, 0.5928, 1.3397]
                            flux-TURNING fraction of the injected response: [0.3308, 0.3537, 0.3598, 0.3781]

   COARSE-GRAINING GATE on the member-well tensor
         1 wells   drift vs the 1-well limit = 0.0000
        10 wells   drift vs the 1-well limit = 1.6501
        60 wells   drift vs the 1-well limit = 1.2894
       300 wells   drift vs the 1-well limit = 1.1112
      60 -> 300 wells changes the drift by 0.138
      (a drift that keeps growing with N is catalogue-row counting;
       one that converges is a genuine field with a coherence scale)

==============================================================================
   SPHERICAL-LIMIT CHECK (the theorem is the check, not a hope)

   noise 2%   mean power at amp 0.35, averaged over tilt
      axis ratio |  source    external   network
          0.970  |  0.200      1.000      0.000   

   noise 10%   mean power at amp 0.35, averaged over tilt
      axis ratio |  source    external   network
          0.970  |  0.040      0.987      0.033   

   noise 30%   mean power at amp 0.35, averaged over tilt
      axis ratio |  source    external   network
          0.970  |  0.000      1.000      0.033   

   monotonicity, source:
      vs amplitude   [0.03333333333333333, 0.03333333333333333, 0.02, 0.08]   spread 0.060
      vs axis ratio  [0.041666666666666664]   spread 0.000
      vs tilt        [0.041666666666666664]   spread 0.000

   monotonicity, external:
      vs amplitude   [0.23555555555555557, 0.7000000000000001, 0.8911111111111111, 0.9955555555555556]   spread 0.760
      vs axis ratio  [0.7055555555555556]   spread 0.000
      vs tilt        [0.7216666666666667, 0.6849999999999999, 0.71]   spread 0.037

   monotonicity, network:
      vs amplitude   [0.031111111111111114, 0.03777777777777778, 0.04, 0.02222222222222222]   spread 0.018
      vs axis ratio  [0.03277777777777778]   spread 0.000
      vs tilt        [0.028333333333333335, 0.035, 0.035]   spread 0.007

   elapsed 627s
   written: axis_power_C.json
