==============================================================================
AXIS POWER -- three separated power surfaces, one per provenance
==============================================================================

   grid: q [0.5, 0.65, 0.8, 0.9, 0.97], noise [0.02, 0.1, 0.3], amp [0.03, 0.08, 0.15, 0.35], tilt [0, 45, 90] deg
   sims: 500 calibration + 500 AUDIT + 60 per injection cell, all disjoint
      bank q=0.50 axis ratio 0.500: 900 generated -> 700 independent (scalar 70, source 70, external 350, network 210), 3.2s

   q = 0.50 (axis ratio 0.500), noise 2%
      source             D* 3.7865e-03   audit FPR 0.036  (family-wise 0.006)   null frac > 0: 0.20
      external           D* 7.9581e-02   audit FPR 0.050  (family-wise 0.016)   null frac > 0: 0.56
      network            D* 6.3989e-02   audit FPR 0.036  (family-wise 0.010)   null frac > 0: 0.70
      external_known0    D* 7.7162e-03   audit FPR 0.062  (family-wise 0.026)   null frac > 0: 0.21
      external_known45   D* 7.2797e-02   audit FPR 0.052  (family-wise 0.020)   null frac > 0: 0.38
      external_known90   D* 8.0951e-03   audit FPR 0.042  (family-wise 0.014)   null frac > 0: 0.21
      network_known0     D* 2.7481e-02   audit FPR 0.060  (family-wise 0.018)   null frac > 0: 0.48
      network_known45    D* 4.0066e-02   audit FPR 0.064  (family-wise 0.014)   null frac > 0: 0.49
      network_known90    D* 5.6545e-02   audit FPR 0.032  (family-wise 0.008)   null frac > 0: 0.50
      source    tilt   0 deg   power (axis searched) [0.05, 0.13333333333333333, 0.16666666666666666, 0.38333333333333336]
                            max dg/g over the measured shell: [0.0817, 0.2182, 0.3921, 0.8856]
      external  tilt   0 deg   power (axis searched) [0.016666666666666666, 0.03333333333333333, 0.23333333333333334, 0.8833333333333333]
                            power (axis KNOWN)    [0.1, 0.4, 0.75, 0.9833333333333333]
                            max dg/g over the measured shell: [0.3324, 0.8425, 1.8079, 4.1986]
      external  tilt  45 deg   power (axis searched) [0.06666666666666667, 0.18333333333333332, 0.43333333333333335, 0.9]
                            power (axis KNOWN)    [0.08333333333333333, 0.18333333333333332, 0.43333333333333335, 0.8833333333333333]
                            max dg/g over the measured shell: [0.2992, 0.7191, 1.4009, 3.506]
      external  tilt  90 deg   power (axis searched) [0.03333333333333333, 0.08333333333333333, 0.2833333333333333, 0.8]
                            power (axis KNOWN)    [0.08333333333333333, 0.3, 0.7333333333333333, 0.9333333333333333]
                            max dg/g over the measured shell: [0.2204, 0.5887, 1.0902, 2.6821]
      network   tilt   0 deg   power (axis searched) [0.03333333333333333, 0.0, 0.03333333333333333, 0.05]
                            power (axis KNOWN)    [0.06666666666666667, 0.03333333333333333, 0.06666666666666667, 0.08333333333333333]
                            max dg/g over the measured shell: [0.1117, 0.2859, 0.562, 1.3243]
      network   tilt  45 deg   power (axis searched) [0.06666666666666667, 0.016666666666666666, 0.016666666666666666, 0.11666666666666667]
                            power (axis KNOWN)    [0.13333333333333333, 0.1, 0.0, 0.2]
                            max dg/g over the measured shell: [0.1213, 0.3358, 0.6078, 1.5428]
      network   tilt  90 deg   power (axis searched) [0.0, 0.016666666666666666, 0.1, 0.23333333333333334]
                            power (axis KNOWN)    [0.016666666666666666, 0.03333333333333333, 0.13333333333333333, 0.2]
                            max dg/g over the measured shell: [0.1235, 0.3348, 0.6576, 1.5561]

   q = 0.50 (axis ratio 0.500), noise 10%
      source             D* 3.0199e-03   audit FPR 0.062  (family-wise 0.042)   null frac > 0: 0.23
      external           D* 6.8346e-02   audit FPR 0.048  (family-wise 0.014)   null frac > 0: 0.58
      network            D* 4.5110e-02   audit FPR 0.076  (family-wise 0.024)   null frac > 0: 0.71
      external_known0    D* 7.7348e-03   audit FPR 0.066  (family-wise 0.028)   null frac > 0: 0.24
      external_known45   D* 6.2642e-02   audit FPR 0.050  (family-wise 0.018)   null frac > 0: 0.41
      external_known90   D* 7.1128e-03   audit FPR 0.062  (family-wise 0.034)   null frac > 0: 0.22
      network_known0     D* 1.8972e-02   audit FPR 0.072  (family-wise 0.024)   null frac > 0: 0.47
      network_known45    D* 3.0127e-02   audit FPR 0.090  (family-wise 0.026)   null frac > 0: 0.45
      network_known90    D* 3.9984e-02   audit FPR 0.078  (family-wise 0.026)   null frac > 0: 0.51
      source    tilt   0 deg   power (axis searched) [0.03333333333333333, 0.05, 0.16666666666666666, 0.4166666666666667]
                            max dg/g over the measured shell: [0.0764, 0.2074, 0.3779, 0.8735]
      external  tilt   0 deg   power (axis searched) [0.03333333333333333, 0.08333333333333333, 0.3, 0.9666666666666667]
                            power (axis KNOWN)    [0.1, 0.48333333333333334, 0.7666666666666667, 0.9666666666666667]
                            max dg/g over the measured shell: [0.3245, 0.8973, 1.826, 3.7937]
      external  tilt  45 deg   power (axis searched) [0.05, 0.11666666666666667, 0.35, 0.9166666666666666]
                            power (axis KNOWN)    [0.05, 0.18333333333333332, 0.35, 0.9166666666666666]
                            max dg/g over the measured shell: [0.2822, 0.7719, 1.3429, 3.5166]
      external  tilt  90 deg   power (axis searched) [0.06666666666666667, 0.016666666666666666, 0.11666666666666667, 0.8333333333333334]
                            power (axis KNOWN)    [0.11666666666666667, 0.3333333333333333, 0.5333333333333333, 0.9166666666666666]
                            max dg/g over the measured shell: [0.218, 0.5652, 1.1332, 2.4402]
      network   tilt   0 deg   power (axis searched) [0.06666666666666667, 0.06666666666666667, 0.1, 0.15]
                            power (axis KNOWN)    [0.11666666666666667, 0.1, 0.05, 0.1]
                            max dg/g over the measured shell: [0.1157, 0.2867, 0.5244, 1.3234]
      network   tilt  45 deg   power (axis searched) [0.05, 0.11666666666666667, 0.03333333333333333, 0.16666666666666666]
                            power (axis KNOWN)    [0.06666666666666667, 0.11666666666666667, 0.06666666666666667, 0.25]
                            max dg/g over the measured shell: [0.1199, 0.3177, 0.6185, 1.3298]
      network   tilt  90 deg   power (axis searched) [0.15, 0.11666666666666667, 0.16666666666666666, 0.31666666666666665]
                            power (axis KNOWN)    [0.13333333333333333, 0.08333333333333333, 0.18333333333333332, 0.26666666666666666]
                            max dg/g over the measured shell: [0.1229, 0.3261, 0.6402, 1.5243]

   q = 0.50 (axis ratio 0.500), noise 30%
      source             D* 2.2300e-03   audit FPR 0.044  (family-wise 0.004)   null frac > 0: 0.21
      external           D* 3.2321e-02   audit FPR 0.086  (family-wise 0.034)   null frac > 0: 0.53
      network            D* 3.2776e-02   audit FPR 0.056  (family-wise 0.026)   null frac > 0: 0.59
      external_known0    D* 3.9456e-03   audit FPR 0.068  (family-wise 0.018)   null frac > 0: 0.16
      external_known45   D* 2.5235e-02   audit FPR 0.088  (family-wise 0.030)   null frac > 0: 0.37
      external_known90   D* 4.7569e-03   audit FPR 0.062  (family-wise 0.026)   null frac > 0: 0.20
      network_known0     D* 1.3893e-02   audit FPR 0.042  (family-wise 0.012)   null frac > 0: 0.38
      network_known45    D* 2.5144e-02   audit FPR 0.038  (family-wise 0.022)   null frac > 0: 0.44
      network_known90    D* 2.7994e-02   audit FPR 0.050  (family-wise 0.028)   null frac > 0: 0.46
      source    tilt   0 deg   power (axis searched) [0.05, 0.06666666666666667, 0.08333333333333333, 0.36666666666666664]
                            max dg/g over the measured shell: [0.0784, 0.208, 0.4139, 0.9155]
      external  tilt   0 deg   power (axis searched) [0.1, 0.13333333333333333, 0.5166666666666667, 0.8833333333333333]
                            power (axis KNOWN)    [0.13333333333333333, 0.43333333333333335, 0.8333333333333334, 0.9833333333333333]
                            max dg/g over the measured shell: [0.3251, 0.9086, 1.8379, 3.4566]
      external  tilt  45 deg   power (axis searched) [0.06666666666666667, 0.18333333333333332, 0.3333333333333333, 0.95]
                            power (axis KNOWN)    [0.05, 0.2, 0.45, 0.95]
                            max dg/g over the measured shell: [0.2811, 0.7545, 1.5945, 3.2886]
      external  tilt  90 deg   power (axis searched) [0.08333333333333333, 0.13333333333333333, 0.26666666666666666, 0.9]
                            power (axis KNOWN)    [0.05, 0.3333333333333333, 0.7, 0.9166666666666666]
                            max dg/g over the measured shell: [0.2227, 0.5759, 0.9761, 2.6405]
      network   tilt   0 deg   power (axis searched) [0.08333333333333333, 0.03333333333333333, 0.11666666666666667, 0.08333333333333333]
                            power (axis KNOWN)    [0.05, 0.11666666666666667, 0.1, 0.1]
                            max dg/g over the measured shell: [0.1164, 0.2943, 0.5755, 1.2832]
      network   tilt  45 deg   power (axis searched) [0.08333333333333333, 0.03333333333333333, 0.05, 0.15]
                            power (axis KNOWN)    [0.05, 0.016666666666666666, 0.06666666666666667, 0.13333333333333333]
                            max dg/g over the measured shell: [0.1167, 0.3267, 0.5758, 1.4539]
      network   tilt  90 deg   power (axis searched) [0.06666666666666667, 0.05, 0.15, 0.2]
                            power (axis KNOWN)    [0.08333333333333333, 0.06666666666666667, 0.16666666666666666, 0.18333333333333332]
                            max dg/g over the measured shell: [0.1204, 0.3344, 0.6666, 1.4622]

   COARSE-GRAINING GATE on the member-well tensor
         1 wells   drift vs the 1-well limit = 0.0000
        10 wells   drift vs the 1-well limit = 0.4394
        60 wells   drift vs the 1-well limit = 0.5239
       300 wells   drift vs the 1-well limit = 0.5925
      60 -> 300 wells changes the drift by 0.131
      (a drift that keeps growing with N is catalogue-row counting;
       one that converges is a genuine field with a coherence scale)
      bank q=0.65 axis ratio 0.650: 900 generated -> 700 independent (scalar 70, source 70, external 350, network 210), 2.8s

   q = 0.65 (axis ratio 0.650), noise 2%
      source             D* 2.8410e-03   audit FPR 0.070  (family-wise 0.042)   null frac > 0: 0.17
      external           D* 5.8138e-02   audit FPR 0.064  (family-wise 0.034)   null frac > 0: 0.51
      network            D* 4.6741e-02   audit FPR 0.058  (family-wise 0.022)   null frac > 0: 0.60
      external_known0    D* 6.9171e-03   audit FPR 0.060  (family-wise 0.014)   null frac > 0: 0.17
      external_known45   D* 5.1663e-02   audit FPR 0.052  (family-wise 0.024)   null frac > 0: 0.33
      external_known90   D* 7.8788e-03   audit FPR 0.050  (family-wise 0.024)   null frac > 0: 0.19
      network_known0     D* 2.7943e-02   audit FPR 0.038  (family-wise 0.014)   null frac > 0: 0.40
      network_known45    D* 3.6939e-02   audit FPR 0.052  (family-wise 0.014)   null frac > 0: 0.45
      network_known90    D* 3.6036e-02   audit FPR 0.078  (family-wise 0.038)   null frac > 0: 0.44
      source    tilt   0 deg   power (axis searched) [0.016666666666666666, 0.11666666666666667, 0.1, 0.38333333333333336]
                            max dg/g over the measured shell: [0.0774, 0.1987, 0.3583, 0.8391]
      external  tilt   0 deg   power (axis searched) [0.03333333333333333, 0.15, 0.7666666666666667, 1.0]
                            power (axis KNOWN)    [0.2, 0.6666666666666666, 0.8666666666666667, 1.0]
                            max dg/g over the measured shell: [0.3557, 0.8482, 1.7107, 4.0886]
      external  tilt  45 deg   power (axis searched) [0.13333333333333333, 0.25, 0.65, 0.9833333333333333]
                            power (axis KNOWN)    [0.11666666666666667, 0.26666666666666666, 0.65, 0.9833333333333333]
                            max dg/g over the measured shell: [0.2963, 0.7364, 1.5335, 3.4259]
      external  tilt  90 deg   power (axis searched) [0.016666666666666666, 0.13333333333333333, 0.48333333333333334, 0.9]
                            power (axis KNOWN)    [0.15, 0.4666666666666667, 0.6833333333333333, 0.95]
                            max dg/g over the measured shell: [0.2391, 0.6066, 1.1535, 2.7484]
      network   tilt   0 deg   power (axis searched) [0.016666666666666666, 0.016666666666666666, 0.06666666666666667, 0.1]
                            power (axis KNOWN)    [0.03333333333333333, 0.06666666666666667, 0.05, 0.03333333333333333]
                            max dg/g over the measured shell: [0.1047, 0.3051, 0.5397, 1.247]
      network   tilt  45 deg   power (axis searched) [0.1, 0.05, 0.08333333333333333, 0.2]
                            power (axis KNOWN)    [0.08333333333333333, 0.05, 0.016666666666666666, 0.18333333333333332]
                            max dg/g over the measured shell: [0.112, 0.3064, 0.5432, 1.3953]
      network   tilt  90 deg   power (axis searched) [0.03333333333333333, 0.13333333333333333, 0.08333333333333333, 0.15]
                            power (axis KNOWN)    [0.06666666666666667, 0.15, 0.06666666666666667, 0.13333333333333333]
                            max dg/g over the measured shell: [0.1127, 0.316, 0.5973, 1.3323]

   q = 0.65 (axis ratio 0.650), noise 10%
      source             D* 2.4720e-03   audit FPR 0.046  (family-wise 0.026)   null frac > 0: 0.18
      external           D* 4.5533e-02   audit FPR 0.054  (family-wise 0.016)   null frac > 0: 0.51
      network            D* 4.8101e-02   audit FPR 0.022  (family-wise 0.006)   null frac > 0: 0.64
      external_known0    D* 4.7671e-03   audit FPR 0.034  (family-wise 0.008)   null frac > 0: 0.18
      external_known45   D* 3.1310e-02   audit FPR 0.038  (family-wise 0.028)   null frac > 0: 0.33
      external_known90   D* 5.8085e-03   audit FPR 0.038  (family-wise 0.016)   null frac > 0: 0.19
      network_known0     D* 2.3549e-02   audit FPR 0.044  (family-wise 0.016)   null frac > 0: 0.43
      network_known45    D* 3.7192e-02   audit FPR 0.016  (family-wise 0.004)   null frac > 0: 0.48
      network_known90    D* 4.0150e-02   audit FPR 0.024  (family-wise 0.006)   null frac > 0: 0.48
      source    tilt   0 deg   power (axis searched) [0.05, 0.08333333333333333, 0.15, 0.3]
                            max dg/g over the measured shell: [0.0734, 0.1947, 0.3618, 0.8462]
      external  tilt   0 deg   power (axis searched) [0.06666666666666667, 0.11666666666666667, 0.6166666666666667, 0.9666666666666667]
                            power (axis KNOWN)    [0.2, 0.65, 0.7833333333333333, 0.9666666666666667]
                            max dg/g over the measured shell: [0.3547, 0.9416, 1.6741, 3.9333]
      external  tilt  45 deg   power (axis searched) [0.11666666666666667, 0.2833333333333333, 0.7, 0.9833333333333333]
                            power (axis KNOWN)    [0.15, 0.43333333333333335, 0.85, 0.9833333333333333]
                            max dg/g over the measured shell: [0.3084, 0.7982, 1.4725, 3.5287]
      external  tilt  90 deg   power (axis searched) [0.03333333333333333, 0.13333333333333333, 0.48333333333333334, 0.9166666666666666]
                            power (axis KNOWN)    [0.13333333333333333, 0.5333333333333333, 0.8, 0.9666666666666667]
                            max dg/g over the measured shell: [0.2511, 0.6836, 1.2352, 3.0972]
      network   tilt   0 deg   power (axis searched) [0.05, 0.03333333333333333, 0.05, 0.08333333333333333]
                            power (axis KNOWN)    [0.03333333333333333, 0.016666666666666666, 0.11666666666666667, 0.1]
                            max dg/g over the measured shell: [0.1085, 0.3104, 0.5583, 1.2821]
      network   tilt  45 deg   power (axis searched) [0.05, 0.016666666666666666, 0.03333333333333333, 0.15]
                            power (axis KNOWN)    [0.05, 0.05, 0.05, 0.15]
                            max dg/g over the measured shell: [0.1155, 0.302, 0.5692, 1.3414]
      network   tilt  90 deg   power (axis searched) [0.016666666666666666, 0.08333333333333333, 0.08333333333333333, 0.1]
                            power (axis KNOWN)    [0.016666666666666666, 0.06666666666666667, 0.08333333333333333, 0.1]
                            max dg/g over the measured shell: [0.1233, 0.337, 0.5721, 1.3501]

   q = 0.65 (axis ratio 0.650), noise 30%
      source             D* 1.8509e-03   audit FPR 0.046  (family-wise 0.016)   null frac > 0: 0.22
      external           D* 2.1973e-02   audit FPR 0.050  (family-wise 0.016)   null frac > 0: 0.46
      network            D* 3.0590e-02   audit FPR 0.030  (family-wise 0.006)   null frac > 0: 0.58
      external_known0    D* 2.5693e-03   audit FPR 0.058  (family-wise 0.016)   null frac > 0: 0.14
      external_known45   D* 1.4789e-02   audit FPR 0.054  (family-wise 0.022)   null frac > 0: 0.29
      external_known90   D* 3.8129e-03   audit FPR 0.048  (family-wise 0.014)   null frac > 0: 0.18
      network_known0     D* 1.2503e-02   audit FPR 0.062  (family-wise 0.022)   null frac > 0: 0.41
      network_known45    D* 1.9421e-02   audit FPR 0.058  (family-wise 0.012)   null frac > 0: 0.44
      network_known90    D* 2.1165e-02   audit FPR 0.054  (family-wise 0.006)   null frac > 0: 0.44
      source    tilt   0 deg   power (axis searched) [0.03333333333333333, 0.11666666666666667, 0.1, 0.2833333333333333]
                            max dg/g over the measured shell: [0.0734, 0.1935, 0.3698, 0.8743]
      external  tilt   0 deg   power (axis searched) [0.0, 0.15, 0.7166666666666667, 0.95]
                            power (axis KNOWN)    [0.13333333333333333, 0.5166666666666667, 0.7833333333333333, 0.95]
                            max dg/g over the measured shell: [0.3524, 0.9623, 1.6921, 3.9054]
      external  tilt  45 deg   power (axis searched) [0.11666666666666667, 0.3333333333333333, 0.75, 0.9833333333333333]
                            power (axis KNOWN)    [0.11666666666666667, 0.36666666666666664, 0.7666666666666667, 0.9833333333333333]
                            max dg/g over the measured shell: [0.3358, 0.8303, 1.4809, 3.4484]
      external  tilt  90 deg   power (axis searched) [0.05, 0.11666666666666667, 0.5166666666666667, 0.9666666666666667]
                            power (axis KNOWN)    [0.016666666666666666, 0.5166666666666667, 0.7666666666666667, 0.9666666666666667]
                            max dg/g over the measured shell: [0.2506, 0.6195, 1.2788, 3.1243]
      network   tilt   0 deg   power (axis searched) [0.03333333333333333, 0.03333333333333333, 0.016666666666666666, 0.05]
                            power (axis KNOWN)    [0.05, 0.1, 0.08333333333333333, 0.06666666666666667]
                            max dg/g over the measured shell: [0.1168, 0.3116, 0.5405, 1.2666]
      network   tilt  45 deg   power (axis searched) [0.03333333333333333, 0.05, 0.03333333333333333, 0.13333333333333333]
                            power (axis KNOWN)    [0.03333333333333333, 0.03333333333333333, 0.03333333333333333, 0.11666666666666667]
                            max dg/g over the measured shell: [0.1181, 0.3149, 0.5927, 1.3853]
      network   tilt  90 deg   power (axis searched) [0.03333333333333333, 0.016666666666666666, 0.016666666666666666, 0.25]
                            power (axis KNOWN)    [0.016666666666666666, 0.05, 0.03333333333333333, 0.21666666666666667]
                            max dg/g over the measured shell: [0.123, 0.3227, 0.5878, 1.3957]
      bank q=0.80 axis ratio 0.800: 900 generated -> 700 independent (scalar 70, source 70, external 350, network 210), 4.6s

   q = 0.80 (axis ratio 0.800), noise 2%
      source             D* 1.9047e-03   audit FPR 0.066  (family-wise 0.022)   null frac > 0: 0.13
      external           D* 3.8339e-02   audit FPR 0.044  (family-wise 0.022)   null frac > 0: 0.42
      network            D* 4.1917e-02   audit FPR 0.052  (family-wise 0.018)   null frac > 0: 0.62
      external_known0    D* 5.0044e-03   audit FPR 0.048  (family-wise 0.018)   null frac > 0: 0.14
      external_known45   D* 1.8845e-02   audit FPR 0.052  (family-wise 0.012)   null frac > 0: 0.21
      external_known90   D* 4.9327e-03   audit FPR 0.062  (family-wise 0.004)   null frac > 0: 0.13
      network_known0     D* 2.6260e-02   audit FPR 0.048  (family-wise 0.016)   null frac > 0: 0.42
      network_known45    D* 3.5452e-02   audit FPR 0.040  (family-wise 0.014)   null frac > 0: 0.46
      network_known90    D* 3.3534e-02   audit FPR 0.044  (family-wise 0.014)   null frac > 0: 0.47
      source    tilt   0 deg   power (axis searched) [0.13333333333333333, 0.15, 0.23333333333333334, 0.48333333333333334]
                            max dg/g over the measured shell: [0.0698, 0.1792, 0.3539, 0.8241]
      external  tilt   0 deg   power (axis searched) [0.11666666666666667, 0.45, 0.9, 1.0]
                            power (axis KNOWN)    [0.3333333333333333, 0.75, 0.8666666666666667, 1.0]
                            max dg/g over the measured shell: [0.3825, 0.8874, 1.8545, 3.9414]
      external  tilt  45 deg   power (axis searched) [0.03333333333333333, 0.4166666666666667, 0.8, 1.0]
                            power (axis KNOWN)    [0.2, 0.5833333333333334, 0.8, 1.0]
                            max dg/g over the measured shell: [0.3157, 0.8451, 1.5327, 3.6267]
      external  tilt  90 deg   power (axis searched) [0.06666666666666667, 0.4, 0.7833333333333333, 0.9833333333333333]
                            power (axis KNOWN)    [0.31666666666666665, 0.6, 0.8, 1.0]
                            max dg/g over the measured shell: [0.2848, 0.7067, 1.3643, 3.5362]
      network   tilt   0 deg   power (axis searched) [0.03333333333333333, 0.1, 0.03333333333333333, 0.13333333333333333]
                            power (axis KNOWN)    [0.08333333333333333, 0.1, 0.016666666666666666, 0.1]
                            max dg/g over the measured shell: [0.1115, 0.295, 0.5619, 1.3659]
      network   tilt  45 deg   power (axis searched) [0.06666666666666667, 0.06666666666666667, 0.08333333333333333, 0.1]
                            power (axis KNOWN)    [0.06666666666666667, 0.03333333333333333, 0.016666666666666666, 0.06666666666666667]
                            max dg/g over the measured shell: [0.1114, 0.3048, 0.5716, 1.4085]
      network   tilt  90 deg   power (axis searched) [0.1, 0.1, 0.05, 0.1]
                            power (axis KNOWN)    [0.03333333333333333, 0.05, 0.05, 0.08333333333333333]
                            max dg/g over the measured shell: [0.119, 0.332, 0.5629, 1.3409]

   q = 0.80 (axis ratio 0.800), noise 10%
      source             D* 1.1822e-03   audit FPR 0.066  (family-wise 0.036)   null frac > 0: 0.17
      external           D* 2.2994e-02   audit FPR 0.048  (family-wise 0.020)   null frac > 0: 0.42
      network            D* 3.4734e-02   audit FPR 0.048  (family-wise 0.016)   null frac > 0: 0.59
      external_known0    D* 3.2025e-03   audit FPR 0.046  (family-wise 0.018)   null frac > 0: 0.13
      external_known45   D* 1.2543e-02   audit FPR 0.052  (family-wise 0.012)   null frac > 0: 0.23
      external_known90   D* 2.5164e-03   audit FPR 0.066  (family-wise 0.016)   null frac > 0: 0.14
      network_known0     D* 2.0354e-02   audit FPR 0.060  (family-wise 0.024)   null frac > 0: 0.42
      network_known45    D* 2.2876e-02   audit FPR 0.052  (family-wise 0.022)   null frac > 0: 0.45
      network_known90    D* 2.5782e-02   audit FPR 0.032  (family-wise 0.018)   null frac > 0: 0.43
      source    tilt   0 deg   power (axis searched) [0.05, 0.1, 0.15, 0.43333333333333335]
                            max dg/g over the measured shell: [0.0697, 0.1908, 0.3511, 0.8025]
      external  tilt   0 deg   power (axis searched) [0.06666666666666667, 0.5166666666666667, 0.8833333333333333, 1.0]
                            power (axis KNOWN)    [0.2833333333333333, 0.6166666666666667, 0.8833333333333333, 1.0]
                            max dg/g over the measured shell: [0.3626, 0.9859, 1.8253, 3.7363]
      external  tilt  45 deg   power (axis searched) [0.13333333333333333, 0.48333333333333334, 0.8333333333333334, 1.0]
                            power (axis KNOWN)    [0.16666666666666666, 0.65, 0.85, 1.0]
                            max dg/g over the measured shell: [0.3165, 0.8619, 1.6225, 3.7055]
