==============================================================================
AXIS POWER -- three separated power surfaces, one per provenance
==============================================================================

   grid: q [0.5, 0.65, 0.8, 0.9, 0.97], noise [0.02, 0.1, 0.3], amp [0.03, 0.08, 0.15, 0.35], tilt [0, 45, 90] deg
   sims: 400 calibration + 400 AUDIT + 40 per injection cell, all disjoint
      bank q=0.50 axis ratio 0.500: 360 generated -> 280 independent (scalar 70, source 70, external 70, network 70), 1.7s

   q = 0.50 (axis ratio 0.500), noise 2%
      source    D* 3.3505e-03   audit FPR 0.050  (family-wise 0.003)   null frac > 0: 0.19
      external  D* 9.2757e-03   audit FPR 0.033  (family-wise 0.013)   null frac > 0: 0.19
      network   D* 2.5741e-02   audit FPR 0.070  (family-wise 0.025)   null frac > 0: 0.47
      source    tilt    0 deg   power at amp [0.03, 0.08, 0.15, 0.35]: [0.025, 0.075, 0.2, 0.35]   max dg/g: [0.0807, 0.2093, 0.3986, 0.9237]
      external  tilt    0 deg   power at amp [0.03, 0.08, 0.15, 0.35]: [0.2, 0.6, 0.825, 1.0]   max dg/g: [0.3231, 0.8764, 1.7609, 4.2076]
      external  tilt   45 deg   power at amp [0.03, 0.08, 0.15, 0.35]: [0.025, 0.075, 0.025, 0.025]   max dg/g: [0.2672, 0.7646, 1.5478, 3.3032]
      external  tilt   90 deg   power at amp [0.03, 0.08, 0.15, 0.35]: [0.075, 0.125, 0.375, 0.575]   max dg/g: [0.2522, 0.5576, 1.0575, 2.546]
      network   tilt    0 deg   power at amp [0.03, 0.08, 0.15, 0.35]: [0.075, 0.1, 0.05, 0.175]   max dg/g: [0.1155, 0.2863, 0.6075, 1.3281]
      network   tilt   45 deg   power at amp [0.03, 0.08, 0.15, 0.35]: [0.05, 0.075, 0.075, 0.2]   max dg/g: [0.1213, 0.3288, 0.5762, 1.5396]
      network   tilt   90 deg   power at amp [0.03, 0.08, 0.15, 0.35]: [0.05, 0.1, 0.075, 0.15]   max dg/g: [0.1275, 0.3409, 0.6194, 1.4312]

   q = 0.50 (axis ratio 0.500), noise 10%
      source    D* 2.3089e-03   audit FPR 0.062  (family-wise 0.022)   null frac > 0: 0.20
      external  D* 6.2887e-03   audit FPR 0.058  (family-wise 0.022)   null frac > 0: 0.20
      network   D* 2.1797e-02   audit FPR 0.040  (family-wise 0.015)   null frac > 0: 0.48
      source    tilt    0 deg   power at amp [0.03, 0.08, 0.15, 0.35]: [0.05, 0.075, 0.15, 0.375]   max dg/g: [0.079, 0.215, 0.3659, 0.9078]
      external  tilt    0 deg   power at amp [0.03, 0.08, 0.15, 0.35]: [0.1, 0.4, 0.625, 0.95]   max dg/g: [0.3534, 0.8819, 1.8799, 3.6582]
      external  tilt   45 deg   power at amp [0.03, 0.08, 0.15, 0.35]: [0.025, 0.175, 0.075, 0.075]   max dg/g: [0.3229, 0.772, 1.3033, 3.1382]
      external  tilt   90 deg   power at amp [0.03, 0.08, 0.15, 0.35]: [0.125, 0.25, 0.35, 0.575]   max dg/g: [0.2097, 0.6321, 1.2055, 2.7899]
      network   tilt    0 deg   power at amp [0.03, 0.08, 0.15, 0.35]: [0.075, 0.15, 0.125, 0.125]   max dg/g: [0.111, 0.286, 0.6568, 1.3553]
      network   tilt   45 deg   power at amp [0.03, 0.08, 0.15, 0.35]: [0.05, 0.2, 0.05, 0.1]   max dg/g: [0.1134, 0.3185, 0.6054, 1.4348]
      network   tilt   90 deg   power at amp [0.03, 0.08, 0.15, 0.35]: [0.05, 0.075, 0.05, 0.125]   max dg/g: [0.1273, 0.3523, 0.6301, 1.6263]

   q = 0.50 (axis ratio 0.500), noise 30%
      source    D* 2.0950e-03   audit FPR 0.050  (family-wise 0.013)   null frac > 0: 0.22
      external  D* 4.5231e-03   audit FPR 0.052  (family-wise 0.018)   null frac > 0: 0.20
      network   D* 1.2738e-02   audit FPR 0.062  (family-wise 0.020)   null frac > 0: 0.41
      source    tilt    0 deg   power at amp [0.03, 0.08, 0.15, 0.35]: [0.025, 0.0, 0.125, 0.375]   max dg/g: [0.0794, 0.2184, 0.3942, 0.9351]
      external  tilt    0 deg   power at amp [0.03, 0.08, 0.15, 0.35]: [0.075, 0.35, 0.65, 1.0]   max dg/g: [0.3255, 0.9077, 1.8598, 4.0713]
      external  tilt   45 deg   power at amp [0.03, 0.08, 0.15, 0.35]: [0.025, 0.1, 0.025, 0.0]   max dg/g: [0.2715, 0.7431, 1.487, 3.6699]
      external  tilt   90 deg   power at amp [0.03, 0.08, 0.15, 0.35]: [0.025, 0.175, 0.3, 0.575]   max dg/g: [0.2109, 0.5495, 1.1256, 2.7908]
      network   tilt    0 deg   power at amp [0.03, 0.08, 0.15, 0.35]: [0.075, 0.175, 0.075, 0.1]   max dg/g: [0.1083, 0.2957, 0.554, 1.3701]
      network   tilt   45 deg   power at amp [0.03, 0.08, 0.15, 0.35]: [0.0, 0.05, 0.125, 0.05]   max dg/g: [0.1244, 0.3324, 0.5861, 1.5698]
      network   tilt   90 deg   power at amp [0.03, 0.08, 0.15, 0.35]: [0.025, 0.075, 0.075, 0.1]   max dg/g: [0.1262, 0.3313, 0.6824, 1.359]

   COARSE-GRAINING GATE on the member-well tensor
         1 wells   drift vs the 1-well limit = 0.0000
        10 wells   drift vs the 1-well limit = 0.4394
        60 wells   drift vs the 1-well limit = 0.5239
       300 wells   drift vs the 1-well limit = 0.5925
      60 -> 300 wells changes the drift by 0.131
      (a drift that keeps growing with N is catalogue-row counting;
       one that converges is a genuine field with a coherence scale)
      bank q=0.65 axis ratio 0.650: 360 generated -> 280 independent (scalar 70, source 70, external 70, network 70), 1.1s

   q = 0.65 (axis ratio 0.650), noise 2%
      source    D* 2.3360e-03   audit FPR 0.060  (family-wise 0.022)   null frac > 0: 0.19
      external  D* 8.0807e-03   audit FPR 0.035  (family-wise 0.025)   null frac > 0: 0.16
      network   D* 2.1654e-02   audit FPR 0.052  (family-wise 0.025)   null frac > 0: 0.43
      source    tilt    0 deg   power at amp [0.03, 0.08, 0.15, 0.35]: [0.125, 0.225, 0.25, 0.45]   max dg/g: [0.0741, 0.195, 0.3854, 0.8606]
      external  tilt    0 deg   power at amp [0.03, 0.08, 0.15, 0.35]: [0.25, 0.45, 0.85, 0.95]   max dg/g: [0.3783, 0.8932, 1.5888, 4.0494]
      external  tilt   45 deg   power at amp [0.03, 0.08, 0.15, 0.35]: [0.025, 0.025, 0.025, 0.025]   max dg/g: [0.3064, 0.7204, 1.3599, 3.3237]
      external  tilt   90 deg   power at amp [0.03, 0.08, 0.15, 0.35]: [0.025, 0.275, 0.475, 0.55]   max dg/g: [0.2896, 0.7028, 1.3021, 2.8212]
      network   tilt    0 deg   power at amp [0.03, 0.08, 0.15, 0.35]: [0.125, 0.05, 0.15, 0.125]   max dg/g: [0.104, 0.2764, 0.534, 1.2785]
      network   tilt   45 deg   power at amp [0.03, 0.08, 0.15, 0.35]: [0.05, 0.225, 0.1, 0.075]   max dg/g: [0.109, 0.2792, 0.5761, 1.5218]
      network   tilt   90 deg   power at amp [0.03, 0.08, 0.15, 0.35]: [0.025, 0.125, 0.05, 0.175]   max dg/g: [0.1137, 0.317, 0.6153, 1.3446]

   q = 0.65 (axis ratio 0.650), noise 10%
      source    D* 2.5910e-03   audit FPR 0.035  (family-wise 0.003)   null frac > 0: 0.15
      external  D* 4.9774e-03   audit FPR 0.040  (family-wise 0.003)   null frac > 0: 0.16
      network   D* 2.0223e-02   audit FPR 0.055  (family-wise 0.022)   null frac > 0: 0.44
      source    tilt    0 deg   power at amp [0.03, 0.08, 0.15, 0.35]: [0.025, 0.075, 0.125, 0.4]   max dg/g: [0.0715, 0.2034, 0.3586, 0.8967]
      external  tilt    0 deg   power at amp [0.03, 0.08, 0.15, 0.35]: [0.2, 0.575, 0.775, 0.975]   max dg/g: [0.322, 0.9999, 1.5597, 3.807]
      external  tilt   45 deg   power at amp [0.03, 0.08, 0.15, 0.35]: [0.0, 0.05, 0.0, 0.025]   max dg/g: [0.3041, 0.896, 1.6121, 3.5023]
      external  tilt   90 deg   power at amp [0.03, 0.08, 0.15, 0.35]: [0.05, 0.325, 0.5, 0.55]   max dg/g: [0.255, 0.7373, 1.0813, 3.1755]
      network   tilt    0 deg   power at amp [0.03, 0.08, 0.15, 0.35]: [0.075, 0.05, 0.1, 0.2]   max dg/g: [0.1264, 0.294, 0.5499, 1.247]
      network   tilt   45 deg   power at amp [0.03, 0.08, 0.15, 0.35]: [0.15, 0.05, 0.15, 0.075]   max dg/g: [0.1092, 0.312, 0.5575, 1.2404]
