==============================================================================
CROSSCHECK -- estimator agreement, monotone M_dyn, and the
              END-TO-END injection power curve on the real data
==============================================================================

   DEV: 27 systems rebuilt from cache
      GATE 1 estimator agreement vs the eFEDS lane's own profiles, 27 systems
         this lane's mean g_t +0.00323, theirs +0.00515
         weighted difference -0.00095 +- 0.00112   chi2 per system 0.23
      GATE 2 M_dyn monotone inside the truncation radius: 27/27 pass
      GATE 3 end-to-end injection, predicted monopole (PRIMARY): axis-randomisation sigma 0.5867
         injected   recovered alpha        p        detected
            0.000    +0.0136 +- 0.4756   0.9830   no
            0.050    +0.0636 +- 0.4756   0.9095   no
            0.100    +0.1136 +- 0.4756   0.8455   no
            0.200    +0.2136 +- 0.4756   0.7125   no
            0.300    +0.3136 +- 0.4756   0.5955   no
            0.400    +0.4136 +- 0.4756   0.4870   no
            0.600    +0.6136 +- 0.4756   0.3020   no
            0.800    +0.8136 +- 0.4756   0.1670   no
            1.000    +1.0136 +- 0.4756   0.0855   no
            1.200    +1.2136 +- 0.4756   0.0375   YES
            1.600    +1.6136 +- 0.4756   0.0055   YES
            2.400    +2.4136 +- 0.4756   0.0000   YES
         d(recovered)/d(injected) = 1.0000   (1.0 is unbiased; 0 would mean the statistic does not respond to what it claims to measure)
         95% exclusion limit  |alpha| < 1.158
         amplitude this sample would detect with 95% probability: 2.123
         DILUTION-CORRECTED sensitivity: sigma/slope = 0.587, 95% exclusion on the TRUE amplitude 1.158
      GATE 3 end-to-end injection, measured monopole: axis-randomisation sigma 0.1547
         injected   recovered alpha        p        detected
            0.000    -0.1794 +- 0.1303   0.2560   no
            0.050    -0.1758 +- 0.1303   0.2630   no
            0.100    -0.1722 +- 0.1303   0.2750   no
            0.200    -0.1650 +- 0.1303   0.2980   no
            0.300    -0.1578 +- 0.1303   0.3240   no
            0.400    -0.1506 +- 0.1303   0.3410   no
            0.600    -0.1362 +- 0.1303   0.3865   no
            0.800    -0.1217 +- 0.1303   0.4350   no
            1.000    -0.1073 +- 0.1303   0.4900   no
            1.200    -0.0929 +- 0.1303   0.5430   no
            1.600    -0.0641 +- 0.1303   0.6785   no
            2.400    -0.0064 +- 0.1303   0.9705   no
         d(recovered)/d(injected) = 0.0721   (1.0 is unbiased; 0 would mean the statistic does not respond to what it claims to measure)
         95% exclusion limit  |alpha| < 0.299
         amplitude this sample would detect with 95% probability: 0.553
         DILUTION-CORRECTED sensitivity: sigma/slope = 2.145, 95% exclusion on the TRUE amplitude 4.145
      GATE 3 end-to-end injection, predicted monopole, per-cluster fixed effects: axis-randomisation sigma 0.7608
         injected   recovered alpha        p        detected
            0.000    +0.3129 +- 0.7871   0.6900   no
            0.050    +0.3629 +- 0.7871   0.6390   no
            0.100    +0.4129 +- 0.7871   0.5915   no
            0.200    +0.5129 +- 0.7871   0.5075   no
            0.300    +0.6129 +- 0.7871   0.4300   no
            0.400    +0.7129 +- 0.7871   0.3675   no
            0.600    +0.9129 +- 0.7871   0.2325   no
            0.800    +1.1129 +- 0.7871   0.1340   no
            1.000    +1.3129 +- 0.7871   0.0740   no
            1.200    +1.5129 +- 0.7871   0.0435   YES
            1.600    +1.9129 +- 0.7871   0.0135   YES
            2.400    +2.7129 +- 0.7871   0.0000   YES
         d(recovered)/d(injected) = 1.0000   (1.0 is unbiased; 0 would mean the statistic does not respond to what it claims to measure)
         95% exclusion limit  |alpha| < 1.470
         amplitude this sample would detect with 95% probability: 2.722
         DILUTION-CORRECTED sensitivity: sigma/slope = 0.761, 95% exclusion on the TRUE amplitude 1.470

   CTRL: 136 systems rebuilt from cache
      GATE 1 estimator agreement vs the eFEDS lane's own profiles, 136 systems
         this lane's mean g_t +0.00316, theirs +0.00480
         weighted difference -0.00107 +- 0.00051   chi2 per system 0.38
      GATE 2 M_dyn monotone inside the truncation radius: 136/136 pass

   written: crosscheck.json
