   ingest table1: 542 rows x 19 cols   table2: 542 rows x 40 cols   identifier J/A+A/661/A7 echoed
   ingest DECADE profiles: 5411 rows x 13 cols on disk -> 536 systems, 4228 rows with finite g_t
   matched: 496 systems, 3365 (system, bin) shear points
   GATE M_gas,500: n = 414, median mine/published = 0.9994, scatter 0.0469 dex  ->  PASS
   built 496 systems x 420 radii
var        est             beta all  beta -1%  beta -5% beta -10% top1 share top5 share
x1_raw     within_object    +0.2540   +0.2547   +0.2554   +0.0768      0.054      0.209
x1_raw     within_class     +0.0316   +0.0636   +0.1099   +0.1008      0.152      0.384
x1_perp    within_object    -0.3210   -0.3112   -0.3299   -0.3357      0.128      0.322
x1_perp    within_class     -0.0141   -0.1419   -0.2651   -0.3269      0.224      0.567
x2_raw     within_object    -0.1730   -0.1737   -0.1732   +1.7966      0.686      0.994
x2_raw     within_class     +0.0368   +0.0488   +0.1205   +0.1169      0.487      0.808
x2_perp    within_object    -2.0000   -2.0000   -2.0000   -2.0000      0.643      0.992
x2_perp    within_class     +0.0401   +0.0496   +0.1223   +0.0964      0.434      0.795
x3_raw     within_object    +0.1290   +0.1319   +0.1324   +0.1117      0.052      0.209
x3_raw     within_class     +0.1485   +0.1386   +0.2281   +0.2685      0.076      0.266
x3_perp    within_object    -0.4388   -0.0040   -0.4048   -0.3827      0.463      0.814
x3_perp    within_class     +0.0915   +0.0716   +0.1502   +0.2079      0.269      0.674
x4a_raw    within_object    +0.1750   +0.1460   +0.1951   +0.1303      0.090      0.241
x4a_raw    within_class     +0.2405   +0.2825   +0.3458   +0.2865      0.140      0.288
x4a_perp   within_object    +0.0478   +0.0376   +0.0809   +0.2681      1.000      1.000
x4a_perp   within_class     +0.0001   +0.0094   +0.0213   +0.0547      0.998      0.999
x4b_raw    within_object    +0.0794   +0.0702   +0.0773   +0.0775      0.102      0.360
x4b_raw    within_class     +0.1453   +0.1393   +0.1777   +0.2330      0.079      0.333
x4b_perp   within_object    -0.0779   -0.1036   -0.0978   -0.1127      0.256      0.585
x4b_perp   within_class     +0.0262   +0.0062   +0.0663   +0.1297      0.189      0.545
x4d_raw    within_object    -2.0000   -2.0000   -2.0000   -2.0000      0.693      0.990
x4d_raw    within_class     +0.0379   +0.0533   +0.1087   +0.1430      0.481      0.787
x4d_perp   within_object    -1.8178   -1.8199   -1.8357   -0.7846      0.654      0.987
x4d_perp   within_class     +0.0430   +0.0568   +0.1134   +0.1194      0.430      0.767
xr_raw     within_object    -0.1563   -0.1573   -0.0828   -0.1384      0.055      0.240
xr_raw     within_class     -0.3283   -0.3287   -0.2753   -0.3379      0.053      0.232
xr_perp    within_object    -0.1563   -0.1573   -0.0828   -0.1384      0.055      0.240
xr_perp    within_class     -0.3283   -0.3287   -0.2753   -0.3379      0.053      0.232
xgb_raw    within_object    +0.0876   +0.2435   +0.0951   +0.0564      0.046      0.184
xgb_raw    within_class     +0.1166   +0.1370   +0.2047   +0.1814      0.070      0.229
xgb_perp   within_object    +0.0876   +0.2435   +0.0951   +0.0564      0.046      0.184
xgb_perp   within_class     +0.1166   +0.1370   +0.2047   +0.1814      0.070      0.229

wrote envvars_fragility.json
EXIT 0
