PROVENANCE
cluster     R500_X  R500_WL   Rb,gas    Rb,ne   WL/X  gas/X   ne/X
A1644       1054.0      nan    875.6   1306.1    nan  0.831  1.239
A1795       1153.0   1450.0   1067.3   1242.5  1.258  0.926  1.078
A2029       1414.0   1520.0   1317.5   1619.5  1.075  0.932  1.145
A2142       1424.0   1540.0   1402.8   1849.2  1.081  0.985  1.299
A2255       1196.0      nan   1148.1   1554.5    nan  0.960  1.300
A2319       1368.0      nan   1504.5   2208.4    nan  1.100  1.614
A3158       1123.0      nan   1055.3   1353.0    nan  0.940  1.205
A3266       1430.0      nan   1292.8   1451.9    nan  0.904  1.015
A644        1250.0      nan   1113.0   1339.5    nan  0.890  1.072
A85         1235.0   1350.0   1180.3   1424.9  1.093  0.956  1.154
RXC1825     1105.0      nan    975.0   1335.0    nan  0.882  1.208
ZW1215      1358.0      nan   1088.7   1309.4    nan  0.802  0.964
  ln R500_X sd across clusters   = 0.1086
  ln r sd WITHIN a cluster (mean)= 0.7231

THE RELATION UNDER EACH RADIAL DEFINITION (all 12 clusters where possible)
  r_physical       S1=-0.7790 (null -0.7790+-0.0000, pct 100.0)  S2=0.1755 (null 0.1755, pct 100.0)  S3=-0.4996
  r_over_R500_X    S1=-0.7884 (null -0.7723+-0.0102, pct   5.8)  S2=0.1734 (null 0.1769, pct   4.2)  S3=-0.4974
  r_over_Rb_gas    S1=-0.7837 (null -0.7655+-0.0145, pct  11.6)  S2=0.1745 (null 0.1783, pct   9.5)  S3=-0.4875
  r_over_Rb_ne     S1=-0.7764 (null -0.7629+-0.0159, pct  21.0)  S2=0.1770 (null 0.1786, pct  32.4)  S3=-0.4841

WEAK-LENSING SUBSET (the only place r/R500_WL exists)
  r_physical       S1=-0.8684  S2=0.0854 (null 0.0854+-0.0000, pct 100.0)  S3=-0.4391
  r_over_R500_X    S1=-0.8752  S2=0.0843 (null 0.0870+-0.0022, pct  16.9)  S3=-0.4399
  r_over_R500_WL   S1=-0.8713  S2=0.0852 (null 0.0859+-0.0013, pct  33.6)  S3=-0.4390
  r_over_Rb_gas    S1=-0.8710  S2=0.0850 (null 0.0876+-0.0025, pct  25.7)  S3=-0.4374
  r_over_Rb_ne     S1=-0.8678  S2=0.0868 (null 0.0897+-0.0034, pct  29.6)  S3=-0.4305

POWER of the scrambling test: can it SEE genuine self-similarity?
  flat truth (null)                        S1 pct   7.9+-10.0 power 0.57 | S2 pct   6.5+- 8.6 power 0.65
  true r/R500 organisation, s=-0.5         S1 pct   1.5+- 2.5 power 0.92 | S2 pct   0.3+- 0.6 power 1.00
  true r/R500 organisation, s=-1.0         S1 pct   0.4+- 1.1 power 0.98 | S2 pct   0.1+- 0.3 power 1.00
  true r/R500 organisation, s=-1.354       S1 pct   0.3+- 0.7 power 1.00 | S2 pct   0.1+- 0.3 power 1.00
  true PHYSICAL-radius organisation, s=-0.472 S1 pct   1.7+- 2.8 power 0.90 | S2 pct   0.2+- 0.5 power 1.00

LEVERAGE: sd(ln R500) across clusters = 0.1086, sd(ln r) within a cluster = 0.7231, ratio = 0.150

wrote job2_results.json
