[pools] 12 arms x 480 draws
  U01_baryons_newton: 480 draws (19s)
  U02_cdm: 480 draws (36s)
  U03_mond_scalar: 480 draws (52s)
  U04_env_scalar: 480 draws (69s)
  U05_tensor_axis: 480 draws (86s)
  U06_wellnet: 480 draws (103s)
  U07_memory: 480 draws (119s)
  U08_ep_slip: 480 draws (135s)
  U09_path_redshift: 480 draws (151s)
  U10_systematics: 480 draws (169s)
  H0_scalar_null: 480 draws (185s)
  U02_cdm_hard: 480 draws (203s)
  wrote channel_map.json
[E0] sizing on A-vs-A nulls
  wrote E0_sizing.json
  z_crit single 2.72  family 3.60  null median 1.90
[E1] pairwise equivalence map
  U01_baryons_newton (242s)
  U02_cdm (243s)
  U03_mond_scalar (244s)
  U04_env_scalar (245s)
  U05_tensor_axis (246s)
  U06_wellnet (246s)
  U07_memory (247s)
  U08_ep_slip (247s)
  U09_path_redshift (247s)
  U10_systematics (247s)
  wrote E1_equivalence_map.json
  wrote E2_channel_separation.json
[E3] amplitude scans
  U04_env_scalar: 0:2.2, 0.15:3.2, 0.3:6.1, 0.6:8.5, 1.2:8.5, 2.4:8.5
  U05_tensor_axis: 0:1.9, 0.1:8.5, 0.25:8.5, 0.5:8.5, 1:8.5, 2:8.5
  U06_wellnet: 0:2.3, 0.015:8.0, 0.03:8.5, 0.06:8.5, 0.12:8.5, 0.24:8.5
  U07_memory: 0:1.6, 0.05:3.4, 0.1:4.8, 0.2:8.5, 0.4:8.5, 0.8:8.5
  U08_ep_slip: 0:3.1, 0.025:3.5, 0.05:4.1, 0.1:8.3, 0.2:8.5, 0.4:8.5
  U09_path_redshift: 0:1.2, 0.0075:3.3, 0.015:6.7, 0.03:8.5, 0.06:8.5, 0.12:8.5
  wrote E3_amplitude_scans.json
[E4] identifiability questions
  wrote E4_questions.json
[E5] admissibility gates
  wrote E5_gates.json
[E6] missing-observation oracle
  wrote E6_missing_observations.json
[E7] knob -> observable amplitude
  wrote E7_observable_amplitudes.json
  wrote run_manifest.json
[done] 854s
