START DDO154 150 147 [False, True, True, True, True]
DONE DDO154 [('rotation', 2.935, True), ('warp', 3.177, False), ('stream', 3.104, True), ('asymmetric', 2.689, True), ('full', 2.754, True)]
START IC2574 184 207 [False, True, True, True, True]
DONE IC2574 [('rotation', 11.534, True), ('warp', 9.615, True), ('stream', 11.415, True), ('asymmetric', 11.35, True), ('full', 11.861, True)]
START NGC2841 85 71 [False, False, True, True, True]
DONE NGC2841 [('rotation', 2.292, True), ('warp', 2.431, True), ('stream', 4.633, True), ('asymmetric', 2.462, True), ('full', 2.573, True)]
START NGC2903 121 121 [False, True, True, True, True]
DONE NGC2903 [('rotation', 3.753, True), ('warp', 3.813, True), ('stream', 5.345, True), ('asymmetric', 3.797, True), ('full', 6.488, True)]
START NGC2976 194 197 [False, True, True, True, True]
DONE NGC2976 [('rotation', 5.831, True), ('warp', 6.199, True), ('stream', 5.675, True), ('asymmetric', 4.171, True), ('full', 5.922, True)]
START NGC3198 101 100 [False, True, True, True, True]
DONE NGC3198 [('rotation', 2.746, True), ('warp', 2.506, True), ('stream', 30.252, True), ('asymmetric', 2.574, True), ('full', 15.684, True)]
START NGC3521 114 102 [False, False, True, True, True]
DONE NGC3521 [('rotation', 36.878, True), ('warp', 36.878, True), ('stream', 42.613, False), ('asymmetric', 9.321, True), ('full', 40.117, True)]
START NGC4214 286 255 [False, True, True, True, True]
DONE NGC4214 [('rotation', 18.936, True), ('warp', 17.896, True), ('stream', 8.087, True), ('asymmetric', 19.207, True), ('full', 7.039, True)]
START NGC5055 143 143 [False, True, True, True, True]
DONE NGC5055 [('rotation', 1.431, True), ('warp', 3.311, True), ('stream', 6.42, True), ('asymmetric', 1.384, True), ('full', 5.04, True)]
START NGC6946 246 258 [False, True, True, True, True]
DONE NGC6946 [('rotation', 1.31, True), ('warp', 1.177, True), ('stream', 1.102, True), ('asymmetric', 1.31, True), ('full', 1.093, True)]
START NGC7331 80 81 [False, False, False, True, True]
DONE NGC7331 [('rotation', 2.068, True), ('warp', 2.259, True), ('stream', 2.393, True), ('asymmetric', 2.532, True), ('full', 2.771, True)]
START UGC04305 202 203 [False, False, True, True, True]
DONE UGC04305 [('rotation', 3.35, True), ('warp', 3.11, True), ('stream', 3.256, True), ('asymmetric', 3.284, True), ('full', 2.912, True)]
