========================================================================
TIME-DILATION GATE
========================================================================

[1] acquisition
  fetched arxiv_2406.05050_abs.html: HTTP 200, 54919 bytes, sha256 d63138f16a1cc00f...
  verified White et al. 2024 abstract: all 6 identifiers echoed back
  fetched arxiv_api_2406.05050.xml: HTTP 200, 11798 bytes, sha256 07c4d0e2a6fb19ae...
  verified arXiv API record: all 2 identifiers echoed back
  fetched arxiv_2306.04053_abs.html: HTTP 200, 41910 bytes, sha256 0bcd14cdaedc0568...
  verified Lewis & Brewer 2023 abstract: all 2 identifiers echoed back

[2] exclusion in the (f, eta) plane
  DES_SN5YR: b = 1.003 +/- 0.0112; a purely non-dilating mechanism carrying all of z is 89.7 sigma away
  QSO: b = 1.280 +/- 0.2900; a purely non-dilating mechanism carrying all of z is 4.4 sigma away

[3] translation to c2/c1 for eta = 0
  95pct_onesided: f(1-eta) < 0.0154  ->  c2/c1 < DESIVAST 3.16%, DESIVAST 2.99%, SDSS 2.66%
  2sigma: f(1-eta) < 0.0194  ->  c2/c1 < DESIVAST 3.99%, DESIVAST 3.78%, SDSS 3.36%
  3sigma: f(1-eta) < 0.0305  ->  c2/c1 < DESIVAST 6.36%, DESIVAST 6.03%, SDSS 5.36%

[4] comparison with the redshift regression's own reach
  DES 3-sigma bound on c2/c1 (eta=0): 5.36%
  best statistical 3-sigma reach of this dataset: 2.80% (systematic floor: tens of percent)

[5] CMB smoothness gate -- reaches eta = 1 as well (own derivation, not a published limit)
  DESIVAST_VoidFinder: sd(dI_q) = 35.1 Mpc/h -> |c2|/c1 < 0.35%
  DESIVAST_REVOLVER: sd(dI_q) = 43.7 Mpc/h -> |c2|/c1 < 0.28%
  SDSS_VAST_VoidFinder: sd(dI_q) = 27.2 Mpc/h -> |c2|/c1 < 0.44%

[6] verdicts
  M1_photon_energy_drain: EXCLUDED as the origin of cosmological redshift at 90 sigma. Survives only as a sub-1.9% additiv
  M2_scattering: EXCLUDED as the origin of cosmological redshift at 90 sigma. Survives only as a sub-1.9% additiv
  M3_chromatic_drain: EXCLUDED as the origin of cosmological redshift at 90 sigma. Survives only as a sub-1.9% additiv
  M4_geometric_path_stretch: NOT constrained by time dilation -- b = 1 identically for any f. This is the only class the reds
  M5_partial_geometric: Constrained only in the product f(1-eta) < 0.0194 (2 sigma). A mechanism with eta -> 1 escapes e

wrote timedilation.json
