C:\Users\henry\AppData\Local\Programs\Python\Python313\Lib\site-packages\cupyx\jit\_interface.py:173: FutureWarning: cupyx.jit.rawkernel is experimental. The interface can change in the future.
  cupy._util.experimental('cupyx.jit.rawkernel')
WARNING: FITSFixedWarning: 'datfix' made the change 'Set MJD-OBS to 52757.000000 from DATE-OBS'. [astropy.wcs.wcs]
WARNING: FITSFixedWarning: 'spcfix' made the change 'Changed CTYPE4 from 'FELO-HEL' to 'VOPT-F2W', and SPECSYS to 'BARYCENT' (VELREF=2)'. [astropy.wcs.wcs]
WARNING: FITSFixedWarning: 'datfix' made the change 'Set MJD-OBS to 53122.000000 from DATE-OBS'. [astropy.wcs.wcs]
WARNING: FITSFixedWarning: 'spcfix' made the change 'Changed SPECSYS to 'BARYCENT''. [astropy.wcs.wcs]
WARNING: FITSFixedWarning: 'datfix' made the change 'Set MJD-OBS to 53122.000000 from DATE-OBS'. [astropy.wcs.wcs]
WARNING: FITSFixedWarning: 'spcfix' made the change 'Changed SPECSYS to 'BARYCENT''. [astropy.wcs.wcs]
WARNING: FITSFixedWarning: 'datfix' made the change 'Set MJD-OBS to 53122.000000 from DATE-OBS'. [astropy.wcs.wcs]
WARNING: FITSFixedWarning: 'spcfix' made the change 'Changed SPECSYS to 'BARYCENT''. [astropy.wcs.wcs]
WARNING: FITSFixedWarning: 'datfix' made the change 'Set MJD-OBS to 53122.000000 from DATE-OBS'. [astropy.wcs.wcs]
WARNING: FITSFixedWarning: 'spcfix' made the change 'Changed SPECSYS to 'BARYCENT''. [astropy.wcs.wcs]
WARNING: FITSFixedWarning: 'datfix' made the change 'Set MJD-OBS to 53122.000000 from DATE-OBS'. [astropy.wcs.wcs]
WARNING: FITSFixedWarning: 'spcfix' made the change 'Changed SPECSYS to 'BARYCENT''. [astropy.wcs.wcs]
WARNING: FITSFixedWarning: 'datfix' made the change 'Set MJD-OBS to 53122.000000 from DATE-OBS'. [astropy.wcs.wcs]
WARNING: FITSFixedWarning: 'spcfix' made the change 'Changed SPECSYS to 'BARYCENT''. [astropy.wcs.wcs]
WARNING: FITSFixedWarning: 'datfix' made the change 'Set MJD-OBS to 53122.000000 from DATE-OBS'. [astropy.wcs.wcs]
WARNING: FITSFixedWarning: 'spcfix' made the change 'Changed SPECSYS to 'BARYCENT''. [astropy.wcs.wcs]
WARNING: FITSFixedWarning: 'datfix' made the change 'Set MJD-OBS to 53122.000000 from DATE-OBS'. [astropy.wcs.wcs]
WARNING: FITSFixedWarning: 'spcfix' made the change 'Changed SPECSYS to 'BARYCENT''. [astropy.wcs.wcs]
WARNING: FITSFixedWarning: 'datfix' made the change 'Set MJD-OBS to 53122.000000 from DATE-OBS'. [astropy.wcs.wcs]
WARNING: FITSFixedWarning: 'spcfix' made the change 'Changed SPECSYS to 'BARYCENT''. [astropy.wcs.wcs]
WARNING: FITSFixedWarning: 'datfix' made the change 'Set MJD-OBS to 53122.000000 from DATE-OBS'. [astropy.wcs.wcs]
WARNING: FITSFixedWarning: 'spcfix' made the change 'Changed SPECSYS to 'BARYCENT''. [astropy.wcs.wcs]
WARNING: FITSFixedWarning: 'datfix' made the change 'Set MJD-OBS to 53122.000000 from DATE-OBS'. [astropy.wcs.wcs]
WARNING: FITSFixedWarning: 'spcfix' made the change 'Changed SPECSYS to 'BARYCENT''. [astropy.wcs.wcs]
WARNING: FITSFixedWarning: 'datfix' made the change 'Set MJD-OBS to 53122.000000 from DATE-OBS'. [astropy.wcs.wcs]
WARNING: FITSFixedWarning: 'spcfix' made the change 'Changed SPECSYS to 'BARYCENT''. [astropy.wcs.wcs]
WARNING: FITSFixedWarning: 'datfix' made the change 'Set MJD-OBS to 53122.000000 from DATE-OBS'. [astropy.wcs.wcs]
WARNING: FITSFixedWarning: 'spcfix' made the change 'Changed SPECSYS to 'BARYCENT''. [astropy.wcs.wcs]
WARNING: FITSFixedWarning: 'datfix' made the change 'Set MJD-OBS to 53122.000000 from DATE-OBS'. [astropy.wcs.wcs]
WARNING: FITSFixedWarning: 'spcfix' made the change 'Changed SPECSYS to 'BARYCENT''. [astropy.wcs.wcs]
WARNING: FITSFixedWarning: 'datfix' made the change 'Set MJD-OBS to 53122.000000 from DATE-OBS'. [astropy.wcs.wcs]
WARNING: FITSFixedWarning: 'spcfix' made the change 'Changed SPECSYS to 'BARYCENT''. [astropy.wcs.wcs]
WARNING: FITSFixedWarning: 'datfix' made the change 'Set MJD-OBS to 53122.000000 from DATE-OBS'. [astropy.wcs.wcs]
WARNING: FITSFixedWarning: 'spcfix' made the change 'Changed SPECSYS to 'BARYCENT''. [astropy.wcs.wcs]
Source and motion DDO154: 18 common pairs
WARNING: FITSFixedWarning: 'datfix' made the change 'Set MJD-OBS to 48318.000000 from DATE-OBS'. [astropy.wcs.wcs]
WARNING: FITSFixedWarning: 'spcfix' made the change 'Changed SPECSYS to 'BARYCENT''. [astropy.wcs.wcs]
WARNING: FITSFixedWarning: 'datfix' made the change 'Set MJD-OBS to 48318.000000 from DATE-OBS'. [astropy.wcs.wcs]
WARNING: FITSFixedWarning: 'spcfix' made the change 'Changed SPECSYS to 'BARYCENT''. [astropy.wcs.wcs]
WARNING: FITSFixedWarning: 'datfix' made the change 'Set MJD-OBS to 48318.000000 from DATE-OBS'. [astropy.wcs.wcs]
WARNING: FITSFixedWarning: 'spcfix' made the change 'Changed SPECSYS to 'BARYCENT''. [astropy.wcs.wcs]
WARNING: FITSFixedWarning: 'datfix' made the change 'Set MJD-OBS to 48318.000000 from DATE-OBS'. [astropy.wcs.wcs]
WARNING: FITSFixedWarning: 'spcfix' made the change 'Changed SPECSYS to 'BARYCENT''. [astropy.wcs.wcs]
WARNING: FITSFixedWarning: 'datfix' made the change 'Set MJD-OBS to 48318.000000 from DATE-OBS'. [astropy.wcs.wcs]
WARNING: FITSFixedWarning: 'spcfix' made the change 'Changed SPECSYS to 'BARYCENT''. [astropy.wcs.wcs]
WARNING: FITSFixedWarning: 'datfix' made the change 'Set MJD-OBS to 48318.000000 from DATE-OBS'. [astropy.wcs.wcs]
WARNING: FITSFixedWarning: 'spcfix' made the change 'Changed SPECSYS to 'BARYCENT''. [astropy.wcs.wcs]
WARNING: FITSFixedWarning: 'datfix' made the change 'Set MJD-OBS to 48318.000000 from DATE-OBS'. [astropy.wcs.wcs]
WARNING: FITSFixedWarning: 'spcfix' made the change 'Changed SPECSYS to 'BARYCENT''. [astropy.wcs.wcs]
WARNING: FITSFixedWarning: 'datfix' made the change 'Set MJD-OBS to 48318.000000 from DATE-OBS'. [astropy.wcs.wcs]
WARNING: FITSFixedWarning: 'spcfix' made the change 'Changed SPECSYS to 'BARYCENT''. [astropy.wcs.wcs]
WARNING: FITSFixedWarning: 'datfix' made the change 'Set MJD-OBS to 48318.000000 from DATE-OBS'. [astropy.wcs.wcs]
WARNING: FITSFixedWarning: 'spcfix' made the change 'Changed SPECSYS to 'BARYCENT''. [astropy.wcs.wcs]
WARNING: FITSFixedWarning: 'datfix' made the change 'Set MJD-OBS to 48318.000000 from DATE-OBS'. [astropy.wcs.wcs]
WARNING: FITSFixedWarning: 'spcfix' made the change 'Changed SPECSYS to 'BARYCENT''. [astropy.wcs.wcs]
WARNING: FITSFixedWarning: 'datfix' made the change 'Set MJD-OBS to 48318.000000 from DATE-OBS'. [astropy.wcs.wcs]
WARNING: FITSFixedWarning: 'spcfix' made the change 'Changed SPECSYS to 'BARYCENT''. [astropy.wcs.wcs]
WARNING: FITSFixedWarning: 'datfix' made the change 'Set MJD-OBS to 48318.000000 from DATE-OBS'. [astropy.wcs.wcs]
WARNING: FITSFixedWarning: 'spcfix' made the change 'Changed SPECSYS to 'BARYCENT''. [astropy.wcs.wcs]
WARNING: FITSFixedWarning: 'datfix' made the change 'Set MJD-OBS to 48318.000000 from DATE-OBS'. [astropy.wcs.wcs]
WARNING: FITSFixedWarning: 'spcfix' made the change 'Changed SPECSYS to 'BARYCENT''. [astropy.wcs.wcs]
WARNING: FITSFixedWarning: 'datfix' made the change 'Set MJD-OBS to 48318.000000 from DATE-OBS'. [astropy.wcs.wcs]
WARNING: FITSFixedWarning: 'spcfix' made the change 'Changed SPECSYS to 'BARYCENT''. [astropy.wcs.wcs]
WARNING: FITSFixedWarning: 'datfix' made the change 'Set MJD-OBS to 48318.000000 from DATE-OBS'. [astropy.wcs.wcs]
WARNING: FITSFixedWarning: 'spcfix' made the change 'Changed SPECSYS to 'BARYCENT''. [astropy.wcs.wcs]
WARNING: FITSFixedWarning: 'datfix' made the change 'Set MJD-OBS to 48318.000000 from DATE-OBS'. [astropy.wcs.wcs]
WARNING: FITSFixedWarning: 'spcfix' made the change 'Changed SPECSYS to 'BARYCENT''. [astropy.wcs.wcs]
Source and motion IC2574: 124 common pairs
WARNING: FITSFixedWarning: 'datfix' made the change 'Set MJD-OBS to 53003.000000 from DATE-OBS'. [astropy.wcs.wcs]
WARNING: FITSFixedWarning: 'spcfix' made the change 'Changed SPECSYS to 'BARYCENT''. [astropy.wcs.wcs]
WARNING: FITSFixedWarning: 'datfix' made the change 'Set MJD-OBS to 53003.000000 from DATE-OBS'. [astropy.wcs.wcs]
WARNING: FITSFixedWarning: 'spcfix' made the change 'Changed SPECSYS to 'BARYCENT''. [astropy.wcs.wcs]
WARNING: FITSFixedWarning: 'datfix' made the change 'Set MJD-OBS to 53003.000000 from DATE-OBS'. [astropy.wcs.wcs]
WARNING: FITSFixedWarning: 'spcfix' made the change 'Changed SPECSYS to 'BARYCENT''. [astropy.wcs.wcs]
WARNING: FITSFixedWarning: 'datfix' made the change 'Set MJD-OBS to 53003.000000 from DATE-OBS'. [astropy.wcs.wcs]
WARNING: FITSFixedWarning: 'spcfix' made the change 'Changed SPECSYS to 'BARYCENT''. [astropy.wcs.wcs]
WARNING: FITSFixedWarning: 'datfix' made the change 'Set MJD-OBS to 53003.000000 from DATE-OBS'. [astropy.wcs.wcs]
WARNING: FITSFixedWarning: 'spcfix' made the change 'Changed SPECSYS to 'BARYCENT''. [astropy.wcs.wcs]
WARNING: FITSFixedWarning: 'datfix' made the change 'Set MJD-OBS to 53003.000000 from DATE-OBS'. [astropy.wcs.wcs]
WARNING: FITSFixedWarning: 'spcfix' made the change 'Changed SPECSYS to 'BARYCENT''. [astropy.wcs.wcs]
WARNING: FITSFixedWarning: 'datfix' made the change 'Set MJD-OBS to 53003.000000 from DATE-OBS'. [astropy.wcs.wcs]
WARNING: FITSFixedWarning: 'spcfix' made the change 'Changed SPECSYS to 'BARYCENT''. [astropy.wcs.wcs]
WARNING: FITSFixedWarning: 'datfix' made the change 'Set MJD-OBS to 53003.000000 from DATE-OBS'. [astropy.wcs.wcs]
WARNING: FITSFixedWarning: 'spcfix' made the change 'Changed SPECSYS to 'BARYCENT''. [astropy.wcs.wcs]
WARNING: FITSFixedWarning: 'datfix' made the change 'Set MJD-OBS to 53003.000000 from DATE-OBS'. [astropy.wcs.wcs]
WARNING: FITSFixedWarning: 'spcfix' made the change 'Changed SPECSYS to 'BARYCENT''. [astropy.wcs.wcs]
WARNING: FITSFixedWarning: 'datfix' made the change 'Set MJD-OBS to 53003.000000 from DATE-OBS'. [astropy.wcs.wcs]
WARNING: FITSFixedWarning: 'spcfix' made the change 'Changed SPECSYS to 'BARYCENT''. [astropy.wcs.wcs]
WARNING: FITSFixedWarning: 'datfix' made the change 'Set MJD-OBS to 53003.000000 from DATE-OBS'. [astropy.wcs.wcs]
WARNING: FITSFixedWarning: 'spcfix' made the change 'Changed SPECSYS to 'BARYCENT''. [astropy.wcs.wcs]
WARNING: FITSFixedWarning: 'datfix' made the change 'Set MJD-OBS to 53003.000000 from DATE-OBS'. [astropy.wcs.wcs]
WARNING: FITSFixedWarning: 'spcfix' made the change 'Changed SPECSYS to 'BARYCENT''. [astropy.wcs.wcs]
WARNING: FITSFixedWarning: 'datfix' made the change 'Set MJD-OBS to 53003.000000 from DATE-OBS'. [astropy.wcs.wcs]
WARNING: FITSFixedWarning: 'spcfix' made the change 'Changed SPECSYS to 'BARYCENT''. [astropy.wcs.wcs]
WARNING: FITSFixedWarning: 'datfix' made the change 'Set MJD-OBS to 53003.000000 from DATE-OBS'. [astropy.wcs.wcs]
WARNING: FITSFixedWarning: 'spcfix' made the change 'Changed SPECSYS to 'BARYCENT''. [astropy.wcs.wcs]
WARNING: FITSFixedWarning: 'datfix' made the change 'Set MJD-OBS to 53003.000000 from DATE-OBS'. [astropy.wcs.wcs]
WARNING: FITSFixedWarning: 'spcfix' made the change 'Changed SPECSYS to 'BARYCENT''. [astropy.wcs.wcs]
WARNING: FITSFixedWarning: 'datfix' made the change 'Set MJD-OBS to 53003.000000 from DATE-OBS'. [astropy.wcs.wcs]
WARNING: FITSFixedWarning: 'spcfix' made the change 'Changed SPECSYS to 'BARYCENT''. [astropy.wcs.wcs]
Source and motion NGC2841: 78 common pairs
WARNING: FITSFixedWarning: 'datfix' made the change 'Set MJD-OBS to 53122.000000 from DATE-OBS'. [astropy.wcs.wcs]
WARNING: FITSFixedWarning: 'spcfix' made the change 'Changed CTYPE4 from 'FELO-HEL' to 'VOPT-F2W', and SPECSYS to 'BARYCENT' (VELREF=2)'. [astropy.wcs.wcs]
WARNING: FITSFixedWarning: 'datfix' made the change 'Set MJD-OBS to 53122.000000 from DATE-OBS'. [astropy.wcs.wcs]
WARNING: FITSFixedWarning: 'spcfix' made the change 'Changed CTYPE4 from 'FELO-HEL' to 'VOPT-F2W', and SPECSYS to 'BARYCENT' (VELREF=2)'. [astropy.wcs.wcs]
WARNING: FITSFixedWarning: 'datfix' made the change 'Set MJD-OBS to 53122.000000 from DATE-OBS'. [astropy.wcs.wcs]
WARNING: FITSFixedWarning: 'spcfix' made the change 'Changed CTYPE4 from 'FELO-HEL' to 'VOPT-F2W', and SPECSYS to 'BARYCENT' (VELREF=2)'. [astropy.wcs.wcs]
WARNING: FITSFixedWarning: 'datfix' made the change 'Set MJD-OBS to 53122.000000 from DATE-OBS'. [astropy.wcs.wcs]
WARNING: FITSFixedWarning: 'spcfix' made the change 'Changed CTYPE4 from 'FELO-HEL' to 'VOPT-F2W', and SPECSYS to 'BARYCENT' (VELREF=2)'. [astropy.wcs.wcs]
WARNING: FITSFixedWarning: 'datfix' made the change 'Set MJD-OBS to 53122.000000 from DATE-OBS'. [astropy.wcs.wcs]
WARNING: FITSFixedWarning: 'spcfix' made the change 'Changed CTYPE4 from 'FELO-HEL' to 'VOPT-F2W', and SPECSYS to 'BARYCENT' (VELREF=2)'. [astropy.wcs.wcs]
WARNING: FITSFixedWarning: 'datfix' made the change 'Set MJD-OBS to 53122.000000 from DATE-OBS'. [astropy.wcs.wcs]
WARNING: FITSFixedWarning: 'spcfix' made the change 'Changed CTYPE4 from 'FELO-HEL' to 'VOPT-F2W', and SPECSYS to 'BARYCENT' (VELREF=2)'. [astropy.wcs.wcs]
WARNING: FITSFixedWarning: 'datfix' made the change 'Set MJD-OBS to 53122.000000 from DATE-OBS'. [astropy.wcs.wcs]
WARNING: FITSFixedWarning: 'spcfix' made the change 'Changed CTYPE4 from 'FELO-HEL' to 'VOPT-F2W', and SPECSYS to 'BARYCENT' (VELREF=2)'. [astropy.wcs.wcs]
WARNING: FITSFixedWarning: 'datfix' made the change 'Set MJD-OBS to 53122.000000 from DATE-OBS'. [astropy.wcs.wcs]
WARNING: FITSFixedWarning: 'spcfix' made the change 'Changed CTYPE4 from 'FELO-HEL' to 'VOPT-F2W', and SPECSYS to 'BARYCENT' (VELREF=2)'. [astropy.wcs.wcs]
WARNING: FITSFixedWarning: 'datfix' made the change 'Set MJD-OBS to 53122.000000 from DATE-OBS'. [astropy.wcs.wcs]
WARNING: FITSFixedWarning: 'spcfix' made the change 'Changed CTYPE4 from 'FELO-HEL' to 'VOPT-F2W', and SPECSYS to 'BARYCENT' (VELREF=2)'. [astropy.wcs.wcs]
WARNING: FITSFixedWarning: 'datfix' made the change 'Set MJD-OBS to 53122.000000 from DATE-OBS'. [astropy.wcs.wcs]
WARNING: FITSFixedWarning: 'spcfix' made the change 'Changed CTYPE4 from 'FELO-HEL' to 'VOPT-F2W', and SPECSYS to 'BARYCENT' (VELREF=2)'. [astropy.wcs.wcs]
WARNING: FITSFixedWarning: 'datfix' made the change 'Set MJD-OBS to 53122.000000 from DATE-OBS'. [astropy.wcs.wcs]
WARNING: FITSFixedWarning: 'spcfix' made the change 'Changed CTYPE4 from 'FELO-HEL' to 'VOPT-F2W', and SPECSYS to 'BARYCENT' (VELREF=2)'. [astropy.wcs.wcs]
WARNING: FITSFixedWarning: 'datfix' made the change 'Set MJD-OBS to 53122.000000 from DATE-OBS'. [astropy.wcs.wcs]
WARNING: FITSFixedWarning: 'spcfix' made the change 'Changed CTYPE4 from 'FELO-HEL' to 'VOPT-F2W', and SPECSYS to 'BARYCENT' (VELREF=2)'. [astropy.wcs.wcs]
WARNING: FITSFixedWarning: 'datfix' made the change 'Set MJD-OBS to 53122.000000 from DATE-OBS'. [astropy.wcs.wcs]
WARNING: FITSFixedWarning: 'spcfix' made the change 'Changed CTYPE4 from 'FELO-HEL' to 'VOPT-F2W', and SPECSYS to 'BARYCENT' (VELREF=2)'. [astropy.wcs.wcs]
WARNING: FITSFixedWarning: 'datfix' made the change 'Set MJD-OBS to 53122.000000 from DATE-OBS'. [astropy.wcs.wcs]
WARNING: FITSFixedWarning: 'spcfix' made the change 'Changed CTYPE4 from 'FELO-HEL' to 'VOPT-F2W', and SPECSYS to 'BARYCENT' (VELREF=2)'. [astropy.wcs.wcs]
WARNING: FITSFixedWarning: 'datfix' made the change 'Set MJD-OBS to 53122.000000 from DATE-OBS'. [astropy.wcs.wcs]
WARNING: FITSFixedWarning: 'spcfix' made the change 'Changed CTYPE4 from 'FELO-HEL' to 'VOPT-F2W', and SPECSYS to 'BARYCENT' (VELREF=2)'. [astropy.wcs.wcs]
WARNING: FITSFixedWarning: 'datfix' made the change 'Set MJD-OBS to 53122.000000 from DATE-OBS'. [astropy.wcs.wcs]
WARNING: FITSFixedWarning: 'spcfix' made the change 'Changed CTYPE4 from 'FELO-HEL' to 'VOPT-F2W', and SPECSYS to 'BARYCENT' (VELREF=2)'. [astropy.wcs.wcs]
Source and motion NGC2903: 123 common pairs
WARNING: FITSFixedWarning: 'datfix' made the change 'Set MJD-OBS to 52624.000000 from DATE-OBS'. [astropy.wcs.wcs]
WARNING: FITSFixedWarning: 'spcfix' made the change 'Changed CTYPE4 from 'VELO-HEL' to 'VRAD', and SPECSYS to 'BARYCENT' (VELREF=258)'. [astropy.wcs.wcs]
WARNING: FITSFixedWarning: 'datfix' made the change 'Set MJD-OBS to 52624.000000 from DATE-OBS'. [astropy.wcs.wcs]
WARNING: FITSFixedWarning: 'spcfix' made the change 'Changed CTYPE4 from 'VELO-HEL' to 'VRAD', and SPECSYS to 'BARYCENT' (VELREF=258)'. [astropy.wcs.wcs]
WARNING: FITSFixedWarning: 'datfix' made the change 'Set MJD-OBS to 52624.000000 from DATE-OBS'. [astropy.wcs.wcs]
WARNING: FITSFixedWarning: 'spcfix' made the change 'Changed CTYPE4 from 'VELO-HEL' to 'VRAD', and SPECSYS to 'BARYCENT' (VELREF=258)'. [astropy.wcs.wcs]
WARNING: FITSFixedWarning: 'datfix' made the change 'Set MJD-OBS to 52624.000000 from DATE-OBS'. [astropy.wcs.wcs]
WARNING: FITSFixedWarning: 'spcfix' made the change 'Changed CTYPE4 from 'VELO-HEL' to 'VRAD', and SPECSYS to 'BARYCENT' (VELREF=258)'. [astropy.wcs.wcs]
WARNING: FITSFixedWarning: 'datfix' made the change 'Set MJD-OBS to 52624.000000 from DATE-OBS'. [astropy.wcs.wcs]
WARNING: FITSFixedWarning: 'spcfix' made the change 'Changed CTYPE4 from 'VELO-HEL' to 'VRAD', and SPECSYS to 'BARYCENT' (VELREF=258)'. [astropy.wcs.wcs]
WARNING: FITSFixedWarning: 'datfix' made the change 'Set MJD-OBS to 52624.000000 from DATE-OBS'. [astropy.wcs.wcs]
WARNING: FITSFixedWarning: 'spcfix' made the change 'Changed CTYPE4 from 'VELO-HEL' to 'VRAD', and SPECSYS to 'BARYCENT' (VELREF=258)'. [astropy.wcs.wcs]
WARNING: FITSFixedWarning: 'datfix' made the change 'Set MJD-OBS to 52624.000000 from DATE-OBS'. [astropy.wcs.wcs]
WARNING: FITSFixedWarning: 'spcfix' made the change 'Changed CTYPE4 from 'VELO-HEL' to 'VRAD', and SPECSYS to 'BARYCENT' (VELREF=258)'. [astropy.wcs.wcs]
WARNING: FITSFixedWarning: 'datfix' made the change 'Set MJD-OBS to 52624.000000 from DATE-OBS'. [astropy.wcs.wcs]
WARNING: FITSFixedWarning: 'spcfix' made the change 'Changed CTYPE4 from 'VELO-HEL' to 'VRAD', and SPECSYS to 'BARYCENT' (VELREF=258)'. [astropy.wcs.wcs]
WARNING: FITSFixedWarning: 'datfix' made the change 'Set MJD-OBS to 52624.000000 from DATE-OBS'. [astropy.wcs.wcs]
WARNING: FITSFixedWarning: 'spcfix' made the change 'Changed CTYPE4 from 'VELO-HEL' to 'VRAD', and SPECSYS to 'BARYCENT' (VELREF=258)'. [astropy.wcs.wcs]
WARNING: FITSFixedWarning: 'datfix' made the change 'Set MJD-OBS to 52624.000000 from DATE-OBS'. [astropy.wcs.wcs]
WARNING: FITSFixedWarning: 'spcfix' made the change 'Changed CTYPE4 from 'VELO-HEL' to 'VRAD', and SPECSYS to 'BARYCENT' (VELREF=258)'. [astropy.wcs.wcs]
WARNING: FITSFixedWarning: 'datfix' made the change 'Set MJD-OBS to 52624.000000 from DATE-OBS'. [astropy.wcs.wcs]
WARNING: FITSFixedWarning: 'spcfix' made the change 'Changed CTYPE4 from 'VELO-HEL' to 'VRAD', and SPECSYS to 'BARYCENT' (VELREF=258)'. [astropy.wcs.wcs]
WARNING: FITSFixedWarning: 'datfix' made the change 'Set MJD-OBS to 52624.000000 from DATE-OBS'. [astropy.wcs.wcs]
WARNING: FITSFixedWarning: 'spcfix' made the change 'Changed CTYPE4 from 'VELO-HEL' to 'VRAD', and SPECSYS to 'BARYCENT' (VELREF=258)'. [astropy.wcs.wcs]
WARNING: FITSFixedWarning: 'datfix' made the change 'Set MJD-OBS to 52624.000000 from DATE-OBS'. [astropy.wcs.wcs]
WARNING: FITSFixedWarning: 'spcfix' made the change 'Changed CTYPE4 from 'VELO-HEL' to 'VRAD', and SPECSYS to 'BARYCENT' (VELREF=258)'. [astropy.wcs.wcs]
WARNING: FITSFixedWarning: 'datfix' made the change 'Set MJD-OBS to 52624.000000 from DATE-OBS'. [astropy.wcs.wcs]
WARNING: FITSFixedWarning: 'spcfix' made the change 'Changed CTYPE4 from 'VELO-HEL' to 'VRAD', and SPECSYS to 'BARYCENT' (VELREF=258)'. [astropy.wcs.wcs]
WARNING: FITSFixedWarning: 'datfix' made the change 'Set MJD-OBS to 52624.000000 from DATE-OBS'. [astropy.wcs.wcs]
WARNING: FITSFixedWarning: 'spcfix' made the change 'Changed CTYPE4 from 'VELO-HEL' to 'VRAD', and SPECSYS to 'BARYCENT' (VELREF=258)'. [astropy.wcs.wcs]
WARNING: FITSFixedWarning: 'datfix' made the change 'Set MJD-OBS to 52624.000000 from DATE-OBS'. [astropy.wcs.wcs]
WARNING: FITSFixedWarning: 'spcfix' made the change 'Changed CTYPE4 from 'VELO-HEL' to 'VRAD', and SPECSYS to 'BARYCENT' (VELREF=258)'. [astropy.wcs.wcs]
Source and motion NGC2976: 3 common pairs
WARNING: FITSFixedWarning: 'datfix' made the change 'Set MJD-OBS to 52757.000000 from DATE-OBS'. [astropy.wcs.wcs]
WARNING: FITSFixedWarning: 'spcfix' made the change 'Changed CTYPE4 from 'FELO-HEL' to 'VOPT-F2W', and SPECSYS to 'BARYCENT' (VELREF=2)'. [astropy.wcs.wcs]
WARNING: FITSFixedWarning: 'datfix' made the change 'Set MJD-OBS to 52757.000000 from DATE-OBS'. [astropy.wcs.wcs]
WARNING: FITSFixedWarning: 'spcfix' made the change 'Changed CTYPE4 from 'FELO-HEL' to 'VOPT-F2W', and SPECSYS to 'BARYCENT' (VELREF=2)'. [astropy.wcs.wcs]
WARNING: FITSFixedWarning: 'datfix' made the change 'Set MJD-OBS to 52757.000000 from DATE-OBS'. [astropy.wcs.wcs]
WARNING: FITSFixedWarning: 'spcfix' made the change 'Changed CTYPE4 from 'FELO-HEL' to 'VOPT-F2W', and SPECSYS to 'BARYCENT' (VELREF=2)'. [astropy.wcs.wcs]
WARNING: FITSFixedWarning: 'datfix' made the change 'Set MJD-OBS to 52757.000000 from DATE-OBS'. [astropy.wcs.wcs]
WARNING: FITSFixedWarning: 'spcfix' made the change 'Changed CTYPE4 from 'FELO-HEL' to 'VOPT-F2W', and SPECSYS to 'BARYCENT' (VELREF=2)'. [astropy.wcs.wcs]
WARNING: FITSFixedWarning: 'datfix' made the change 'Set MJD-OBS to 52757.000000 from DATE-OBS'. [astropy.wcs.wcs]
WARNING: FITSFixedWarning: 'spcfix' made the change 'Changed CTYPE4 from 'FELO-HEL' to 'VOPT-F2W', and SPECSYS to 'BARYCENT' (VELREF=2)'. [astropy.wcs.wcs]
WARNING: FITSFixedWarning: 'datfix' made the change 'Set MJD-OBS to 52757.000000 from DATE-OBS'. [astropy.wcs.wcs]
WARNING: FITSFixedWarning: 'spcfix' made the change 'Changed CTYPE4 from 'FELO-HEL' to 'VOPT-F2W', and SPECSYS to 'BARYCENT' (VELREF=2)'. [astropy.wcs.wcs]
WARNING: FITSFixedWarning: 'datfix' made the change 'Set MJD-OBS to 52757.000000 from DATE-OBS'. [astropy.wcs.wcs]
WARNING: FITSFixedWarning: 'spcfix' made the change 'Changed CTYPE4 from 'FELO-HEL' to 'VOPT-F2W', and SPECSYS to 'BARYCENT' (VELREF=2)'. [astropy.wcs.wcs]
WARNING: FITSFixedWarning: 'datfix' made the change 'Set MJD-OBS to 52757.000000 from DATE-OBS'. [astropy.wcs.wcs]
WARNING: FITSFixedWarning: 'spcfix' made the change 'Changed CTYPE4 from 'FELO-HEL' to 'VOPT-F2W', and SPECSYS to 'BARYCENT' (VELREF=2)'. [astropy.wcs.wcs]
WARNING: FITSFixedWarning: 'datfix' made the change 'Set MJD-OBS to 52757.000000 from DATE-OBS'. [astropy.wcs.wcs]
WARNING: FITSFixedWarning: 'spcfix' made the change 'Changed CTYPE4 from 'FELO-HEL' to 'VOPT-F2W', and SPECSYS to 'BARYCENT' (VELREF=2)'. [astropy.wcs.wcs]
WARNING: FITSFixedWarning: 'datfix' made the change 'Set MJD-OBS to 52757.000000 from DATE-OBS'. [astropy.wcs.wcs]
WARNING: FITSFixedWarning: 'spcfix' made the change 'Changed CTYPE4 from 'FELO-HEL' to 'VOPT-F2W', and SPECSYS to 'BARYCENT' (VELREF=2)'. [astropy.wcs.wcs]
WARNING: FITSFixedWarning: 'datfix' made the change 'Set MJD-OBS to 52757.000000 from DATE-OBS'. [astropy.wcs.wcs]
WARNING: FITSFixedWarning: 'spcfix' made the change 'Changed CTYPE4 from 'FELO-HEL' to 'VOPT-F2W', and SPECSYS to 'BARYCENT' (VELREF=2)'. [astropy.wcs.wcs]
WARNING: FITSFixedWarning: 'datfix' made the change 'Set MJD-OBS to 52757.000000 from DATE-OBS'. [astropy.wcs.wcs]
WARNING: FITSFixedWarning: 'spcfix' made the change 'Changed CTYPE4 from 'FELO-HEL' to 'VOPT-F2W', and SPECSYS to 'BARYCENT' (VELREF=2)'. [astropy.wcs.wcs]
WARNING: FITSFixedWarning: 'datfix' made the change 'Set MJD-OBS to 52757.000000 from DATE-OBS'. [astropy.wcs.wcs]
WARNING: FITSFixedWarning: 'spcfix' made the change 'Changed CTYPE4 from 'FELO-HEL' to 'VOPT-F2W', and SPECSYS to 'BARYCENT' (VELREF=2)'. [astropy.wcs.wcs]
WARNING: FITSFixedWarning: 'datfix' made the change 'Set MJD-OBS to 52757.000000 from DATE-OBS'. [astropy.wcs.wcs]
WARNING: FITSFixedWarning: 'spcfix' made the change 'Changed CTYPE4 from 'FELO-HEL' to 'VOPT-F2W', and SPECSYS to 'BARYCENT' (VELREF=2)'. [astropy.wcs.wcs]
WARNING: FITSFixedWarning: 'datfix' made the change 'Set MJD-OBS to 52757.000000 from DATE-OBS'. [astropy.wcs.wcs]
WARNING: FITSFixedWarning: 'spcfix' made the change 'Changed CTYPE4 from 'FELO-HEL' to 'VOPT-F2W', and SPECSYS to 'BARYCENT' (VELREF=2)'. [astropy.wcs.wcs]
WARNING: FITSFixedWarning: 'datfix' made the change 'Set MJD-OBS to 52757.000000 from DATE-OBS'. [astropy.wcs.wcs]
WARNING: FITSFixedWarning: 'spcfix' made the change 'Changed CTYPE4 from 'FELO-HEL' to 'VOPT-F2W', and SPECSYS to 'BARYCENT' (VELREF=2)'. [astropy.wcs.wcs]
Source and motion NGC3198: 44 common pairs
WARNING: FITSFixedWarning: 'datfix' made the change 'Set MJD-OBS to 53068.000000 from DATE-OBS'. [astropy.wcs.wcs]
WARNING: FITSFixedWarning: 'spcfix' made the change 'Changed SPECSYS to 'BARYCENT''. [astropy.wcs.wcs]
WARNING: FITSFixedWarning: 'datfix' made the change 'Set MJD-OBS to 53068.000000 from DATE-OBS'. [astropy.wcs.wcs]
WARNING: FITSFixedWarning: 'spcfix' made the change 'Changed SPECSYS to 'BARYCENT''. [astropy.wcs.wcs]
WARNING: FITSFixedWarning: 'datfix' made the change 'Set MJD-OBS to 53068.000000 from DATE-OBS'. [astropy.wcs.wcs]
WARNING: FITSFixedWarning: 'spcfix' made the change 'Changed SPECSYS to 'BARYCENT''. [astropy.wcs.wcs]
WARNING: FITSFixedWarning: 'datfix' made the change 'Set MJD-OBS to 53068.000000 from DATE-OBS'. [astropy.wcs.wcs]
WARNING: FITSFixedWarning: 'spcfix' made the change 'Changed SPECSYS to 'BARYCENT''. [astropy.wcs.wcs]
WARNING: FITSFixedWarning: 'datfix' made the change 'Set MJD-OBS to 53068.000000 from DATE-OBS'. [astropy.wcs.wcs]
WARNING: FITSFixedWarning: 'spcfix' made the change 'Changed SPECSYS to 'BARYCENT''. [astropy.wcs.wcs]
WARNING: FITSFixedWarning: 'datfix' made the change 'Set MJD-OBS to 53068.000000 from DATE-OBS'. [astropy.wcs.wcs]
WARNING: FITSFixedWarning: 'spcfix' made the change 'Changed SPECSYS to 'BARYCENT''. [astropy.wcs.wcs]
WARNING: FITSFixedWarning: 'datfix' made the change 'Set MJD-OBS to 53068.000000 from DATE-OBS'. [astropy.wcs.wcs]
WARNING: FITSFixedWarning: 'spcfix' made the change 'Changed SPECSYS to 'BARYCENT''. [astropy.wcs.wcs]
WARNING: FITSFixedWarning: 'datfix' made the change 'Set MJD-OBS to 53068.000000 from DATE-OBS'. [astropy.wcs.wcs]
WARNING: FITSFixedWarning: 'spcfix' made the change 'Changed SPECSYS to 'BARYCENT''. [astropy.wcs.wcs]
WARNING: FITSFixedWarning: 'datfix' made the change 'Set MJD-OBS to 53068.000000 from DATE-OBS'. [astropy.wcs.wcs]
WARNING: FITSFixedWarning: 'spcfix' made the change 'Changed SPECSYS to 'BARYCENT''. [astropy.wcs.wcs]
WARNING: FITSFixedWarning: 'datfix' made the change 'Set MJD-OBS to 53068.000000 from DATE-OBS'. [astropy.wcs.wcs]
WARNING: FITSFixedWarning: 'spcfix' made the change 'Changed SPECSYS to 'BARYCENT''. [astropy.wcs.wcs]
WARNING: FITSFixedWarning: 'datfix' made the change 'Set MJD-OBS to 53068.000000 from DATE-OBS'. [astropy.wcs.wcs]
WARNING: FITSFixedWarning: 'spcfix' made the change 'Changed SPECSYS to 'BARYCENT''. [astropy.wcs.wcs]
WARNING: FITSFixedWarning: 'datfix' made the change 'Set MJD-OBS to 53068.000000 from DATE-OBS'. [astropy.wcs.wcs]
WARNING: FITSFixedWarning: 'spcfix' made the change 'Changed SPECSYS to 'BARYCENT''. [astropy.wcs.wcs]
WARNING: FITSFixedWarning: 'datfix' made the change 'Set MJD-OBS to 53068.000000 from DATE-OBS'. [astropy.wcs.wcs]
WARNING: FITSFixedWarning: 'spcfix' made the change 'Changed SPECSYS to 'BARYCENT''. [astropy.wcs.wcs]
WARNING: FITSFixedWarning: 'datfix' made the change 'Set MJD-OBS to 53068.000000 from DATE-OBS'. [astropy.wcs.wcs]
WARNING: FITSFixedWarning: 'spcfix' made the change 'Changed SPECSYS to 'BARYCENT''. [astropy.wcs.wcs]
WARNING: FITSFixedWarning: 'datfix' made the change 'Set MJD-OBS to 53068.000000 from DATE-OBS'. [astropy.wcs.wcs]
WARNING: FITSFixedWarning: 'spcfix' made the change 'Changed SPECSYS to 'BARYCENT''. [astropy.wcs.wcs]
WARNING: FITSFixedWarning: 'datfix' made the change 'Set MJD-OBS to 53068.000000 from DATE-OBS'. [astropy.wcs.wcs]
WARNING: FITSFixedWarning: 'spcfix' made the change 'Changed SPECSYS to 'BARYCENT''. [astropy.wcs.wcs]
Source and motion NGC3521: 64 common pairs
WARNING: FITSFixedWarning: 'datfix' made the change 'Set MJD-OBS to 49379.000000 from DATE-OBS'. [astropy.wcs.wcs]
WARNING: FITSFixedWarning: 'spcfix' made the change 'Changed SPECSYS to 'BARYCENT''. [astropy.wcs.wcs]
WARNING: FITSFixedWarning: 'datfix' made the change 'Set MJD-OBS to 49379.000000 from DATE-OBS'. [astropy.wcs.wcs]
WARNING: FITSFixedWarning: 'spcfix' made the change 'Changed SPECSYS to 'BARYCENT''. [astropy.wcs.wcs]
WARNING: FITSFixedWarning: 'datfix' made the change 'Set MJD-OBS to 49379.000000 from DATE-OBS'. [astropy.wcs.wcs]
WARNING: FITSFixedWarning: 'spcfix' made the change 'Changed SPECSYS to 'BARYCENT''. [astropy.wcs.wcs]
WARNING: FITSFixedWarning: 'datfix' made the change 'Set MJD-OBS to 49379.000000 from DATE-OBS'. [astropy.wcs.wcs]
WARNING: FITSFixedWarning: 'spcfix' made the change 'Changed SPECSYS to 'BARYCENT''. [astropy.wcs.wcs]
WARNING: FITSFixedWarning: 'datfix' made the change 'Set MJD-OBS to 49379.000000 from DATE-OBS'. [astropy.wcs.wcs]
WARNING: FITSFixedWarning: 'spcfix' made the change 'Changed SPECSYS to 'BARYCENT''. [astropy.wcs.wcs]
WARNING: FITSFixedWarning: 'datfix' made the change 'Set MJD-OBS to 49379.000000 from DATE-OBS'. [astropy.wcs.wcs]
WARNING: FITSFixedWarning: 'spcfix' made the change 'Changed SPECSYS to 'BARYCENT''. [astropy.wcs.wcs]
WARNING: FITSFixedWarning: 'datfix' made the change 'Set MJD-OBS to 49379.000000 from DATE-OBS'. [astropy.wcs.wcs]
WARNING: FITSFixedWarning: 'spcfix' made the change 'Changed SPECSYS to 'BARYCENT''. [astropy.wcs.wcs]
WARNING: FITSFixedWarning: 'datfix' made the change 'Set MJD-OBS to 49379.000000 from DATE-OBS'. [astropy.wcs.wcs]
WARNING: FITSFixedWarning: 'spcfix' made the change 'Changed SPECSYS to 'BARYCENT''. [astropy.wcs.wcs]
WARNING: FITSFixedWarning: 'datfix' made the change 'Set MJD-OBS to 49379.000000 from DATE-OBS'. [astropy.wcs.wcs]
WARNING: FITSFixedWarning: 'spcfix' made the change 'Changed SPECSYS to 'BARYCENT''. [astropy.wcs.wcs]
WARNING: FITSFixedWarning: 'datfix' made the change 'Set MJD-OBS to 49379.000000 from DATE-OBS'. [astropy.wcs.wcs]
WARNING: FITSFixedWarning: 'spcfix' made the change 'Changed SPECSYS to 'BARYCENT''. [astropy.wcs.wcs]
WARNING: FITSFixedWarning: 'datfix' made the change 'Set MJD-OBS to 49379.000000 from DATE-OBS'. [astropy.wcs.wcs]
WARNING: FITSFixedWarning: 'spcfix' made the change 'Changed SPECSYS to 'BARYCENT''. [astropy.wcs.wcs]
WARNING: FITSFixedWarning: 'datfix' made the change 'Set MJD-OBS to 49379.000000 from DATE-OBS'. [astropy.wcs.wcs]
WARNING: FITSFixedWarning: 'spcfix' made the change 'Changed SPECSYS to 'BARYCENT''. [astropy.wcs.wcs]
WARNING: FITSFixedWarning: 'datfix' made the change 'Set MJD-OBS to 49379.000000 from DATE-OBS'. [astropy.wcs.wcs]
WARNING: FITSFixedWarning: 'spcfix' made the change 'Changed SPECSYS to 'BARYCENT''. [astropy.wcs.wcs]
WARNING: FITSFixedWarning: 'datfix' made the change 'Set MJD-OBS to 49379.000000 from DATE-OBS'. [astropy.wcs.wcs]
WARNING: FITSFixedWarning: 'spcfix' made the change 'Changed SPECSYS to 'BARYCENT''. [astropy.wcs.wcs]
WARNING: FITSFixedWarning: 'datfix' made the change 'Set MJD-OBS to 49379.000000 from DATE-OBS'. [astropy.wcs.wcs]
WARNING: FITSFixedWarning: 'spcfix' made the change 'Changed SPECSYS to 'BARYCENT''. [astropy.wcs.wcs]
WARNING: FITSFixedWarning: 'datfix' made the change 'Set MJD-OBS to 49379.000000 from DATE-OBS'. [astropy.wcs.wcs]
WARNING: FITSFixedWarning: 'spcfix' made the change 'Changed SPECSYS to 'BARYCENT''. [astropy.wcs.wcs]
Source and motion NGC4214: 120 common pairs
WARNING: FITSFixedWarning: 'datfix' made the change 'Set MJD-OBS to 53009.000000 from DATE-OBS'. [astropy.wcs.wcs]
WARNING: FITSFixedWarning: 'spcfix' made the change 'Changed SPECSYS to 'BARYCENT''. [astropy.wcs.wcs]
WARNING: FITSFixedWarning: 'datfix' made the change 'Set MJD-OBS to 53009.000000 from DATE-OBS'. [astropy.wcs.wcs]
WARNING: FITSFixedWarning: 'spcfix' made the change 'Changed SPECSYS to 'BARYCENT''. [astropy.wcs.wcs]
WARNING: FITSFixedWarning: 'datfix' made the change 'Set MJD-OBS to 53009.000000 from DATE-OBS'. [astropy.wcs.wcs]
WARNING: FITSFixedWarning: 'spcfix' made the change 'Changed SPECSYS to 'BARYCENT''. [astropy.wcs.wcs]
WARNING: FITSFixedWarning: 'datfix' made the change 'Set MJD-OBS to 53009.000000 from DATE-OBS'. [astropy.wcs.wcs]
WARNING: FITSFixedWarning: 'spcfix' made the change 'Changed SPECSYS to 'BARYCENT''. [astropy.wcs.wcs]
WARNING: FITSFixedWarning: 'datfix' made the change 'Set MJD-OBS to 53009.000000 from DATE-OBS'. [astropy.wcs.wcs]
WARNING: FITSFixedWarning: 'spcfix' made the change 'Changed SPECSYS to 'BARYCENT''. [astropy.wcs.wcs]
WARNING: FITSFixedWarning: 'datfix' made the change 'Set MJD-OBS to 53009.000000 from DATE-OBS'. [astropy.wcs.wcs]
WARNING: FITSFixedWarning: 'spcfix' made the change 'Changed SPECSYS to 'BARYCENT''. [astropy.wcs.wcs]
WARNING: FITSFixedWarning: 'datfix' made the change 'Set MJD-OBS to 53009.000000 from DATE-OBS'. [astropy.wcs.wcs]
WARNING: FITSFixedWarning: 'spcfix' made the change 'Changed SPECSYS to 'BARYCENT''. [astropy.wcs.wcs]
WARNING: FITSFixedWarning: 'datfix' made the change 'Set MJD-OBS to 53009.000000 from DATE-OBS'. [astropy.wcs.wcs]
WARNING: FITSFixedWarning: 'spcfix' made the change 'Changed SPECSYS to 'BARYCENT''. [astropy.wcs.wcs]
WARNING: FITSFixedWarning: 'datfix' made the change 'Set MJD-OBS to 53009.000000 from DATE-OBS'. [astropy.wcs.wcs]
WARNING: FITSFixedWarning: 'spcfix' made the change 'Changed SPECSYS to 'BARYCENT''. [astropy.wcs.wcs]
WARNING: FITSFixedWarning: 'datfix' made the change 'Set MJD-OBS to 53009.000000 from DATE-OBS'. [astropy.wcs.wcs]
WARNING: FITSFixedWarning: 'spcfix' made the change 'Changed SPECSYS to 'BARYCENT''. [astropy.wcs.wcs]
WARNING: FITSFixedWarning: 'datfix' made the change 'Set MJD-OBS to 53009.000000 from DATE-OBS'. [astropy.wcs.wcs]
WARNING: FITSFixedWarning: 'spcfix' made the change 'Changed SPECSYS to 'BARYCENT''. [astropy.wcs.wcs]
WARNING: FITSFixedWarning: 'datfix' made the change 'Set MJD-OBS to 53009.000000 from DATE-OBS'. [astropy.wcs.wcs]
WARNING: FITSFixedWarning: 'spcfix' made the change 'Changed SPECSYS to 'BARYCENT''. [astropy.wcs.wcs]
WARNING: FITSFixedWarning: 'datfix' made the change 'Set MJD-OBS to 53009.000000 from DATE-OBS'. [astropy.wcs.wcs]
WARNING: FITSFixedWarning: 'spcfix' made the change 'Changed SPECSYS to 'BARYCENT''. [astropy.wcs.wcs]
WARNING: FITSFixedWarning: 'datfix' made the change 'Set MJD-OBS to 53009.000000 from DATE-OBS'. [astropy.wcs.wcs]
WARNING: FITSFixedWarning: 'spcfix' made the change 'Changed SPECSYS to 'BARYCENT''. [astropy.wcs.wcs]
WARNING: FITSFixedWarning: 'datfix' made the change 'Set MJD-OBS to 53009.000000 from DATE-OBS'. [astropy.wcs.wcs]
WARNING: FITSFixedWarning: 'spcfix' made the change 'Changed SPECSYS to 'BARYCENT''. [astropy.wcs.wcs]
WARNING: FITSFixedWarning: 'datfix' made the change 'Set MJD-OBS to 53009.000000 from DATE-OBS'. [astropy.wcs.wcs]
WARNING: FITSFixedWarning: 'spcfix' made the change 'Changed SPECSYS to 'BARYCENT''. [astropy.wcs.wcs]
Source and motion NGC5055: 170 common pairs
WARNING: FITSFixedWarning: 'datfix' made the change 'Set MJD-OBS to 52198.000000 from DATE-OBS'. [astropy.wcs.wcs]
WARNING: FITSFixedWarning: 'spcfix' made the change 'Changed CTYPE4 from 'FELO-HEL' to 'VOPT-F2W', and SPECSYS to 'BARYCENT' (VELREF=2)'. [astropy.wcs.wcs]
WARNING: FITSFixedWarning: 'datfix' made the change 'Set MJD-OBS to 52198.000000 from DATE-OBS'. [astropy.wcs.wcs]
WARNING: FITSFixedWarning: 'spcfix' made the change 'Changed CTYPE4 from 'FELO-HEL' to 'VOPT-F2W', and SPECSYS to 'BARYCENT' (VELREF=2)'. [astropy.wcs.wcs]
WARNING: FITSFixedWarning: 'datfix' made the change 'Set MJD-OBS to 52198.000000 from DATE-OBS'. [astropy.wcs.wcs]
WARNING: FITSFixedWarning: 'spcfix' made the change 'Changed CTYPE4 from 'FELO-HEL' to 'VOPT-F2W', and SPECSYS to 'BARYCENT' (VELREF=2)'. [astropy.wcs.wcs]
WARNING: FITSFixedWarning: 'datfix' made the change 'Set MJD-OBS to 52198.000000 from DATE-OBS'. [astropy.wcs.wcs]
WARNING: FITSFixedWarning: 'spcfix' made the change 'Changed CTYPE4 from 'FELO-HEL' to 'VOPT-F2W', and SPECSYS to 'BARYCENT' (VELREF=2)'. [astropy.wcs.wcs]
WARNING: FITSFixedWarning: 'datfix' made the change 'Set MJD-OBS to 52198.000000 from DATE-OBS'. [astropy.wcs.wcs]
WARNING: FITSFixedWarning: 'spcfix' made the change 'Changed CTYPE4 from 'FELO-HEL' to 'VOPT-F2W', and SPECSYS to 'BARYCENT' (VELREF=2)'. [astropy.wcs.wcs]
WARNING: FITSFixedWarning: 'datfix' made the change 'Set MJD-OBS to 52198.000000 from DATE-OBS'. [astropy.wcs.wcs]
WARNING: FITSFixedWarning: 'spcfix' made the change 'Changed CTYPE4 from 'FELO-HEL' to 'VOPT-F2W', and SPECSYS to 'BARYCENT' (VELREF=2)'. [astropy.wcs.wcs]
WARNING: FITSFixedWarning: 'datfix' made the change 'Set MJD-OBS to 52198.000000 from DATE-OBS'. [astropy.wcs.wcs]
WARNING: FITSFixedWarning: 'spcfix' made the change 'Changed CTYPE4 from 'FELO-HEL' to 'VOPT-F2W', and SPECSYS to 'BARYCENT' (VELREF=2)'. [astropy.wcs.wcs]
WARNING: FITSFixedWarning: 'datfix' made the change 'Set MJD-OBS to 52198.000000 from DATE-OBS'. [astropy.wcs.wcs]
WARNING: FITSFixedWarning: 'spcfix' made the change 'Changed CTYPE4 from 'FELO-HEL' to 'VOPT-F2W', and SPECSYS to 'BARYCENT' (VELREF=2)'. [astropy.wcs.wcs]
WARNING: FITSFixedWarning: 'datfix' made the change 'Set MJD-OBS to 52198.000000 from DATE-OBS'. [astropy.wcs.wcs]
WARNING: FITSFixedWarning: 'spcfix' made the change 'Changed CTYPE4 from 'FELO-HEL' to 'VOPT-F2W', and SPECSYS to 'BARYCENT' (VELREF=2)'. [astropy.wcs.wcs]
WARNING: FITSFixedWarning: 'datfix' made the change 'Set MJD-OBS to 52198.000000 from DATE-OBS'. [astropy.wcs.wcs]
WARNING: FITSFixedWarning: 'spcfix' made the change 'Changed CTYPE4 from 'FELO-HEL' to 'VOPT-F2W', and SPECSYS to 'BARYCENT' (VELREF=2)'. [astropy.wcs.wcs]
WARNING: FITSFixedWarning: 'datfix' made the change 'Set MJD-OBS to 52198.000000 from DATE-OBS'. [astropy.wcs.wcs]
WARNING: FITSFixedWarning: 'spcfix' made the change 'Changed CTYPE4 from 'FELO-HEL' to 'VOPT-F2W', and SPECSYS to 'BARYCENT' (VELREF=2)'. [astropy.wcs.wcs]
WARNING: FITSFixedWarning: 'datfix' made the change 'Set MJD-OBS to 52198.000000 from DATE-OBS'. [astropy.wcs.wcs]
WARNING: FITSFixedWarning: 'spcfix' made the change 'Changed CTYPE4 from 'FELO-HEL' to 'VOPT-F2W', and SPECSYS to 'BARYCENT' (VELREF=2)'. [astropy.wcs.wcs]
WARNING: FITSFixedWarning: 'datfix' made the change 'Set MJD-OBS to 52198.000000 from DATE-OBS'. [astropy.wcs.wcs]
WARNING: FITSFixedWarning: 'spcfix' made the change 'Changed CTYPE4 from 'FELO-HEL' to 'VOPT-F2W', and SPECSYS to 'BARYCENT' (VELREF=2)'. [astropy.wcs.wcs]
WARNING: FITSFixedWarning: 'datfix' made the change 'Set MJD-OBS to 52198.000000 from DATE-OBS'. [astropy.wcs.wcs]
WARNING: FITSFixedWarning: 'spcfix' made the change 'Changed CTYPE4 from 'FELO-HEL' to 'VOPT-F2W', and SPECSYS to 'BARYCENT' (VELREF=2)'. [astropy.wcs.wcs]
WARNING: FITSFixedWarning: 'datfix' made the change 'Set MJD-OBS to 52198.000000 from DATE-OBS'. [astropy.wcs.wcs]
WARNING: FITSFixedWarning: 'spcfix' made the change 'Changed CTYPE4 from 'FELO-HEL' to 'VOPT-F2W', and SPECSYS to 'BARYCENT' (VELREF=2)'. [astropy.wcs.wcs]
WARNING: FITSFixedWarning: 'datfix' made the change 'Set MJD-OBS to 52198.000000 from DATE-OBS'. [astropy.wcs.wcs]
WARNING: FITSFixedWarning: 'spcfix' made the change 'Changed CTYPE4 from 'FELO-HEL' to 'VOPT-F2W', and SPECSYS to 'BARYCENT' (VELREF=2)'. [astropy.wcs.wcs]
Source and motion NGC6946: 77 common pairs
WARNING: FITSFixedWarning: 'datfix' made the change 'Set MJD-OBS to 52932.000000 from DATE-OBS'. [astropy.wcs.wcs]
WARNING: FITSFixedWarning: 'spcfix' made the change 'Changed SPECSYS to 'BARYCENT''. [astropy.wcs.wcs]
WARNING: FITSFixedWarning: 'datfix' made the change 'Set MJD-OBS to 52932.000000 from DATE-OBS'. [astropy.wcs.wcs]
WARNING: FITSFixedWarning: 'spcfix' made the change 'Changed SPECSYS to 'BARYCENT''. [astropy.wcs.wcs]
WARNING: FITSFixedWarning: 'datfix' made the change 'Set MJD-OBS to 52932.000000 from DATE-OBS'. [astropy.wcs.wcs]
WARNING: FITSFixedWarning: 'spcfix' made the change 'Changed SPECSYS to 'BARYCENT''. [astropy.wcs.wcs]
WARNING: FITSFixedWarning: 'datfix' made the change 'Set MJD-OBS to 52932.000000 from DATE-OBS'. [astropy.wcs.wcs]
WARNING: FITSFixedWarning: 'spcfix' made the change 'Changed SPECSYS to 'BARYCENT''. [astropy.wcs.wcs]
WARNING: FITSFixedWarning: 'datfix' made the change 'Set MJD-OBS to 52932.000000 from DATE-OBS'. [astropy.wcs.wcs]
WARNING: FITSFixedWarning: 'spcfix' made the change 'Changed SPECSYS to 'BARYCENT''. [astropy.wcs.wcs]
WARNING: FITSFixedWarning: 'datfix' made the change 'Set MJD-OBS to 52932.000000 from DATE-OBS'. [astropy.wcs.wcs]
WARNING: FITSFixedWarning: 'spcfix' made the change 'Changed SPECSYS to 'BARYCENT''. [astropy.wcs.wcs]
WARNING: FITSFixedWarning: 'datfix' made the change 'Set MJD-OBS to 52932.000000 from DATE-OBS'. [astropy.wcs.wcs]
WARNING: FITSFixedWarning: 'spcfix' made the change 'Changed SPECSYS to 'BARYCENT''. [astropy.wcs.wcs]
WARNING: FITSFixedWarning: 'datfix' made the change 'Set MJD-OBS to 52932.000000 from DATE-OBS'. [astropy.wcs.wcs]
WARNING: FITSFixedWarning: 'spcfix' made the change 'Changed SPECSYS to 'BARYCENT''. [astropy.wcs.wcs]
WARNING: FITSFixedWarning: 'datfix' made the change 'Set MJD-OBS to 52932.000000 from DATE-OBS'. [astropy.wcs.wcs]
WARNING: FITSFixedWarning: 'spcfix' made the change 'Changed SPECSYS to 'BARYCENT''. [astropy.wcs.wcs]
WARNING: FITSFixedWarning: 'datfix' made the change 'Set MJD-OBS to 52932.000000 from DATE-OBS'. [astropy.wcs.wcs]
WARNING: FITSFixedWarning: 'spcfix' made the change 'Changed SPECSYS to 'BARYCENT''. [astropy.wcs.wcs]
WARNING: FITSFixedWarning: 'datfix' made the change 'Set MJD-OBS to 52932.000000 from DATE-OBS'. [astropy.wcs.wcs]
WARNING: FITSFixedWarning: 'spcfix' made the change 'Changed SPECSYS to 'BARYCENT''. [astropy.wcs.wcs]
WARNING: FITSFixedWarning: 'datfix' made the change 'Set MJD-OBS to 52932.000000 from DATE-OBS'. [astropy.wcs.wcs]
WARNING: FITSFixedWarning: 'spcfix' made the change 'Changed SPECSYS to 'BARYCENT''. [astropy.wcs.wcs]
WARNING: FITSFixedWarning: 'datfix' made the change 'Set MJD-OBS to 52932.000000 from DATE-OBS'. [astropy.wcs.wcs]
WARNING: FITSFixedWarning: 'spcfix' made the change 'Changed SPECSYS to 'BARYCENT''. [astropy.wcs.wcs]
WARNING: FITSFixedWarning: 'datfix' made the change 'Set MJD-OBS to 52932.000000 from DATE-OBS'. [astropy.wcs.wcs]
WARNING: FITSFixedWarning: 'spcfix' made the change 'Changed SPECSYS to 'BARYCENT''. [astropy.wcs.wcs]
WARNING: FITSFixedWarning: 'datfix' made the change 'Set MJD-OBS to 52932.000000 from DATE-OBS'. [astropy.wcs.wcs]
WARNING: FITSFixedWarning: 'spcfix' made the change 'Changed SPECSYS to 'BARYCENT''. [astropy.wcs.wcs]
WARNING: FITSFixedWarning: 'datfix' made the change 'Set MJD-OBS to 52932.000000 from DATE-OBS'. [astropy.wcs.wcs]
WARNING: FITSFixedWarning: 'spcfix' made the change 'Changed SPECSYS to 'BARYCENT''. [astropy.wcs.wcs]
Source and motion NGC7331: 0 common pairs
WARNING: FITSFixedWarning: 'datfix' made the change 'Set MJD-OBS to 48322.000000 from DATE-OBS'. [astropy.wcs.wcs]
WARNING: FITSFixedWarning: 'spcfix' made the change 'Changed SPECSYS to 'BARYCENT''. [astropy.wcs.wcs]
WARNING: FITSFixedWarning: 'datfix' made the change 'Set MJD-OBS to 48322.000000 from DATE-OBS'. [astropy.wcs.wcs]
WARNING: FITSFixedWarning: 'spcfix' made the change 'Changed SPECSYS to 'BARYCENT''. [astropy.wcs.wcs]
WARNING: FITSFixedWarning: 'datfix' made the change 'Set MJD-OBS to 48322.000000 from DATE-OBS'. [astropy.wcs.wcs]
WARNING: FITSFixedWarning: 'spcfix' made the change 'Changed SPECSYS to 'BARYCENT''. [astropy.wcs.wcs]
WARNING: FITSFixedWarning: 'datfix' made the change 'Set MJD-OBS to 48322.000000 from DATE-OBS'. [astropy.wcs.wcs]
WARNING: FITSFixedWarning: 'spcfix' made the change 'Changed SPECSYS to 'BARYCENT''. [astropy.wcs.wcs]
WARNING: FITSFixedWarning: 'datfix' made the change 'Set MJD-OBS to 48322.000000 from DATE-OBS'. [astropy.wcs.wcs]
WARNING: FITSFixedWarning: 'spcfix' made the change 'Changed SPECSYS to 'BARYCENT''. [astropy.wcs.wcs]
WARNING: FITSFixedWarning: 'datfix' made the change 'Set MJD-OBS to 48322.000000 from DATE-OBS'. [astropy.wcs.wcs]
WARNING: FITSFixedWarning: 'spcfix' made the change 'Changed SPECSYS to 'BARYCENT''. [astropy.wcs.wcs]
WARNING: FITSFixedWarning: 'datfix' made the change 'Set MJD-OBS to 48322.000000 from DATE-OBS'. [astropy.wcs.wcs]
WARNING: FITSFixedWarning: 'spcfix' made the change 'Changed SPECSYS to 'BARYCENT''. [astropy.wcs.wcs]
WARNING: FITSFixedWarning: 'datfix' made the change 'Set MJD-OBS to 48322.000000 from DATE-OBS'. [astropy.wcs.wcs]
WARNING: FITSFixedWarning: 'spcfix' made the change 'Changed SPECSYS to 'BARYCENT''. [astropy.wcs.wcs]
WARNING: FITSFixedWarning: 'datfix' made the change 'Set MJD-OBS to 48322.000000 from DATE-OBS'. [astropy.wcs.wcs]
WARNING: FITSFixedWarning: 'spcfix' made the change 'Changed SPECSYS to 'BARYCENT''. [astropy.wcs.wcs]
WARNING: FITSFixedWarning: 'datfix' made the change 'Set MJD-OBS to 48322.000000 from DATE-OBS'. [astropy.wcs.wcs]
WARNING: FITSFixedWarning: 'spcfix' made the change 'Changed SPECSYS to 'BARYCENT''. [astropy.wcs.wcs]
WARNING: FITSFixedWarning: 'datfix' made the change 'Set MJD-OBS to 48322.000000 from DATE-OBS'. [astropy.wcs.wcs]
WARNING: FITSFixedWarning: 'spcfix' made the change 'Changed SPECSYS to 'BARYCENT''. [astropy.wcs.wcs]
WARNING: FITSFixedWarning: 'datfix' made the change 'Set MJD-OBS to 48322.000000 from DATE-OBS'. [astropy.wcs.wcs]
WARNING: FITSFixedWarning: 'spcfix' made the change 'Changed SPECSYS to 'BARYCENT''. [astropy.wcs.wcs]
WARNING: FITSFixedWarning: 'datfix' made the change 'Set MJD-OBS to 48322.000000 from DATE-OBS'. [astropy.wcs.wcs]
WARNING: FITSFixedWarning: 'spcfix' made the change 'Changed SPECSYS to 'BARYCENT''. [astropy.wcs.wcs]
WARNING: FITSFixedWarning: 'datfix' made the change 'Set MJD-OBS to 48322.000000 from DATE-OBS'. [astropy.wcs.wcs]
WARNING: FITSFixedWarning: 'spcfix' made the change 'Changed SPECSYS to 'BARYCENT''. [astropy.wcs.wcs]
WARNING: FITSFixedWarning: 'datfix' made the change 'Set MJD-OBS to 48322.000000 from DATE-OBS'. [astropy.wcs.wcs]
WARNING: FITSFixedWarning: 'spcfix' made the change 'Changed SPECSYS to 'BARYCENT''. [astropy.wcs.wcs]
WARNING: FITSFixedWarning: 'datfix' made the change 'Set MJD-OBS to 48322.000000 from DATE-OBS'. [astropy.wcs.wcs]
WARNING: FITSFixedWarning: 'spcfix' made the change 'Changed SPECSYS to 'BARYCENT''. [astropy.wcs.wcs]
Source and motion UGC04305: 50 common pairs
NA nominal ridge local: frac -0.059 km -0.369
NA nominal ridge gas_surroundings: frac -0.125 km -0.235
NA nominal trees local: frac 0.025 km -0.591
NA nominal trees gas_surroundings: frac 0.012 km -0.602
NA nominal gpu_rbf_features local: frac -0.235 km -1.576
NA nominal gpu_rbf_features gas_surroundings: frac -0.097 km -0.537
NA lighter_stars ridge local: frac -0.066 km 0.074
NA lighter_stars ridge gas_surroundings: frac -0.146 km 0.064
NA lighter_stars trees local: frac 0.011 km -0.033
NA lighter_stars trees gas_surroundings: frac -0.008 km -0.034
NA lighter_stars gpu_rbf_features local: frac -0.278 km -0.713
NA lighter_stars gpu_rbf_features gas_surroundings: frac -0.082 km -0.006
NA heavier_stars ridge local: frac 0.101 km -0.126
NA heavier_stars ridge gas_surroundings: frac 0.029 km -0.022
NA heavier_stars trees local: frac 0.168 km -0.383
NA heavier_stars trees gas_surroundings: frac 0.139 km -0.389
NA heavier_stars gpu_rbf_features local: frac -0.024 km -1.112
NA heavier_stars gpu_rbf_features gas_surroundings: frac 0.080 km -0.266
NA inclination_minus5 ridge local: frac -0.320 km -0.496
NA inclination_minus5 ridge gas_surroundings: frac -0.417 km -0.338
NA inclination_minus5 trees local: frac -0.265 km -0.687
NA inclination_minus5 trees gas_surroundings: frac -0.395 km -0.835
NA inclination_minus5 gpu_rbf_features local: frac -0.453 km -1.722
NA inclination_minus5 gpu_rbf_features gas_surroundings: frac -0.340 km -0.695
NA inclination_plus5 ridge local: frac 0.201 km -0.105
NA inclination_plus5 ridge gas_surroundings: frac 0.104 km -0.307
NA inclination_plus5 trees local: frac 0.257 km -0.165
NA inclination_plus5 trees gas_surroundings: frac 0.223 km -0.184
NA inclination_plus5 gpu_rbf_features local: frac 0.110 km -0.793
NA inclination_plus5 gpu_rbf_features gas_surroundings: frac 0.196 km -0.197
NA pa_minus5 ridge local: frac -0.062 km -0.250
NA pa_minus5 ridge gas_surroundings: frac -0.216 km -0.462
NA pa_minus5 trees local: frac -0.036 km -0.730
NA pa_minus5 trees gas_surroundings: frac 0.010 km -0.481
NA pa_minus5 gpu_rbf_features local: frac -0.291 km -1.275
NA pa_minus5 gpu_rbf_features gas_surroundings: frac -0.057 km -0.403
NA pa_plus5 ridge local: frac 0.055 km -0.043
NA pa_plus5 ridge gas_surroundings: frac 0.008 km -0.163
NA pa_plus5 trees local: frac 0.017 km -0.397
NA pa_plus5 trees gas_surroundings: frac 0.004 km -0.377
NA pa_plus5 gpu_rbf_features local: frac -0.147 km -0.833
NA pa_plus5 gpu_rbf_features gas_surroundings: frac -0.118 km -0.636
RO nominal ridge local: frac -0.041 km -0.328
RO nominal ridge gas_surroundings: frac -0.083 km -0.232
RO nominal trees local: frac 0.053 km -0.706
RO nominal trees gas_surroundings: frac 0.044 km -0.698
RO nominal gpu_rbf_features local: frac -0.071 km -0.481
RO nominal gpu_rbf_features gas_surroundings: frac -0.092 km -0.470
RO lighter_stars ridge local: frac -0.074 km 0.165
RO lighter_stars ridge gas_surroundings: frac -0.123 km 0.100
RO lighter_stars trees local: frac 0.034 km 0.066
RO lighter_stars trees gas_surroundings: frac -0.024 km -0.064
RO lighter_stars gpu_rbf_features local: frac -0.061 km 0.036
RO lighter_stars gpu_rbf_features gas_surroundings: frac -0.121 km 0.037
RO heavier_stars ridge local: frac 0.129 km -0.082
RO heavier_stars ridge gas_surroundings: frac 0.072 km -0.031
RO heavier_stars trees local: frac 0.199 km -0.452
RO heavier_stars trees gas_surroundings: frac 0.132 km -0.467
RO heavier_stars gpu_rbf_features local: frac 0.076 km -0.256
RO heavier_stars gpu_rbf_features gas_surroundings: frac 0.078 km -0.213
RO inclination_minus5 ridge local: frac -0.272 km -0.243
RO inclination_minus5 ridge gas_surroundings: frac -0.369 km -0.346
RO inclination_minus5 trees local: frac -0.280 km -0.691
RO inclination_minus5 trees gas_surroundings: frac -0.367 km -0.781
RO inclination_minus5 gpu_rbf_features local: frac -0.346 km -0.702
RO inclination_minus5 gpu_rbf_features gas_surroundings: frac -0.372 km -0.670
RO inclination_plus5 ridge local: frac 0.191 km -0.064
RO inclination_plus5 ridge gas_surroundings: frac 0.194 km -0.004
RO inclination_plus5 trees local: frac 0.253 km -0.184
RO inclination_plus5 trees gas_surroundings: frac 0.238 km -0.198
RO inclination_plus5 gpu_rbf_features local: frac 0.230 km -0.119
RO inclination_plus5 gpu_rbf_features gas_surroundings: frac 0.195 km -0.114
RO pa_minus5 ridge local: frac -0.139 km -0.241
RO pa_minus5 ridge gas_surroundings: frac -0.131 km -0.318
RO pa_minus5 trees local: frac -0.058 km -0.666
RO pa_minus5 trees gas_surroundings: frac -0.071 km -0.712
RO pa_minus5 gpu_rbf_features local: frac -0.019 km -0.308
RO pa_minus5 gpu_rbf_features gas_surroundings: frac -0.025 km -0.300
RO pa_plus5 ridge local: frac -0.044 km -0.029
RO pa_plus5 ridge gas_surroundings: frac -0.069 km -0.068
RO pa_plus5 trees local: frac 0.056 km -0.294
RO pa_plus5 trees gas_surroundings: frac 0.036 km -0.282
RO pa_plus5 gpu_rbf_features local: frac -0.104 km -0.323
RO pa_plus5 gpu_rbf_features gas_surroundings: frac -0.092 km -0.275
