{
  "status": "COMPLETE_DEVELOPMENT_DESCRIPTOR_CHECK",
  "skipped": [
    {
      "name": "DDO154",
      "train_pixels": 102,
      "test_pixels": 90,
      "reason": "Coverage or selected-fit convergence gate"
    },
    {
      "name": "NGC2976",
      "train_pixels": 1,
      "test_pixels": 21,
      "reason": "Coverage or selected-fit convergence gate"
    },
    {
      "name": "NGC3521",
      "train_pixels": 81,
      "test_pixels": 55,
      "reason": "Coverage or selected-fit convergence gate"
    },
    {
      "name": "NGC7331",
      "train_pixels": 0,
      "test_pixels": 0,
      "reason": "Coverage or selected-fit convergence gate"
    }
  ],
  "predictions": [
    {
      "name": "IC2574",
      "beta": 0.0,
      "baseline_test_loss": 11.861034393310547,
      "gas_test_loss": 11.861034393310547,
      "fractional_improvement": 0.0
    },
    {
      "name": "NGC2841",
      "beta": 0.0,
      "baseline_test_loss": 2.573092222213745,
      "gas_test_loss": 2.573092222213745,
      "fractional_improvement": 0.0
    },
    {
      "name": "NGC2903",
      "beta": 0.0,
      "baseline_test_loss": 6.600434303283691,
      "gas_test_loss": 6.600434303283691,
      "fractional_improvement": 0.0
    },
    {
      "name": "NGC3198",
      "beta": 0.0,
      "baseline_test_loss": 18.573516845703125,
      "gas_test_loss": 18.573516845703125,
      "fractional_improvement": 0.0
    },
    {
      "name": "NGC4214",
      "beta": 0.0,
      "baseline_test_loss": 8.22658920288086,
      "gas_test_loss": 8.22658920288086,
      "fractional_improvement": 0.0
    },
    {
      "name": "NGC5055",
      "beta": 0.0,
      "baseline_test_loss": 5.039897918701172,
      "gas_test_loss": 5.039897918701172,
      "fractional_improvement": 0.0
    },
    {
      "name": "NGC6946",
      "beta": 0.0,
      "baseline_test_loss": 1.144245982170105,
      "gas_test_loss": 1.144245982170105,
      "fractional_improvement": 0.0
    },
    {
      "name": "UGC04305",
      "beta": 0.0,
      "baseline_test_loss": 3.3066492080688477,
      "gas_test_loss": 3.3066492080688477,
      "fractional_improvement": 0.0
    }
  ],
  "mean_fractional_improvement": 0.0
}
