candidates with a screen that raised: []
candidates missing from the results file: []
D_reciprocity_vs_alpha: [0.0, 0.006645, 0.100588, 0.310177, 0.682239]
reclassified: {'D2_pairs_p05_q1': ['convergent-quadrature', 'catalogue-artefactual'], 'E1_tidal': ['convergent-quadrature', 'catalogue-artefactual'], 'E2_tidal_strong': ['convergent-quadrature', 'catalogue-artefactual']}
  discontinuity C1_wells_pow_p1        N=100 rows: 0.009764   single row: 0.3885
  discontinuity C2_wells_pow_p05       N=100 rows: 0.01097   single row: 0.3885
  discontinuity C3_wells_exp_p1        N=100 rows: 0.01324   single row: 0.3885
  discontinuity C4_wells_gsupp_p1      N=100 rows: 0.009764   single row: 0.3885
  discontinuity C5_wells_pow_p2        N=100 rows: 0.007108   single row: 0.3885
  discontinuity D1_pairs_p1_q1         N=100 rows: 3.708e-05   single row: 0
  discontinuity D2_pairs_p05_q1        N=100 rows: 0.0006337   single row: 0
  discontinuity D3_pairs_p1_q3         N=100 rows: 0.0003241   single row: 0
  discontinuity E1_tidal               N=100 rows: 0.4486   single row: 0.4487
  discontinuity E2_tidal_strong        N=100 rows: 0.8238   single row: 0.8238
  discontinuity X0_newton              N=100 rows: 0   single row: 0
  discontinuity X1_wells_linear        N=100 rows: 0.0319   single row: 0.8543
  discontinuity X2_count_wells         N=100 rows: 0   single row: 0
  discontinuity X3_pairs_linear        N=100 rows: 0.0003947   single row: 0
  discontinuity X4_smooth_density      N=100 rows: 0.0002514   single row: 0
  coherence scaling C1_wells_pow_p1        slope=-0.5489129504848967 -> drift is set by the row list, not by the law's length
  coherence scaling C3_wells_exp_p1        slope=-1.1103151157754652 -> drift is only partly set by the law's length; the directional factor still has no scale of its own
  coherence scaling C5_wells_pow_p2        slope=-0.4828600639648558 -> drift is set by the row list, not by the law's length
  coherence scaling D1_pairs_p1_q1         slope=-0.04502039904208502 -> drift is set by the row list, not by the law's length
  coherence scaling E1_tidal               slope=None -> no free spatial scale to sweep: the law has no length parameter of its own, it reads the field of the rows
  coherence scaling X4_smooth_density      slope=-3.1126703882537776 -> drift is set by the law's own length: a wider kernel buys accuracy at fixed catalogue resolution
  coherence scaling X2_count_wells         slope=0.12406775418471239 -> drift is set by the row list, not by the law's length
wrote screen_results.json
EXIT3=0
