
=== STAGE 2  X0_newton
    G1_point_mass                PASS (44.65s) 
    G2_two_body                  PASS (14.17s) 
    G3_exponential_disk          PASS (13.47s) 
    G4_sphere                    PASS (2.08s) 
    G5_disk_plus_external        PASS (8.08s) 
    G6G7_cluster_subdivision     PASS (7.15s) 
    -> PASS  89.6s

=== STAGE 2  X2_count_wells
    G1_point_mass                PASS (49.66s) 
    G2_two_body                  PASS (14.3s) 
    G3_exponential_disk          PASS (21.62s) 
    G4_sphere                    PASS (2.74s) 
    G5_disk_plus_external        PASS (10.44s) 
    G6G7_cluster_subdivision     PASS (41.33s) 
    -> PASS  140.1s

=== STAGE 2  A1_aqual_simple
    G1_point_mass                PASS (637.12s) 
    G2_two_body                  PASS (141.46s) 
    G3_exponential_disk          PASS (208.47s) 
    G4_sphere                    PASS (12.45s) 
    G5_disk_plus_external        PASS (62.56s) 
    G6G7_cluster_subdivision     PASS (68.77s) 
    -> PASS  1130.82s

=== STAGE 2  A2_qumond_simple
    G1_point_mass                PASS (60.83s) 
    G2_two_body                  PASS (12.05s) 
    G3_exponential_disk          PASS (20.0s) 
    G4_sphere                    PASS (2.14s) 
    G5_disk_plus_external        PASS (6.99s) 
    G6G7_cluster_subdivision     PASS (8.4s) 
    -> PASS  110.41s

=== STAGE 2  B1_depth_mond
    G1_point_mass                PASS (75.86s) 
    G2_two_body                  PASS (15.18s) 
    G3_exponential_disk          PASS (29.24s) 
    G4_sphere                    PASS (2.57s) 
    G5_disk_plus_external        PASS (8.62s) 
    G6G7_cluster_subdivision     PASS (10.06s) 
    -> PASS  141.53s

=== STAGE 2  C1_wells_pow_p1
    G1_point_mass                PASS (54.27s) 
    G2_two_body                  PASS (15.72s) 
    G3_exponential_disk          PASS (21.6s) 
    G4_sphere                    PASS (1.83s) 
    G5_disk_plus_external        PASS (8.47s) 
    G6G7_cluster_subdivision     FAIL (11.78s) 
    -> FAIL  113.66s

=== STAGE 2  C2_wells_pow_p05
    G1_point_mass                PASS (44.87s) 
    G2_two_body                  PASS (12.75s) 
    G3_exponential_disk          PASS (19.76s) 
    G4_sphere                    PASS (2.07s) 
    G5_disk_plus_external        PASS (7.62s) 
    G6G7_cluster_subdivision     FAIL (13.0s) 
    -> FAIL  100.08s

=== STAGE 2  C4_wells_gsupp_p1
    G1_point_mass                PASS (62.14s) 
    G2_two_body                  PASS (16.75s) 
    G3_exponential_disk          PASS (23.23s) 
    G4_sphere                    PASS (2.05s) 
    G5_disk_plus_external        PASS (11.72s) 
    G6G7_cluster_subdivision     FAIL (17.86s) 
    -> FAIL  133.74s

=== STAGE 2  D1_pairs_p1_q1
    G1_point_mass                PASS (34.36s) 
    G2_two_body                  PASS (11.43s) 
    G3_exponential_disk          PASS (25.08s) 
    G4_sphere                    PASS (3.51s) 
    G5_disk_plus_external        PASS (8.99s) 
    G6G7_cluster_subdivision     PASS (21.89s) 
    -> PASS  105.28s

=== STAGE 2  D2_pairs_p05_q1
    G1_point_mass                PASS (39.23s) 
    G2_two_body                  PASS (9.79s) 
    G3_exponential_disk          PASS (17.67s) 
    G4_sphere                    PASS (2.52s) 
    G5_disk_plus_external        PASS (7.83s) 
    G6G7_cluster_subdivision     PASS (19.15s) 
    -> PASS  96.18s

=== STAGE 2  E1_tidal
    G1_point_mass                PASS (39.73s) 
    G2_two_body                  PASS (9.83s) 
    G3_exponential_disk          PASS (15.6s) 
    G4_sphere                    PASS (1.7s) 
    G5_disk_plus_external        PASS (5.9s) 
    G6G7_cluster_subdivision     FAIL (9.07s) 
    -> FAIL  81.83s

wrote stage2_results.json
EXIT2=0
